[2025-12-08 14:02:05.118] [info] Zonation 5 v2.4
[2025-12-08 14:02:05.118] [info] Arguments given: -w --mode=CAZ2 E:/code/cvjv-restoration-modelling/zonation/timeunit-fullyear_spatialunit-landscape-250m_mode-CAZ2/timeunit-fullyear_spatialunit-landscape-250m_mode-CAZ2_settings.z5 E:/code/cvjv-restoration-modelling/zonation/timeunit-fullyear_spatialunit-landscape-250m_mode-CAZ2
[2025-12-08 14:02:05.118] [info] Using 8-bit quantization
[2025-12-08 14:02:05.118] [info] Using 4 threads for computation
[2025-12-08 14:02:05.118] [info] Loading project "E:/code/cvjv-restoration-modelling/zonation/timeunit-fullyear_spatialunit-landscape-250m_mode-CAZ2/timeunit-fullyear_spatialunit-landscape-250m_mode-CAZ2_settings.z5"
[2025-12-08 14:02:05.118] [info] Using setting: feature list file = E:/code/cvjv-restoration-modelling/zonation/timeunit-fullyear_spatialunit-landscape-250m_mode-CAZ2/timeunit-fullyear_spatialunit-landscape-250m_mode-CAZ2_featurelist.txt
[2025-12-08 14:02:05.119] [info] Using default setting: curves output interval = 9.99999975e-05
[2025-12-08 14:02:05.119] [info] Using default setting: max iterations = 500
[2025-12-08 14:02:05.119] [info] Using default setting: mean ranking error threshold = 0.00999999978
[2025-12-08 14:02:05.119] [info] Using default setting: smoothing factor = 0
[2025-12-08 14:02:05.119] [info] Using default setting: stop on plateau = 0
[2025-12-08 14:02:05.119] [info] Using default setting: zero mode = all
[2025-12-08 14:02:05.119] [info] Using default setting: stop after preprocessing = 0
[2025-12-08 14:02:05.119] [info] Using default setting: quantization error warning threshold = 20
[2025-12-08 14:02:05.119] [info] Loading feature layer information from "E:\code\cvjv-restoration-modelling\zonation\timeunit-fullyear_spatialunit-landscape-250m_mode-CAZ2\timeunit-fullyear_spatialunit-landscape-250m_mode-CAZ2_featurelist.txt"
[2025-12-08 14:02:05.143] [info] Validating project
[2025-12-08 14:02:05.176] [info] Reading layer data
[2025-12-08 14:02:05.193] [info] Gathering data statistics
[2025-12-08 14:02:06.572] [info] Map dimensions (width * height): 696*867
[2025-12-08 14:02:06.572] [info] Number of grid cells in map (width * height): 603432
[2025-12-08 14:02:06.572] [info] Number of grid cells in map with data: 40246
[2025-12-08 14:02:06.572] [info] Input feature layer count: 28
[2025-12-08 14:02:06.572] [info] Feature layer count: 28
[2025-12-08 14:02:06.572] [info] Positive weight feature count: 23
[2025-12-08 14:02:06.572] [info] Negative weight feature count: 0
[2025-12-08 14:02:06.572] [info] Zero weight feature count: 5
[2025-12-08 14:02:06.572] [info] Total number of pixels with data across features: 1126888
[2025-12-08 14:02:06.572] [info] Reading feature layers
[2025-12-08 14:02:07.960] [info] Mean feature extent across study area: 100.00%
[2025-12-08 14:02:07.960] [info] Memory usage of feature data: 1.82MB
[2025-12-08 14:02:07.960] [info] Mean quantization error: 0.00119036%
[2025-12-08 14:02:07.960] [info] Time used to read and preprocess layer data: 2s
[2025-12-08 14:02:07.960] [info] Computing priority rank
[2025-12-08 14:02:07.975] [info] Iteration 0, mean ranking error 0.673666%, mean rank change 0.44274%
[2025-12-08 14:02:07.983] [info] Iteration 1, mean ranking error 0.594902%, mean rank change 0.375575%
[2025-12-08 14:02:07.990] [info] Iteration 2, mean ranking error 0.5274%, mean rank change 0.320858%
[2025-12-08 14:02:07.998] [info] Iteration 3, mean ranking error 0.470483%, mean rank change 0.275030%
[2025-12-08 14:02:08.005] [info] Iteration 4, mean ranking error 0.417243%, mean rank change 0.236378%
[2025-12-08 14:02:08.012] [info] Iteration 5, mean ranking error 0.369532%, mean rank change 0.203839%
[2025-12-08 14:02:08.020] [info] Iteration 6, mean ranking error 0.331535%, mean rank change 0.176142%
[2025-12-08 14:02:08.028] [info] Iteration 7, mean ranking error 0.296117%, mean rank change 0.152518%
[2025-12-08 14:02:08.036] [info] Iteration 8, mean ranking error 0.265021%, mean rank change 0.13243%
[2025-12-08 14:02:08.042] [info] Iteration 9, mean ranking error 0.238683%, mean rank change 0.115314%
[2025-12-08 14:02:08.049] [info] Iteration 10, mean ranking error 0.214656%, mean rank change 0.100618%
[2025-12-08 14:02:08.057] [info] Iteration 11, mean ranking error 0.194608%, mean rank change 0.0880616%
[2025-12-08 14:02:08.064] [info] Iteration 12, mean ranking error 0.175731%, mean rank change 0.0772787%
[2025-12-08 14:02:08.073] [info] Iteration 13, mean ranking error 0.158905%, mean rank change 0.0679474%
[2025-12-08 14:02:08.080] [info] Iteration 14, mean ranking error 0.145048%, mean rank change 0.0599326%
[2025-12-08 14:02:08.089] [info] Iteration 15, mean ranking error 0.131889%, mean rank change 0.0529705%
[2025-12-08 14:02:08.097] [info] Iteration 16, mean ranking error 0.119845%, mean rank change 0.0469502%
[2025-12-08 14:02:08.106] [info] Iteration 17, mean ranking error 0.108707%, mean rank change 0.0417417%
[2025-12-08 14:02:08.114] [info] Iteration 18, mean ranking error 0.0993448%, mean rank change 0.0371948%
[2025-12-08 14:02:08.122] [info] Iteration 19, mean ranking error 0.0905677%, mean rank change 0.0331616%
[2025-12-08 14:02:08.131] [info] Iteration 20, mean ranking error 0.0830627%, mean rank change 0.0296769%
[2025-12-08 14:02:08.140] [info] Iteration 21, mean ranking error 0.076679%, mean rank change 0.0266161%
[2025-12-08 14:02:08.147] [info] Iteration 22, mean ranking error 0.0696843%, mean rank change 0.0238885%
[2025-12-08 14:02:08.154] [info] Iteration 23, mean ranking error 0.0640408%, mean rank change 0.0214738%
[2025-12-08 14:02:08.162] [info] Iteration 24, mean ranking error 0.058848%, mean rank change 0.0193867%
[2025-12-08 14:02:08.171] [info] Iteration 25, mean ranking error 0.0547196%, mean rank change 0.0175163%
[2025-12-08 14:02:08.178] [info] Iteration 26, mean ranking error 0.0502915%, mean rank change 0.015849%
[2025-12-08 14:02:08.185] [info] Iteration 27, mean ranking error 0.0459778%, mean rank change 0.0143376%
[2025-12-08 14:02:08.193] [info] Iteration 28, mean ranking error 0.0424463%, mean rank change 0.0130312%
[2025-12-08 14:02:08.201] [info] Iteration 29, mean ranking error 0.0389914%, mean rank change 0.0118444%
[2025-12-08 14:02:08.211] [info] Iteration 30, mean ranking error 0.0360654%, mean rank change 0.0107690%
[2025-12-08 14:02:08.219] [info] Iteration 31, mean ranking error 0.0333014%, mean rank change 0.00983540%
[2025-12-08 14:02:08.226] [info] Iteration 32, mean ranking error 0.0302638%, mean rank change 0.00897613%
[2025-12-08 14:02:08.233] [info] Iteration 33, mean ranking error 0.0284801%, mean rank change 0.00820181%
[2025-12-08 14:02:08.242] [info] Iteration 34, mean ranking error 0.0258963%, mean rank change 0.00749367%
[2025-12-08 14:02:08.249] [info] Iteration 35, mean ranking error 0.0237333%, mean rank change 0.00684900%
[2025-12-08 14:02:08.259] [info] Iteration 36, mean ranking error 0.0218959%, mean rank change 0.00629718%
[2025-12-08 14:02:08.267] [info] Iteration 37, mean ranking error 0.0202701%, mean rank change 0.00576376%
[2025-12-08 14:02:08.274] [info] Iteration 38, mean ranking error 0.0190047%, mean rank change 0.00527381%
[2025-12-08 14:02:08.282] [info] Iteration 39, mean ranking error 0.0173894%, mean rank change 0.00486288%
[2025-12-08 14:02:08.290] [info] Iteration 40, mean ranking error 0.0160716%, mean rank change 0.00444392%
[2025-12-08 14:02:08.299] [info] Iteration 41, mean ranking error 0.0148020%, mean rank change 0.00409596%
[2025-12-08 14:02:08.307] [info] Iteration 42, mean ranking error 0.0136006%, mean rank change 0.00372739%
[2025-12-08 14:02:08.315] [info] Iteration 43, mean ranking error 0.0124942%, mean rank change 0.00343549%
[2025-12-08 14:02:08.324] [info] Iteration 44, mean ranking error 0.0114415%, mean rank change 0.00315223%
[2025-12-08 14:02:08.332] [info] Iteration 45, mean ranking error 0.0102904%, mean rank change 0.00289145%
[2025-12-08 14:02:08.340] [info] Iteration 46, mean ranking error 0.00933286%, mean rank change 0.00267117%
[2025-12-08 14:02:08.341] [info] Time used in prioritization: 0s
[2025-12-08 14:02:08.341] [info] Number of iterations: 47
[2025-12-08 14:02:08.341] [info] Final convergence level: 0.00933286%
[2025-12-08 14:02:08.341] [info] Area under curve: 0.528445
[2025-12-08 14:02:08.341] [info] Writing feature info
[2025-12-08 14:02:08.341] [info] Writing feature curves
[2025-12-08 14:02:08.625] [info] Writing priority rank map
[2025-12-08 14:02:08.648] [info] Total time used: 3s
[2025-12-08 14:02:08.648] [info] Number of errors: 0
[2025-12-08 14:02:08.648] [info] Number of warnings: 0
[2025-12-08 14:02:08.648] [info] Done
