[2025-12-08 14:01:38.744] [info] Zonation 5 v2.4
[2025-12-08 14:01:38.745] [info] Arguments given: -w --mode=CAZ2 E:/code/cvjv-restoration-modelling/zonation/timeunit-winter_spatialunit-inside_mode-CAZ2/timeunit-winter_spatialunit-inside_mode-CAZ2_settings.z5 E:/code/cvjv-restoration-modelling/zonation/timeunit-winter_spatialunit-inside_mode-CAZ2
[2025-12-08 14:01:38.745] [info] Using 8-bit quantization
[2025-12-08 14:01:38.745] [info] Using 4 threads for computation
[2025-12-08 14:01:38.745] [info] Loading project "E:/code/cvjv-restoration-modelling/zonation/timeunit-winter_spatialunit-inside_mode-CAZ2/timeunit-winter_spatialunit-inside_mode-CAZ2_settings.z5"
[2025-12-08 14:01:38.745] [info] Using setting: feature list file = E:/code/cvjv-restoration-modelling/zonation/timeunit-winter_spatialunit-inside_mode-CAZ2/timeunit-winter_spatialunit-inside_mode-CAZ2_featurelist.txt
[2025-12-08 14:01:38.746] [info] Using default setting: curves output interval = 9.99999975e-05
[2025-12-08 14:01:38.746] [info] Using default setting: max iterations = 500
[2025-12-08 14:01:38.746] [info] Using default setting: mean ranking error threshold = 0.00999999978
[2025-12-08 14:01:38.746] [info] Using default setting: smoothing factor = 0
[2025-12-08 14:01:38.746] [info] Using default setting: stop on plateau = 0
[2025-12-08 14:01:38.746] [info] Using default setting: zero mode = all
[2025-12-08 14:01:38.746] [info] Using default setting: stop after preprocessing = 0
[2025-12-08 14:01:38.746] [info] Using default setting: quantization error warning threshold = 20
[2025-12-08 14:01:38.746] [info] Loading feature layer information from "E:\code\cvjv-restoration-modelling\zonation\timeunit-winter_spatialunit-inside_mode-CAZ2\timeunit-winter_spatialunit-inside_mode-CAZ2_featurelist.txt"
[2025-12-08 14:01:38.757] [info] Validating project
[2025-12-08 14:01:38.768] [info] Reading layer data
[2025-12-08 14:01:38.784] [info] Gathering data statistics
[2025-12-08 14:01:39.211] [info] Map dimensions (width * height): 696*867
[2025-12-08 14:01:39.211] [info] Number of grid cells in map (width * height): 603432
[2025-12-08 14:01:39.211] [info] Number of grid cells in map with data: 40246
[2025-12-08 14:01:39.211] [info] Input feature layer count: 7
[2025-12-08 14:01:39.211] [info] Feature layer count: 7
[2025-12-08 14:01:39.211] [info] Positive weight feature count: 7
[2025-12-08 14:01:39.211] [info] Negative weight feature count: 0
[2025-12-08 14:01:39.211] [info] Zero weight feature count: 0
[2025-12-08 14:01:39.211] [info] Total number of pixels with data across features: 281722
[2025-12-08 14:01:39.212] [info] Reading feature layers
[2025-12-08 14:01:39.649] [info] Mean feature extent across study area: 100.00%
[2025-12-08 14:01:39.649] [info] Memory usage of feature data: 863.67KB
[2025-12-08 14:01:39.649] [info] Mean quantization error: 0.000479053%
[2025-12-08 14:01:39.650] [info] Time used to read and preprocess layer data: 0s
[2025-12-08 14:01:39.650] [info] Computing priority rank
[2025-12-08 14:01:39.663] [info] Iteration 0, mean ranking error 0.509935%, mean rank change 0.271776%
[2025-12-08 14:01:39.670] [info] Iteration 1, mean ranking error 0.444559%, mean rank change 0.232811%
[2025-12-08 14:01:39.676] [info] Iteration 2, mean ranking error 0.39841%, mean rank change 0.203377%
[2025-12-08 14:01:39.682] [info] Iteration 3, mean ranking error 0.355673%, mean rank change 0.178924%
[2025-12-08 14:01:39.689] [info] Iteration 4, mean ranking error 0.319595%, mean rank change 0.157852%
[2025-12-08 14:01:39.696] [info] Iteration 5, mean ranking error 0.287911%, mean rank change 0.139564%
[2025-12-08 14:01:39.704] [info] Iteration 6, mean ranking error 0.25972%, mean rank change 0.123577%
[2025-12-08 14:01:39.710] [info] Iteration 7, mean ranking error 0.234289%, mean rank change 0.109718%
[2025-12-08 14:01:39.717] [info] Iteration 8, mean ranking error 0.210111%, mean rank change 0.0975474%
[2025-12-08 14:01:39.724] [info] Iteration 9, mean ranking error 0.191641%, mean rank change 0.0868211%
[2025-12-08 14:01:39.732] [info] Iteration 10, mean ranking error 0.173686%, mean rank change 0.0774254%
[2025-12-08 14:01:39.741] [info] Iteration 11, mean ranking error 0.157233%, mean rank change 0.069228%
[2025-12-08 14:01:39.748] [info] Iteration 12, mean ranking error 0.1415%, mean rank change 0.0618788%
[2025-12-08 14:01:39.754] [info] Iteration 13, mean ranking error 0.128697%, mean rank change 0.0555203%
[2025-12-08 14:01:39.761] [info] Iteration 14, mean ranking error 0.115968%, mean rank change 0.0497565%
[2025-12-08 14:01:39.769] [info] Iteration 15, mean ranking error 0.106781%, mean rank change 0.0446596%
[2025-12-08 14:01:39.775] [info] Iteration 16, mean ranking error 0.0981462%, mean rank change 0.0401378%
[2025-12-08 14:01:39.781] [info] Iteration 17, mean ranking error 0.0891257%, mean rank change 0.0360706%
[2025-12-08 14:01:39.786] [info] Iteration 18, mean ranking error 0.0815714%, mean rank change 0.0324866%
[2025-12-08 14:01:39.792] [info] Iteration 19, mean ranking error 0.0744119%, mean rank change 0.0292791%
[2025-12-08 14:01:39.798] [info] Iteration 20, mean ranking error 0.0677014%, mean rank change 0.0264030%
[2025-12-08 14:01:39.803] [info] Iteration 21, mean ranking error 0.0624714%, mean rank change 0.0238246%
[2025-12-08 14:01:39.809] [info] Iteration 22, mean ranking error 0.0572871%, mean rank change 0.0215165%
[2025-12-08 14:01:39.815] [info] Iteration 23, mean ranking error 0.0520391%, mean rank change 0.0194382%
[2025-12-08 14:01:39.822] [info] Iteration 24, mean ranking error 0.0480790%, mean rank change 0.0176147%
[2025-12-08 14:01:39.829] [info] Iteration 25, mean ranking error 0.0443763%, mean rank change 0.0159653%
[2025-12-08 14:01:39.835] [info] Iteration 26, mean ranking error 0.0411453%, mean rank change 0.0144589%
[2025-12-08 14:01:39.840] [info] Iteration 27, mean ranking error 0.0373554%, mean rank change 0.0131060%
[2025-12-08 14:01:39.846] [info] Iteration 28, mean ranking error 0.0344417%, mean rank change 0.0119064%
[2025-12-08 14:01:39.852] [info] Iteration 29, mean ranking error 0.0314929%, mean rank change 0.0107841%
[2025-12-08 14:01:39.858] [info] Iteration 30, mean ranking error 0.0293124%, mean rank change 0.00983096%
[2025-12-08 14:01:39.864] [info] Iteration 31, mean ranking error 0.0268498%, mean rank change 0.00892143%
[2025-12-08 14:01:39.902] [info] Iteration 32, mean ranking error 0.0247609%, mean rank change 0.00811204%
[2025-12-08 14:01:39.909] [info] Iteration 33, mean ranking error 0.0225444%, mean rank change 0.00735007%
[2025-12-08 14:01:39.917] [info] Iteration 34, mean ranking error 0.0208247%, mean rank change 0.00668144%
[2025-12-08 14:01:39.924] [info] Iteration 35, mean ranking error 0.0193911%, mean rank change 0.00606443%
[2025-12-08 14:01:39.931] [info] Iteration 36, mean ranking error 0.0179016%, mean rank change 0.00551903%
[2025-12-08 14:01:39.937] [info] Iteration 37, mean ranking error 0.0164426%, mean rank change 0.00499994%
[2025-12-08 14:01:39.942] [info] Iteration 38, mean ranking error 0.0149114%, mean rank change 0.00451060%
[2025-12-08 14:01:39.949] [info] Iteration 39, mean ranking error 0.013817%, mean rank change 0.00408806%
[2025-12-08 14:01:39.955] [info] Iteration 40, mean ranking error 0.0124035%, mean rank change 0.00371010%
[2025-12-08 14:01:39.963] [info] Iteration 41, mean ranking error 0.0115357%, mean rank change 0.00334523%
[2025-12-08 14:01:39.970] [info] Iteration 42, mean ranking error 0.0107247%, mean rank change 0.00301122%
[2025-12-08 14:01:39.977] [info] Iteration 43, mean ranking error 0.00962590%, mean rank change 0.00271155%
[2025-12-08 14:01:39.977] [info] Time used in prioritization: 0s
[2025-12-08 14:01:39.977] [info] Number of iterations: 44
[2025-12-08 14:01:39.977] [info] Final convergence level: 0.00962590%
[2025-12-08 14:01:39.977] [info] Area under curve: 0.528204
[2025-12-08 14:01:39.977] [info] Writing feature info
[2025-12-08 14:01:39.978] [info] Writing feature curves
[2025-12-08 14:01:40.126] [info] Writing priority rank map
[2025-12-08 14:01:40.151] [info] Total time used: 1s
[2025-12-08 14:01:40.151] [info] Number of errors: 0
[2025-12-08 14:01:40.151] [info] Number of warnings: 0
[2025-12-08 14:01:40.151] [info] Done
