[2025-12-08 14:00:56.034] [info] Zonation 5 v2.4
[2025-12-08 14:00:56.034] [info] Arguments given: -w --mode=CAZ2 E:/code/cvjv-restoration-modelling/zonation/timeunit-spring_spatialunit-landscape-5km_mode-CAZ2/timeunit-spring_spatialunit-landscape-5km_mode-CAZ2_settings.z5 E:/code/cvjv-restoration-modelling/zonation/timeunit-spring_spatialunit-landscape-5km_mode-CAZ2
[2025-12-08 14:00:56.034] [info] Using 8-bit quantization
[2025-12-08 14:00:56.034] [info] Using 4 threads for computation
[2025-12-08 14:00:56.034] [info] Loading project "E:/code/cvjv-restoration-modelling/zonation/timeunit-spring_spatialunit-landscape-5km_mode-CAZ2/timeunit-spring_spatialunit-landscape-5km_mode-CAZ2_settings.z5"
[2025-12-08 14:00:56.035] [info] Using setting: feature list file = E:/code/cvjv-restoration-modelling/zonation/timeunit-spring_spatialunit-landscape-5km_mode-CAZ2/timeunit-spring_spatialunit-landscape-5km_mode-CAZ2_featurelist.txt
[2025-12-08 14:00:56.035] [info] Using default setting: curves output interval = 9.99999975e-05
[2025-12-08 14:00:56.035] [info] Using default setting: max iterations = 500
[2025-12-08 14:00:56.035] [info] Using default setting: mean ranking error threshold = 0.00999999978
[2025-12-08 14:00:56.035] [info] Using default setting: smoothing factor = 0
[2025-12-08 14:00:56.035] [info] Using default setting: stop on plateau = 0
[2025-12-08 14:00:56.035] [info] Using default setting: zero mode = all
[2025-12-08 14:00:56.035] [info] Using default setting: stop after preprocessing = 0
[2025-12-08 14:00:56.035] [info] Using default setting: quantization error warning threshold = 20
[2025-12-08 14:00:56.035] [info] Loading feature layer information from "E:\code\cvjv-restoration-modelling\zonation\timeunit-spring_spatialunit-landscape-5km_mode-CAZ2\timeunit-spring_spatialunit-landscape-5km_mode-CAZ2_featurelist.txt"
[2025-12-08 14:00:56.044] [info] Validating project
[2025-12-08 14:00:56.053] [info] Reading layer data
[2025-12-08 14:00:56.069] [info] Gathering data statistics
[2025-12-08 14:00:56.491] [info] Map dimensions (width * height): 696*867
[2025-12-08 14:00:56.491] [info] Number of grid cells in map (width * height): 603432
[2025-12-08 14:00:56.491] [info] Number of grid cells in map with data: 40246
[2025-12-08 14:00:56.491] [info] Input feature layer count: 7
[2025-12-08 14:00:56.491] [info] Feature layer count: 7
[2025-12-08 14:00:56.491] [info] Positive weight feature count: 7
[2025-12-08 14:00:56.491] [info] Negative weight feature count: 0
[2025-12-08 14:00:56.491] [info] Zero weight feature count: 0
[2025-12-08 14:00:56.491] [info] Total number of pixels with data across features: 281722
[2025-12-08 14:00:56.491] [info] Reading feature layers
[2025-12-08 14:00:56.971] [info] Mean feature extent across study area: 100.00%
[2025-12-08 14:00:56.971] [info] Memory usage of feature data: 863.67KB
[2025-12-08 14:00:56.971] [info] Mean quantization error: 0.00188697%
[2025-12-08 14:00:56.971] [info] Time used to read and preprocess layer data: 0s
[2025-12-08 14:00:56.971] [info] Computing priority rank
[2025-12-08 14:00:56.983] [info] Iteration 0, mean ranking error 0.438676%, mean rank change 0.252487%
[2025-12-08 14:00:56.990] [info] Iteration 1, mean ranking error 0.423070%, mean rank change 0.218906%
[2025-12-08 14:00:56.997] [info] Iteration 2, mean ranking error 0.385051%, mean rank change 0.190566%
[2025-12-08 14:00:57.004] [info] Iteration 3, mean ranking error 0.354786%, mean rank change 0.166503%
[2025-12-08 14:00:57.010] [info] Iteration 4, mean ranking error 0.318609%, mean rank change 0.145686%
[2025-12-08 14:00:57.018] [info] Iteration 5, mean ranking error 0.28947%, mean rank change 0.127928%
[2025-12-08 14:00:57.026] [info] Iteration 6, mean ranking error 0.263347%, mean rank change 0.112511%
[2025-12-08 14:00:57.034] [info] Iteration 7, mean ranking error 0.240025%, mean rank change 0.0992261%
[2025-12-08 14:00:57.040] [info] Iteration 8, mean ranking error 0.217633%, mean rank change 0.0878259%
[2025-12-08 14:00:57.049] [info] Iteration 9, mean ranking error 0.198832%, mean rank change 0.0778563%
[2025-12-08 14:00:57.056] [info] Iteration 10, mean ranking error 0.182393%, mean rank change 0.0692359%
[2025-12-08 14:00:57.062] [info] Iteration 11, mean ranking error 0.165411%, mean rank change 0.0616833%
[2025-12-08 14:00:57.068] [info] Iteration 12, mean ranking error 0.153115%, mean rank change 0.0550941%
[2025-12-08 14:00:57.074] [info] Iteration 13, mean ranking error 0.140740%, mean rank change 0.0493311%
[2025-12-08 14:00:57.081] [info] Iteration 14, mean ranking error 0.128744%, mean rank change 0.0441423%
[2025-12-08 14:00:57.087] [info] Iteration 15, mean ranking error 0.117902%, mean rank change 0.0396606%
[2025-12-08 14:00:57.094] [info] Iteration 16, mean ranking error 0.108083%, mean rank change 0.0357693%
[2025-12-08 14:00:57.101] [info] Iteration 17, mean ranking error 0.101192%, mean rank change 0.0322504%
[2025-12-08 14:00:57.107] [info] Iteration 18, mean ranking error 0.0930728%, mean rank change 0.0291403%
[2025-12-08 14:00:57.113] [info] Iteration 19, mean ranking error 0.0850803%, mean rank change 0.0264057%
[2025-12-08 14:00:57.120] [info] Iteration 20, mean ranking error 0.0786816%, mean rank change 0.0239483%
[2025-12-08 14:00:57.127] [info] Iteration 21, mean ranking error 0.0741651%, mean rank change 0.0217935%
[2025-12-08 14:00:57.135] [info] Iteration 22, mean ranking error 0.0685224%, mean rank change 0.019838%
[2025-12-08 14:00:57.143] [info] Iteration 23, mean ranking error 0.0627385%, mean rank change 0.0181082%
[2025-12-08 14:00:57.151] [info] Iteration 24, mean ranking error 0.0586508%, mean rank change 0.0165727%
[2025-12-08 14:00:57.158] [info] Iteration 25, mean ranking error 0.0545298%, mean rank change 0.0151802%
[2025-12-08 14:00:57.164] [info] Iteration 26, mean ranking error 0.0501907%, mean rank change 0.0139198%
[2025-12-08 14:00:57.171] [info] Iteration 27, mean ranking error 0.0469646%, mean rank change 0.0127777%
[2025-12-08 14:00:57.177] [info] Iteration 28, mean ranking error 0.0438981%, mean rank change 0.0117894%
[2025-12-08 14:00:57.183] [info] Iteration 29, mean ranking error 0.0404930%, mean rank change 0.0108289%
[2025-12-08 14:00:57.189] [info] Iteration 30, mean ranking error 0.0380607%, mean rank change 0.0100125%
[2025-12-08 14:00:57.195] [info] Iteration 31, mean ranking error 0.0352597%, mean rank change 0.00926803%
[2025-12-08 14:00:57.201] [info] Iteration 32, mean ranking error 0.03327%, mean rank change 0.00857853%
[2025-12-08 14:00:57.206] [info] Iteration 33, mean ranking error 0.0311055%, mean rank change 0.00794201%
[2025-12-08 14:00:57.212] [info] Iteration 34, mean ranking error 0.0289567%, mean rank change 0.00733982%
[2025-12-08 14:00:57.219] [info] Iteration 35, mean ranking error 0.0271647%, mean rank change 0.00684369%
[2025-12-08 14:00:57.225] [info] Iteration 36, mean ranking error 0.0253902%, mean rank change 0.00637855%
[2025-12-08 14:00:57.232] [info] Iteration 37, mean ranking error 0.023643%, mean rank change 0.00594490%
[2025-12-08 14:00:57.239] [info] Iteration 38, mean ranking error 0.0221948%, mean rank change 0.00554348%
[2025-12-08 14:00:57.244] [info] Iteration 39, mean ranking error 0.0209158%, mean rank change 0.00518071%
[2025-12-08 14:00:57.251] [info] Iteration 40, mean ranking error 0.0196045%, mean rank change 0.00484040%
[2025-12-08 14:00:57.257] [info] Iteration 41, mean ranking error 0.0181609%, mean rank change 0.00449726%
[2025-12-08 14:00:57.264] [info] Iteration 42, mean ranking error 0.0169663%, mean rank change 0.00422055%
[2025-12-08 14:00:57.270] [info] Iteration 43, mean ranking error 0.015993%, mean rank change 0.00395039%
[2025-12-08 14:00:57.278] [info] Iteration 44, mean ranking error 0.0149769%, mean rank change 0.00369788%
[2025-12-08 14:00:57.284] [info] Iteration 45, mean ranking error 0.013937%, mean rank change 0.00347191%
[2025-12-08 14:00:57.289] [info] Iteration 46, mean ranking error 0.0129675%, mean rank change 0.00323780%
[2025-12-08 14:00:57.295] [info] Iteration 47, mean ranking error 0.0121595%, mean rank change 0.00300949%
[2025-12-08 14:00:57.302] [info] Iteration 48, mean ranking error 0.0114469%, mean rank change 0.00282267%
[2025-12-08 14:00:57.308] [info] Iteration 49, mean ranking error 0.0108538%, mean rank change 0.00265277%
[2025-12-08 14:00:57.314] [info] Iteration 50, mean ranking error 0.0100525%, mean rank change 0.00248101%
[2025-12-08 14:00:57.320] [info] Iteration 51, mean ranking error 0.00946476%, mean rank change 0.00233124%
[2025-12-08 14:00:57.320] [info] Time used in prioritization: 0s
[2025-12-08 14:00:57.320] [info] Number of iterations: 52
[2025-12-08 14:00:57.320] [info] Final convergence level: 0.00946476%
[2025-12-08 14:00:57.320] [info] Area under curve: 0.526283
[2025-12-08 14:00:57.320] [info] Writing feature info
[2025-12-08 14:00:57.321] [info] Writing feature curves
[2025-12-08 14:00:57.460] [info] Writing priority rank map
[2025-12-08 14:00:57.490] [info] Total time used: 1s
[2025-12-08 14:00:57.490] [info] Number of errors: 0
[2025-12-08 14:00:57.490] [info] Number of warnings: 0
[2025-12-08 14:00:57.490] [info] Done
