[2025-12-08 14:01:30.063] [info] Zonation 5 v2.4
[2025-12-08 14:01:30.064] [info] Arguments given: -w --mode=CAZMAX E:/code/cvjv-restoration-modelling/zonation/timeunit-fall_spatialunit-combined-equal_mode-CAZMAX/timeunit-fall_spatialunit-combined-equal_mode-CAZMAX_settings.z5 E:/code/cvjv-restoration-modelling/zonation/timeunit-fall_spatialunit-combined-equal_mode-CAZMAX
[2025-12-08 14:01:30.064] [info] Using 8-bit quantization
[2025-12-08 14:01:30.064] [info] Using 4 threads for computation
[2025-12-08 14:01:30.064] [info] Loading project "E:/code/cvjv-restoration-modelling/zonation/timeunit-fall_spatialunit-combined-equal_mode-CAZMAX/timeunit-fall_spatialunit-combined-equal_mode-CAZMAX_settings.z5"
[2025-12-08 14:01:30.064] [info] Using setting: feature list file = E:/code/cvjv-restoration-modelling/zonation/timeunit-fall_spatialunit-combined-equal_mode-CAZMAX/timeunit-fall_spatialunit-combined-equal_mode-CAZMAX_featurelist.txt
[2025-12-08 14:01:30.064] [info] Using default setting: curves output interval = 9.99999975e-05
[2025-12-08 14:01:30.064] [info] Using default setting: max iterations = 500
[2025-12-08 14:01:30.064] [info] Using default setting: mean ranking error threshold = 0.00999999978
[2025-12-08 14:01:30.064] [info] Using default setting: smoothing factor = 0
[2025-12-08 14:01:30.064] [info] Using default setting: stop on plateau = 0
[2025-12-08 14:01:30.064] [info] Using default setting: zero mode = all
[2025-12-08 14:01:30.064] [info] Using default setting: stop after preprocessing = 0
[2025-12-08 14:01:30.064] [info] Using default setting: quantization error warning threshold = 20
[2025-12-08 14:01:30.064] [info] Loading feature layer information from "E:\code\cvjv-restoration-modelling\zonation\timeunit-fall_spatialunit-combined-equal_mode-CAZMAX\timeunit-fall_spatialunit-combined-equal_mode-CAZMAX_featurelist.txt"
[2025-12-08 14:01:30.084] [info] Validating project
[2025-12-08 14:01:30.107] [info] Reading layer data
[2025-12-08 14:01:30.124] [info] Gathering data statistics
[2025-12-08 14:01:31.201] [info] Map dimensions (width * height): 696*867
[2025-12-08 14:01:31.201] [info] Number of grid cells in map (width * height): 603432
[2025-12-08 14:01:31.201] [info] Number of grid cells in map with data: 40246
[2025-12-08 14:01:31.201] [info] Input feature layer count: 21
[2025-12-08 14:01:31.201] [info] Feature layer count: 21
[2025-12-08 14:01:31.201] [info] Positive weight feature count: 21
[2025-12-08 14:01:31.201] [info] Negative weight feature count: 0
[2025-12-08 14:01:31.201] [info] Zero weight feature count: 0
[2025-12-08 14:01:31.201] [info] Total number of pixels with data across features: 845166
[2025-12-08 14:01:31.202] [info] Reading feature layers
[2025-12-08 14:01:32.319] [info] Mean feature extent across study area: 100.00%
[2025-12-08 14:01:32.319] [info] Memory usage of feature data: 1.50MB
[2025-12-08 14:01:32.319] [info] Mean quantization error: 0.00126278%
[2025-12-08 14:01:32.319] [info] Time used to read and preprocess layer data: 2s
[2025-12-08 14:01:32.319] [info] Computing priority rank
[2025-12-08 14:01:32.334] [info] Iteration 0, mean ranking error 3.92747%, mean rank change 3.50015%
[2025-12-08 14:01:32.343] [info] Iteration 1, mean ranking error 4.03605%, mean rank change 3.01607%
[2025-12-08 14:01:32.351] [info] Iteration 2, mean ranking error 3.67123%, mean rank change 2.49227%
[2025-12-08 14:01:32.360] [info] Iteration 3, mean ranking error 3.23794%, mean rank change 2.0185%
[2025-12-08 14:01:32.369] [info] Iteration 4, mean ranking error 2.81095%, mean rank change 1.63367%
[2025-12-08 14:01:32.380] [info] Iteration 5, mean ranking error 2.45731%, mean rank change 1.32833%
[2025-12-08 14:01:32.388] [info] Iteration 6, mean ranking error 2.15511%, mean rank change 1.08698%
[2025-12-08 14:01:32.396] [info] Iteration 7, mean ranking error 1.88681%, mean rank change 0.898751%
[2025-12-08 14:01:32.403] [info] Iteration 8, mean ranking error 1.68211%, mean rank change 0.749922%
[2025-12-08 14:01:32.410] [info] Iteration 9, mean ranking error 1.50190%, mean rank change 0.631789%
[2025-12-08 14:01:32.418] [info] Iteration 10, mean ranking error 1.3451%, mean rank change 0.536691%
[2025-12-08 14:01:32.427] [info] Iteration 11, mean ranking error 1.21404%, mean rank change 0.459653%
[2025-12-08 14:01:32.438] [info] Iteration 12, mean ranking error 1.09856%, mean rank change 0.396877%
[2025-12-08 14:01:32.446] [info] Iteration 13, mean ranking error 1.00914%, mean rank change 0.345112%
[2025-12-08 14:01:32.457] [info] Iteration 14, mean ranking error 0.926243%, mean rank change 0.301857%
[2025-12-08 14:01:32.478] [info] Iteration 15, mean ranking error 0.841811%, mean rank change 0.266187%
[2025-12-08 14:01:32.545] [info] Iteration 16, mean ranking error 0.78225%, mean rank change 0.236473%
[2025-12-08 14:01:32.564] [info] Iteration 17, mean ranking error 0.718942%, mean rank change 0.211367%
[2025-12-08 14:01:32.576] [info] Iteration 18, mean ranking error 0.662487%, mean rank change 0.1899%
[2025-12-08 14:01:32.586] [info] Iteration 19, mean ranking error 0.614635%, mean rank change 0.171085%
[2025-12-08 14:01:32.597] [info] Iteration 20, mean ranking error 0.572009%, mean rank change 0.154741%
[2025-12-08 14:01:32.607] [info] Iteration 21, mean ranking error 0.529164%, mean rank change 0.140229%
[2025-12-08 14:01:32.615] [info] Iteration 22, mean ranking error 0.492511%, mean rank change 0.127988%
[2025-12-08 14:01:32.623] [info] Iteration 23, mean ranking error 0.461506%, mean rank change 0.116933%
[2025-12-08 14:01:32.637] [info] Iteration 24, mean ranking error 0.428615%, mean rank change 0.107181%
[2025-12-08 14:01:32.649] [info] Iteration 25, mean ranking error 0.39434%, mean rank change 0.0983503%
[2025-12-08 14:01:32.660] [info] Iteration 26, mean ranking error 0.373675%, mean rank change 0.0902105%
[2025-12-08 14:01:32.680] [info] Iteration 27, mean ranking error 0.347747%, mean rank change 0.0827786%
[2025-12-08 14:01:32.698] [info] Iteration 28, mean ranking error 0.326123%, mean rank change 0.0762064%
[2025-12-08 14:01:32.716] [info] Iteration 29, mean ranking error 0.305750%, mean rank change 0.0702585%
[2025-12-08 14:01:32.725] [info] Iteration 30, mean ranking error 0.28493%, mean rank change 0.0652006%
[2025-12-08 14:01:32.735] [info] Iteration 31, mean ranking error 0.268127%, mean rank change 0.0603487%
[2025-12-08 14:01:32.748] [info] Iteration 32, mean ranking error 0.253928%, mean rank change 0.0562153%
[2025-12-08 14:01:32.757] [info] Iteration 33, mean ranking error 0.237691%, mean rank change 0.0523641%
[2025-12-08 14:01:32.769] [info] Iteration 34, mean ranking error 0.222556%, mean rank change 0.0488403%
[2025-12-08 14:01:32.778] [info] Iteration 35, mean ranking error 0.211017%, mean rank change 0.0455069%
[2025-12-08 14:01:32.790] [info] Iteration 36, mean ranking error 0.198637%, mean rank change 0.0423171%
[2025-12-08 14:01:32.823] [info] Iteration 37, mean ranking error 0.188919%, mean rank change 0.0395768%
[2025-12-08 14:01:32.834] [info] Iteration 38, mean ranking error 0.178070%, mean rank change 0.0369265%
[2025-12-08 14:01:32.849] [info] Iteration 39, mean ranking error 0.168373%, mean rank change 0.034677%
[2025-12-08 14:01:32.860] [info] Iteration 40, mean ranking error 0.160249%, mean rank change 0.0325869%
[2025-12-08 14:01:32.875] [info] Iteration 41, mean ranking error 0.151701%, mean rank change 0.0304997%
[2025-12-08 14:01:32.886] [info] Iteration 42, mean ranking error 0.142275%, mean rank change 0.0286776%
[2025-12-08 14:01:32.896] [info] Iteration 43, mean ranking error 0.135715%, mean rank change 0.0269573%
[2025-12-08 14:01:32.907] [info] Iteration 44, mean ranking error 0.130347%, mean rank change 0.0254018%
[2025-12-08 14:01:32.917] [info] Iteration 45, mean ranking error 0.124638%, mean rank change 0.0238943%
[2025-12-08 14:01:32.926] [info] Iteration 46, mean ranking error 0.11852%, mean rank change 0.0225253%
[2025-12-08 14:01:32.934] [info] Iteration 47, mean ranking error 0.111601%, mean rank change 0.0212821%
[2025-12-08 14:01:32.943] [info] Iteration 48, mean ranking error 0.107042%, mean rank change 0.0200304%
[2025-12-08 14:01:32.951] [info] Iteration 49, mean ranking error 0.101889%, mean rank change 0.0189648%
[2025-12-08 14:01:32.958] [info] Iteration 50, mean ranking error 0.0980978%, mean rank change 0.0178735%
[2025-12-08 14:01:32.964] [info] Iteration 51, mean ranking error 0.0924519%, mean rank change 0.0167916%
[2025-12-08 14:01:32.971] [info] Iteration 52, mean ranking error 0.0886981%, mean rank change 0.0158814%
[2025-12-08 14:01:32.979] [info] Iteration 53, mean ranking error 0.0843627%, mean rank change 0.0150093%
[2025-12-08 14:01:32.986] [info] Iteration 54, mean ranking error 0.0797567%, mean rank change 0.014164%
[2025-12-08 14:01:32.994] [info] Iteration 55, mean ranking error 0.0766552%, mean rank change 0.0134149%
[2025-12-08 14:01:33.001] [info] Iteration 56, mean ranking error 0.0735392%, mean rank change 0.012746%
[2025-12-08 14:01:33.009] [info] Iteration 57, mean ranking error 0.0700749%, mean rank change 0.0120611%
[2025-12-08 14:01:33.018] [info] Iteration 58, mean ranking error 0.0668598%, mean rank change 0.0113982%
[2025-12-08 14:01:33.026] [info] Iteration 59, mean ranking error 0.0641592%, mean rank change 0.0108042%
[2025-12-08 14:01:33.035] [info] Iteration 60, mean ranking error 0.0612801%, mean rank change 0.0102881%
[2025-12-08 14:01:33.044] [info] Iteration 61, mean ranking error 0.0590453%, mean rank change 0.00972119%
[2025-12-08 14:01:33.052] [info] Iteration 62, mean ranking error 0.0557763%, mean rank change 0.00918851%
[2025-12-08 14:01:33.061] [info] Iteration 63, mean ranking error 0.0529897%, mean rank change 0.00874189%
[2025-12-08 14:01:33.069] [info] Iteration 64, mean ranking error 0.0504452%, mean rank change 0.00831825%
[2025-12-08 14:01:33.078] [info] Iteration 65, mean ranking error 0.048964%, mean rank change 0.00790090%
[2025-12-08 14:01:33.086] [info] Iteration 66, mean ranking error 0.0462546%, mean rank change 0.00747688%
[2025-12-08 14:01:33.095] [info] Iteration 67, mean ranking error 0.0440904%, mean rank change 0.00712719%
[2025-12-08 14:01:33.103] [info] Iteration 68, mean ranking error 0.0421919%, mean rank change 0.00677985%
[2025-12-08 14:01:33.111] [info] Iteration 69, mean ranking error 0.0406142%, mean rank change 0.00645869%
[2025-12-08 14:01:33.119] [info] Iteration 70, mean ranking error 0.0394545%, mean rank change 0.00615037%
[2025-12-08 14:01:33.127] [info] Iteration 71, mean ranking error 0.0373198%, mean rank change 0.00584847%
[2025-12-08 14:01:33.136] [info] Iteration 72, mean ranking error 0.0359806%, mean rank change 0.00556460%
[2025-12-08 14:01:33.143] [info] Iteration 73, mean ranking error 0.0341232%, mean rank change 0.00530381%
[2025-12-08 14:01:33.151] [info] Iteration 74, mean ranking error 0.0329794%, mean rank change 0.00505007%
[2025-12-08 14:01:33.159] [info] Iteration 75, mean ranking error 0.031513%, mean rank change 0.00481287%
[2025-12-08 14:01:33.167] [info] Iteration 76, mean ranking error 0.0301490%, mean rank change 0.00457629%
[2025-12-08 14:01:33.173] [info] Iteration 77, mean ranking error 0.0290327%, mean rank change 0.00433378%
[2025-12-08 14:01:33.181] [info] Iteration 78, mean ranking error 0.0278837%, mean rank change 0.00412054%
[2025-12-08 14:01:33.188] [info] Iteration 79, mean ranking error 0.0267035%, mean rank change 0.00394421%
[2025-12-08 14:01:33.196] [info] Iteration 80, mean ranking error 0.0258528%, mean rank change 0.00373998%
[2025-12-08 14:01:33.204] [info] Iteration 81, mean ranking error 0.0247772%, mean rank change 0.00355242%
[2025-12-08 14:01:33.212] [info] Iteration 82, mean ranking error 0.0240051%, mean rank change 0.00336893%
[2025-12-08 14:01:33.220] [info] Iteration 83, mean ranking error 0.0223405%, mean rank change 0.00322718%
[2025-12-08 14:01:33.228] [info] Iteration 84, mean ranking error 0.0218064%, mean rank change 0.00308691%
[2025-12-08 14:01:33.236] [info] Iteration 85, mean ranking error 0.0208680%, mean rank change 0.00295714%
[2025-12-08 14:01:33.244] [info] Iteration 86, mean ranking error 0.0195567%, mean rank change 0.00284231%
[2025-12-08 14:01:33.253] [info] Iteration 87, mean ranking error 0.0190778%, mean rank change 0.00270401%
[2025-12-08 14:01:33.261] [info] Iteration 88, mean ranking error 0.0181851%, mean rank change 0.00258893%
[2025-12-08 14:01:33.269] [info] Iteration 89, mean ranking error 0.0176758%, mean rank change 0.00248027%
[2025-12-08 14:01:33.277] [info] Iteration 90, mean ranking error 0.0171438%, mean rank change 0.00238581%
[2025-12-08 14:01:33.285] [info] Iteration 91, mean ranking error 0.0164808%, mean rank change 0.00228864%
[2025-12-08 14:01:33.293] [info] Iteration 92, mean ranking error 0.0156719%, mean rank change 0.00220220%
[2025-12-08 14:01:33.301] [info] Iteration 93, mean ranking error 0.0150408%, mean rank change 0.00210404%
[2025-12-08 14:01:33.310] [info] Iteration 94, mean ranking error 0.0146587%, mean rank change 0.00202909%
[2025-12-08 14:01:33.317] [info] Iteration 95, mean ranking error 0.0141272%, mean rank change 0.00193846%
[2025-12-08 14:01:33.325] [info] Iteration 96, mean ranking error 0.0134252%, mean rank change 0.00186092%
[2025-12-08 14:01:33.333] [info] Iteration 97, mean ranking error 0.0129796%, mean rank change 0.00177535%
[2025-12-08 14:01:33.343] [info] Iteration 98, mean ranking error 0.0126447%, mean rank change 0.00169644%
[2025-12-08 14:01:33.352] [info] Iteration 99, mean ranking error 0.0121059%, mean rank change 0.00162149%
[2025-12-08 14:01:33.359] [info] Iteration 100, mean ranking error 0.0112786%, mean rank change 0.00154704%
[2025-12-08 14:01:33.367] [info] Iteration 101, mean ranking error 0.0109341%, mean rank change 0.00149296%
[2025-12-08 14:01:33.375] [info] Iteration 102, mean ranking error 0.0106375%, mean rank change 0.00142294%
[2025-12-08 14:01:33.382] [info] Iteration 103, mean ranking error 0.0102425%, mean rank change 0.00136059%
[2025-12-08 14:01:33.390] [info] Iteration 104, mean ranking error 0.00980517%, mean rank change 0.00130070%
[2025-12-08 14:01:33.390] [info] Time used in prioritization: 1s
[2025-12-08 14:01:33.390] [info] Number of iterations: 105
[2025-12-08 14:01:33.390] [info] Final convergence level: 0.00980517%
[2025-12-08 14:01:33.390] [info] Area under curve: 0.516974
[2025-12-08 14:01:33.390] [info] Writing feature info
[2025-12-08 14:01:33.391] [info] Writing feature curves
[2025-12-08 14:01:33.650] [info] Writing priority rank map
[2025-12-08 14:01:33.671] [info] Total time used: 3s
[2025-12-08 14:01:33.671] [info] Number of errors: 0
[2025-12-08 14:01:33.671] [info] Number of warnings: 0
[2025-12-08 14:01:33.671] [info] Done
