[2025-12-08 14:01:08.797] [info] Zonation 5 v2.4
[2025-12-08 14:01:08.797] [info] Arguments given: -w --mode=CAZ2 E:/code/cvjv-restoration-modelling/zonation/timeunit-summer_spatialunit-landscape-250m_mode-CAZ2/timeunit-summer_spatialunit-landscape-250m_mode-CAZ2_settings.z5 E:/code/cvjv-restoration-modelling/zonation/timeunit-summer_spatialunit-landscape-250m_mode-CAZ2
[2025-12-08 14:01:08.797] [info] Using 8-bit quantization
[2025-12-08 14:01:08.797] [info] Using 4 threads for computation
[2025-12-08 14:01:08.797] [info] Loading project "E:/code/cvjv-restoration-modelling/zonation/timeunit-summer_spatialunit-landscape-250m_mode-CAZ2/timeunit-summer_spatialunit-landscape-250m_mode-CAZ2_settings.z5"
[2025-12-08 14:01:08.798] [info] Using setting: feature list file = E:/code/cvjv-restoration-modelling/zonation/timeunit-summer_spatialunit-landscape-250m_mode-CAZ2/timeunit-summer_spatialunit-landscape-250m_mode-CAZ2_featurelist.txt
[2025-12-08 14:01:08.798] [info] Using default setting: curves output interval = 9.99999975e-05
[2025-12-08 14:01:08.798] [info] Using default setting: max iterations = 500
[2025-12-08 14:01:08.798] [info] Using default setting: mean ranking error threshold = 0.00999999978
[2025-12-08 14:01:08.798] [info] Using default setting: smoothing factor = 0
[2025-12-08 14:01:08.798] [info] Using default setting: stop on plateau = 0
[2025-12-08 14:01:08.798] [info] Using default setting: zero mode = all
[2025-12-08 14:01:08.798] [info] Using default setting: stop after preprocessing = 0
[2025-12-08 14:01:08.798] [info] Using default setting: quantization error warning threshold = 20
[2025-12-08 14:01:08.798] [info] Loading feature layer information from "E:\code\cvjv-restoration-modelling\zonation\timeunit-summer_spatialunit-landscape-250m_mode-CAZ2\timeunit-summer_spatialunit-landscape-250m_mode-CAZ2_featurelist.txt"
[2025-12-08 14:01:08.807] [info] Validating project
[2025-12-08 14:01:08.818] [info] Reading layer data
[2025-12-08 14:01:08.835] [info] Gathering data statistics
[2025-12-08 14:01:09.219] [info] Map dimensions (width * height): 696*867
[2025-12-08 14:01:09.219] [info] Number of grid cells in map (width * height): 603432
[2025-12-08 14:01:09.219] [info] Number of grid cells in map with data: 40246
[2025-12-08 14:01:09.219] [info] Input feature layer count: 7
[2025-12-08 14:01:09.219] [info] Feature layer count: 7
[2025-12-08 14:01:09.219] [info] Positive weight feature count: 2
[2025-12-08 14:01:09.219] [info] Negative weight feature count: 0
[2025-12-08 14:01:09.219] [info] Zero weight feature count: 5
[2025-12-08 14:01:09.219] [info] Total number of pixels with data across features: 281722
[2025-12-08 14:01:09.219] [info] Reading feature layers
[2025-12-08 14:01:09.697] [info] Mean feature extent across study area: 100.00%
[2025-12-08 14:01:09.697] [info] Memory usage of feature data: 863.67KB
[2025-12-08 14:01:09.697] [info] Mean quantization error: 0.00171936%
[2025-12-08 14:01:09.697] [info] Time used to read and preprocess layer data: 0s
[2025-12-08 14:01:09.697] [info] Computing priority rank
[2025-12-08 14:01:09.711] [info] Iteration 0, mean ranking error 0.292747%, mean rank change 1.19251%
[2025-12-08 14:01:09.718] [info] Iteration 1, mean ranking error 0.79695%, mean rank change 0.903030%
[2025-12-08 14:01:09.724] [info] Iteration 2, mean ranking error 0.757675%, mean rank change 0.683271%
[2025-12-08 14:01:09.730] [info] Iteration 3, mean ranking error 0.65581%, mean rank change 0.520604%
[2025-12-08 14:01:09.736] [info] Iteration 4, mean ranking error 0.538809%, mean rank change 0.397692%
[2025-12-08 14:01:09.743] [info] Iteration 5, mean ranking error 0.433854%, mean rank change 0.305224%
[2025-12-08 14:01:09.751] [info] Iteration 6, mean ranking error 0.345258%, mean rank change 0.241799%
[2025-12-08 14:01:09.758] [info] Iteration 7, mean ranking error 0.278364%, mean rank change 0.189965%
[2025-12-08 14:01:09.766] [info] Iteration 8, mean ranking error 0.238836%, mean rank change 0.142826%
[2025-12-08 14:01:09.773] [info] Iteration 9, mean ranking error 0.210985%, mean rank change 0.111168%
[2025-12-08 14:01:09.780] [info] Iteration 10, mean ranking error 0.182767%, mean rank change 0.0889025%
[2025-12-08 14:01:09.787] [info] Iteration 11, mean ranking error 0.157404%, mean rank change 0.0725482%
[2025-12-08 14:01:09.795] [info] Iteration 12, mean ranking error 0.135891%, mean rank change 0.0601570%
[2025-12-08 14:01:09.803] [info] Iteration 13, mean ranking error 0.118385%, mean rank change 0.0503529%
[2025-12-08 14:01:09.810] [info] Iteration 14, mean ranking error 0.102936%, mean rank change 0.0424079%
[2025-12-08 14:01:09.817] [info] Iteration 15, mean ranking error 0.0899061%, mean rank change 0.0359134%
[2025-12-08 14:01:09.823] [info] Iteration 16, mean ranking error 0.0789022%, mean rank change 0.0303782%
[2025-12-08 14:01:09.829] [info] Iteration 17, mean ranking error 0.0690434%, mean rank change 0.0257157%
[2025-12-08 14:01:09.835] [info] Iteration 18, mean ranking error 0.0599203%, mean rank change 0.0218756%
[2025-12-08 14:01:09.843] [info] Iteration 19, mean ranking error 0.0530013%, mean rank change 0.0187023%
[2025-12-08 14:01:09.850] [info] Iteration 20, mean ranking error 0.0463424%, mean rank change 0.0160586%
[2025-12-08 14:01:09.856] [info] Iteration 21, mean ranking error 0.0407662%, mean rank change 0.0137797%
[2025-12-08 14:01:09.863] [info] Iteration 22, mean ranking error 0.0356584%, mean rank change 0.0118755%
[2025-12-08 14:01:09.870] [info] Iteration 23, mean ranking error 0.031381%, mean rank change 0.0102489%
[2025-12-08 14:01:09.878] [info] Iteration 24, mean ranking error 0.0278001%, mean rank change 0.00888068%
[2025-12-08 14:01:09.884] [info] Iteration 25, mean ranking error 0.0246614%, mean rank change 0.00778396%
[2025-12-08 14:01:09.892] [info] Iteration 26, mean ranking error 0.0218456%, mean rank change 0.00682788%
[2025-12-08 14:01:09.900] [info] Iteration 27, mean ranking error 0.0192936%, mean rank change 0.00604504%
[2025-12-08 14:01:09.908] [info] Iteration 28, mean ranking error 0.0172613%, mean rank change 0.00534950%
[2025-12-08 14:01:09.925] [info] Iteration 29, mean ranking error 0.0152995%, mean rank change 0.00476299%
[2025-12-08 14:01:09.933] [info] Iteration 30, mean ranking error 0.0137126%, mean rank change 0.00423401%
[2025-12-08 14:01:09.942] [info] Iteration 31, mean ranking error 0.0122019%, mean rank change 0.00378493%
[2025-12-08 14:01:09.950] [info] Iteration 32, mean ranking error 0.0109664%, mean rank change 0.00340326%
[2025-12-08 14:01:09.958] [info] Iteration 33, mean ranking error 0.00977042%, mean rank change 0.00306901%
[2025-12-08 14:01:09.959] [info] Time used in prioritization: 0s
[2025-12-08 14:01:09.959] [info] Number of iterations: 34
[2025-12-08 14:01:09.959] [info] Final convergence level: 0.00977042%
[2025-12-08 14:01:09.959] [info] Area under curve: 0.561632
[2025-12-08 14:01:09.959] [info] Writing feature info
[2025-12-08 14:01:09.959] [info] Writing feature curves
[2025-12-08 14:01:10.163] [info] Writing priority rank map
[2025-12-08 14:01:10.189] [info] Total time used: 1s
[2025-12-08 14:01:10.189] [info] Number of errors: 0
[2025-12-08 14:01:10.189] [info] Number of warnings: 0
[2025-12-08 14:01:10.189] [info] Done
