[2025-12-08 14:01:10.321] [info] Zonation 5 v2.4
[2025-12-08 14:01:10.322] [info] Arguments given: -w --mode=CAZMAX E:/code/cvjv-restoration-modelling/zonation/timeunit-summer_spatialunit-landscape-5km_mode-CAZMAX/timeunit-summer_spatialunit-landscape-5km_mode-CAZMAX_settings.z5 E:/code/cvjv-restoration-modelling/zonation/timeunit-summer_spatialunit-landscape-5km_mode-CAZMAX
[2025-12-08 14:01:10.322] [info] Using 8-bit quantization
[2025-12-08 14:01:10.322] [info] Using 4 threads for computation
[2025-12-08 14:01:10.322] [info] Loading project "E:/code/cvjv-restoration-modelling/zonation/timeunit-summer_spatialunit-landscape-5km_mode-CAZMAX/timeunit-summer_spatialunit-landscape-5km_mode-CAZMAX_settings.z5"
[2025-12-08 14:01:10.322] [info] Using setting: feature list file = E:/code/cvjv-restoration-modelling/zonation/timeunit-summer_spatialunit-landscape-5km_mode-CAZMAX/timeunit-summer_spatialunit-landscape-5km_mode-CAZMAX_featurelist.txt
[2025-12-08 14:01:10.322] [info] Using default setting: curves output interval = 9.99999975e-05
[2025-12-08 14:01:10.322] [info] Using default setting: max iterations = 500
[2025-12-08 14:01:10.322] [info] Using default setting: mean ranking error threshold = 0.00999999978
[2025-12-08 14:01:10.322] [info] Using default setting: smoothing factor = 0
[2025-12-08 14:01:10.322] [info] Using default setting: stop on plateau = 0
[2025-12-08 14:01:10.322] [info] Using default setting: zero mode = all
[2025-12-08 14:01:10.322] [info] Using default setting: stop after preprocessing = 0
[2025-12-08 14:01:10.322] [info] Using default setting: quantization error warning threshold = 20
[2025-12-08 14:01:10.322] [info] Loading feature layer information from "E:\code\cvjv-restoration-modelling\zonation\timeunit-summer_spatialunit-landscape-5km_mode-CAZMAX\timeunit-summer_spatialunit-landscape-5km_mode-CAZMAX_featurelist.txt"
[2025-12-08 14:01:10.332] [info] Validating project
[2025-12-08 14:01:10.341] [info] Reading layer data
[2025-12-08 14:01:10.357] [info] Gathering data statistics
[2025-12-08 14:01:10.744] [info] Map dimensions (width * height): 696*867
[2025-12-08 14:01:10.744] [info] Number of grid cells in map (width * height): 603432
[2025-12-08 14:01:10.744] [info] Number of grid cells in map with data: 40246
[2025-12-08 14:01:10.744] [info] Input feature layer count: 7
[2025-12-08 14:01:10.744] [info] Feature layer count: 7
[2025-12-08 14:01:10.744] [info] Positive weight feature count: 2
[2025-12-08 14:01:10.744] [info] Negative weight feature count: 0
[2025-12-08 14:01:10.744] [info] Zero weight feature count: 5
[2025-12-08 14:01:10.744] [info] Total number of pixels with data across features: 281722
[2025-12-08 14:01:10.744] [info] Reading feature layers
[2025-12-08 14:01:11.211] [info] Mean feature extent across study area: 100.00%
[2025-12-08 14:01:11.211] [info] Memory usage of feature data: 863.67KB
[2025-12-08 14:01:11.211] [info] Mean quantization error: 0.00200585%
[2025-12-08 14:01:11.212] [info] Time used to read and preprocess layer data: 0s
[2025-12-08 14:01:11.212] [info] Computing priority rank
[2025-12-08 14:01:11.221] [info] Iteration 0, mean ranking error 0.568188%, mean rank change 2.38862%
[2025-12-08 14:01:11.226] [info] Iteration 1, mean ranking error 1.44853%, mean rank change 1.81751%
[2025-12-08 14:01:11.231] [info] Iteration 2, mean ranking error 1.51144%, mean rank change 1.36037%
[2025-12-08 14:01:11.236] [info] Iteration 3, mean ranking error 1.32454%, mean rank change 1.02304%
[2025-12-08 14:01:11.243] [info] Iteration 4, mean ranking error 1.11714%, mean rank change 0.77563%
[2025-12-08 14:01:11.249] [info] Iteration 5, mean ranking error 0.937393%, mean rank change 0.596845%
[2025-12-08 14:01:11.256] [info] Iteration 6, mean ranking error 0.809347%, mean rank change 0.467362%
[2025-12-08 14:01:11.263] [info] Iteration 7, mean ranking error 0.691052%, mean rank change 0.369497%
[2025-12-08 14:01:11.270] [info] Iteration 8, mean ranking error 0.601169%, mean rank change 0.297988%
[2025-12-08 14:01:11.278] [info] Iteration 9, mean ranking error 0.528396%, mean rank change 0.24384%
[2025-12-08 14:01:11.284] [info] Iteration 10, mean ranking error 0.464975%, mean rank change 0.204524%
[2025-12-08 14:01:11.292] [info] Iteration 11, mean ranking error 0.422902%, mean rank change 0.173654%
[2025-12-08 14:01:11.298] [info] Iteration 12, mean ranking error 0.377978%, mean rank change 0.149366%
[2025-12-08 14:01:11.305] [info] Iteration 13, mean ranking error 0.342234%, mean rank change 0.129846%
[2025-12-08 14:01:11.312] [info] Iteration 14, mean ranking error 0.312637%, mean rank change 0.115211%
[2025-12-08 14:01:11.319] [info] Iteration 15, mean ranking error 0.287918%, mean rank change 0.101581%
[2025-12-08 14:01:11.326] [info] Iteration 16, mean ranking error 0.26251%, mean rank change 0.0894048%
[2025-12-08 14:01:11.333] [info] Iteration 17, mean ranking error 0.240194%, mean rank change 0.0797268%
[2025-12-08 14:01:11.340] [info] Iteration 18, mean ranking error 0.225055%, mean rank change 0.0718553%
[2025-12-08 14:01:11.346] [info] Iteration 19, mean ranking error 0.207517%, mean rank change 0.0646248%
[2025-12-08 14:01:11.353] [info] Iteration 20, mean ranking error 0.189695%, mean rank change 0.0585467%
[2025-12-08 14:01:11.360] [info] Iteration 21, mean ranking error 0.177387%, mean rank change 0.0528823%
[2025-12-08 14:01:11.367] [info] Iteration 22, mean ranking error 0.165119%, mean rank change 0.0484143%
[2025-12-08 14:01:11.374] [info] Iteration 23, mean ranking error 0.154228%, mean rank change 0.0439762%
[2025-12-08 14:01:11.381] [info] Iteration 24, mean ranking error 0.145577%, mean rank change 0.0402950%
[2025-12-08 14:01:11.389] [info] Iteration 25, mean ranking error 0.136174%, mean rank change 0.0365633%
[2025-12-08 14:01:11.395] [info] Iteration 26, mean ranking error 0.126672%, mean rank change 0.0335498%
[2025-12-08 14:01:11.404] [info] Iteration 27, mean ranking error 0.120459%, mean rank change 0.0315352%
[2025-12-08 14:01:11.410] [info] Iteration 28, mean ranking error 0.115487%, mean rank change 0.0299579%
[2025-12-08 14:01:11.417] [info] Iteration 29, mean ranking error 0.110449%, mean rank change 0.0280470%
[2025-12-08 14:01:11.423] [info] Iteration 30, mean ranking error 0.103333%, mean rank change 0.0257967%
[2025-12-08 14:01:11.430] [info] Iteration 31, mean ranking error 0.0975493%, mean rank change 0.0236733%
[2025-12-08 14:01:11.436] [info] Iteration 32, mean ranking error 0.0912511%, mean rank change 0.021665%
[2025-12-08 14:01:11.442] [info] Iteration 33, mean ranking error 0.0867085%, mean rank change 0.0198886%
[2025-12-08 14:01:11.448] [info] Iteration 34, mean ranking error 0.0806084%, mean rank change 0.0183175%
[2025-12-08 14:01:11.454] [info] Iteration 35, mean ranking error 0.0762593%, mean rank change 0.0170654%
[2025-12-08 14:01:11.459] [info] Iteration 36, mean ranking error 0.0720087%, mean rank change 0.0160261%
[2025-12-08 14:01:11.466] [info] Iteration 37, mean ranking error 0.0683769%, mean rank change 0.015176%
[2025-12-08 14:01:11.472] [info] Iteration 38, mean ranking error 0.0647231%, mean rank change 0.0144596%
[2025-12-08 14:01:11.481] [info] Iteration 39, mean ranking error 0.0618441%, mean rank change 0.0137779%
[2025-12-08 14:01:11.487] [info] Iteration 40, mean ranking error 0.0599382%, mean rank change 0.0131132%
[2025-12-08 14:01:11.494] [info] Iteration 41, mean ranking error 0.0569846%, mean rank change 0.012442%
[2025-12-08 14:01:11.500] [info] Iteration 42, mean ranking error 0.0542543%, mean rank change 0.0117381%
[2025-12-08 14:01:11.510] [info] Iteration 43, mean ranking error 0.0511558%, mean rank change 0.0110688%
[2025-12-08 14:01:11.518] [info] Iteration 44, mean ranking error 0.0491351%, mean rank change 0.0103914%
[2025-12-08 14:01:11.604] [info] Iteration 45, mean ranking error 0.0465352%, mean rank change 0.00963957%
[2025-12-08 14:01:11.611] [info] Iteration 46, mean ranking error 0.0442337%, mean rank change 0.00889809%
[2025-12-08 14:01:11.618] [info] Iteration 47, mean ranking error 0.0418298%, mean rank change 0.00818069%
[2025-12-08 14:01:11.632] [info] Iteration 48, mean ranking error 0.0392169%, mean rank change 0.00751441%
[2025-12-08 14:01:11.639] [info] Iteration 49, mean ranking error 0.0374059%, mean rank change 0.00689407%
[2025-12-08 14:01:11.645] [info] Iteration 50, mean ranking error 0.0355365%, mean rank change 0.00638423%
[2025-12-08 14:01:11.652] [info] Iteration 51, mean ranking error 0.0338011%, mean rank change 0.00590267%
[2025-12-08 14:01:11.658] [info] Iteration 52, mean ranking error 0.0317267%, mean rank change 0.00541358%
[2025-12-08 14:01:11.664] [info] Iteration 53, mean ranking error 0.0298775%, mean rank change 0.00498006%
[2025-12-08 14:01:11.671] [info] Iteration 54, mean ranking error 0.0282144%, mean rank change 0.00459888%
[2025-12-08 14:01:11.677] [info] Iteration 55, mean ranking error 0.026572%, mean rank change 0.00424327%
[2025-12-08 14:01:11.684] [info] Iteration 56, mean ranking error 0.0246165%, mean rank change 0.00386655%
[2025-12-08 14:01:11.690] [info] Iteration 57, mean ranking error 0.0233983%, mean rank change 0.00357403%
[2025-12-08 14:01:11.697] [info] Iteration 58, mean ranking error 0.0220713%, mean rank change 0.00333930%
[2025-12-08 14:01:11.703] [info] Iteration 59, mean ranking error 0.0209591%, mean rank change 0.00312939%
[2025-12-08 14:01:11.709] [info] Iteration 60, mean ranking error 0.0199867%, mean rank change 0.00295578%
[2025-12-08 14:01:11.715] [info] Iteration 61, mean ranking error 0.0191742%, mean rank change 0.00278699%
[2025-12-08 14:01:11.720] [info] Iteration 62, mean ranking error 0.0183847%, mean rank change 0.00261622%
[2025-12-08 14:01:11.725] [info] Iteration 63, mean ranking error 0.0175674%, mean rank change 0.00248904%
[2025-12-08 14:01:11.732] [info] Iteration 64, mean ranking error 0.0167451%, mean rank change 0.00237001%
[2025-12-08 14:01:11.738] [info] Iteration 65, mean ranking error 0.015871%, mean rank change 0.00224159%
[2025-12-08 14:01:11.744] [info] Iteration 66, mean ranking error 0.0152653%, mean rank change 0.00211799%
[2025-12-08 14:01:11.751] [info] Iteration 67, mean ranking error 0.0145395%, mean rank change 0.00199995%
[2025-12-08 14:01:11.758] [info] Iteration 68, mean ranking error 0.0137473%, mean rank change 0.00187474%
[2025-12-08 14:01:11.764] [info] Iteration 69, mean ranking error 0.0131524%, mean rank change 0.00175226%
[2025-12-08 14:01:11.770] [info] Iteration 70, mean ranking error 0.0124267%, mean rank change 0.00161001%
[2025-12-08 14:01:11.777] [info] Iteration 71, mean ranking error 0.011665%, mean rank change 0.00148703%
[2025-12-08 14:01:11.782] [info] Iteration 72, mean ranking error 0.0109899%, mean rank change 0.00138454%
[2025-12-08 14:01:11.788] [info] Iteration 73, mean ranking error 0.0105324%, mean rank change 0.00127909%
[2025-12-08 14:01:11.795] [info] Iteration 74, mean ranking error 0.00999993%, mean rank change 0.00120130%
[2025-12-08 14:01:11.795] [info] Time used in prioritization: 0s
[2025-12-08 14:01:11.795] [info] Number of iterations: 75
[2025-12-08 14:01:11.795] [info] Final convergence level: 0.00999993%
[2025-12-08 14:01:11.795] [info] Area under curve: 0.547567
[2025-12-08 14:01:11.795] [info] Writing feature info
[2025-12-08 14:01:11.796] [info] Writing feature curves
[2025-12-08 14:01:11.971] [info] Writing priority rank map
[2025-12-08 14:01:11.996] [info] Total time used: 1s
[2025-12-08 14:01:11.996] [info] Number of errors: 0
[2025-12-08 14:01:11.996] [info] Number of warnings: 0
[2025-12-08 14:01:11.996] [info] Done
