[2025-12-08 14:01:33.798] [info] Zonation 5 v2.4
[2025-12-08 14:01:33.798] [info] Arguments given: -w --mode=CAZ2 E:/code/cvjv-restoration-modelling/zonation/timeunit-fall_spatialunit-combined-equal_mode-CAZ2/timeunit-fall_spatialunit-combined-equal_mode-CAZ2_settings.z5 E:/code/cvjv-restoration-modelling/zonation/timeunit-fall_spatialunit-combined-equal_mode-CAZ2
[2025-12-08 14:01:33.798] [info] Using 8-bit quantization
[2025-12-08 14:01:33.798] [info] Using 4 threads for computation
[2025-12-08 14:01:33.798] [info] Loading project "E:/code/cvjv-restoration-modelling/zonation/timeunit-fall_spatialunit-combined-equal_mode-CAZ2/timeunit-fall_spatialunit-combined-equal_mode-CAZ2_settings.z5"
[2025-12-08 14:01:33.799] [info] Using setting: feature list file = E:/code/cvjv-restoration-modelling/zonation/timeunit-fall_spatialunit-combined-equal_mode-CAZ2/timeunit-fall_spatialunit-combined-equal_mode-CAZ2_featurelist.txt
[2025-12-08 14:01:33.799] [info] Using default setting: curves output interval = 9.99999975e-05
[2025-12-08 14:01:33.799] [info] Using default setting: max iterations = 500
[2025-12-08 14:01:33.799] [info] Using default setting: mean ranking error threshold = 0.00999999978
[2025-12-08 14:01:33.799] [info] Using default setting: smoothing factor = 0
[2025-12-08 14:01:33.799] [info] Using default setting: stop on plateau = 0
[2025-12-08 14:01:33.799] [info] Using default setting: zero mode = all
[2025-12-08 14:01:33.799] [info] Using default setting: stop after preprocessing = 0
[2025-12-08 14:01:33.799] [info] Using default setting: quantization error warning threshold = 20
[2025-12-08 14:01:33.799] [info] Loading feature layer information from "E:\code\cvjv-restoration-modelling\zonation\timeunit-fall_spatialunit-combined-equal_mode-CAZ2\timeunit-fall_spatialunit-combined-equal_mode-CAZ2_featurelist.txt"
[2025-12-08 14:01:33.819] [info] Validating project
[2025-12-08 14:01:33.843] [info] Reading layer data
[2025-12-08 14:01:33.859] [info] Gathering data statistics
[2025-12-08 14:01:34.899] [info] Map dimensions (width * height): 696*867
[2025-12-08 14:01:34.899] [info] Number of grid cells in map (width * height): 603432
[2025-12-08 14:01:34.899] [info] Number of grid cells in map with data: 40246
[2025-12-08 14:01:34.899] [info] Input feature layer count: 21
[2025-12-08 14:01:34.899] [info] Feature layer count: 21
[2025-12-08 14:01:34.899] [info] Positive weight feature count: 21
[2025-12-08 14:01:34.899] [info] Negative weight feature count: 0
[2025-12-08 14:01:34.899] [info] Zero weight feature count: 0
[2025-12-08 14:01:34.899] [info] Total number of pixels with data across features: 845166
[2025-12-08 14:01:34.899] [info] Reading feature layers
[2025-12-08 14:01:35.962] [info] Mean feature extent across study area: 100.00%
[2025-12-08 14:01:35.962] [info] Memory usage of feature data: 1.50MB
[2025-12-08 14:01:35.962] [info] Mean quantization error: 0.00126278%
[2025-12-08 14:01:35.962] [info] Time used to read and preprocess layer data: 2s
[2025-12-08 14:01:35.962] [info] Computing priority rank
[2025-12-08 14:01:35.975] [info] Iteration 0, mean ranking error 0.573505%, mean rank change 0.364917%
[2025-12-08 14:01:35.983] [info] Iteration 1, mean ranking error 0.507004%, mean rank change 0.303279%
[2025-12-08 14:01:35.990] [info] Iteration 2, mean ranking error 0.449024%, mean rank change 0.254836%
[2025-12-08 14:01:35.999] [info] Iteration 3, mean ranking error 0.400091%, mean rank change 0.216488%
[2025-12-08 14:01:36.007] [info] Iteration 4, mean ranking error 0.358036%, mean rank change 0.186123%
[2025-12-08 14:01:36.016] [info] Iteration 5, mean ranking error 0.32243%, mean rank change 0.161647%
[2025-12-08 14:01:36.024] [info] Iteration 6, mean ranking error 0.293758%, mean rank change 0.141445%
[2025-12-08 14:01:36.034] [info] Iteration 7, mean ranking error 0.266598%, mean rank change 0.124759%
[2025-12-08 14:01:36.043] [info] Iteration 8, mean ranking error 0.244091%, mean rank change 0.110537%
[2025-12-08 14:01:36.052] [info] Iteration 9, mean ranking error 0.224568%, mean rank change 0.0985268%
[2025-12-08 14:01:36.059] [info] Iteration 10, mean ranking error 0.205381%, mean rank change 0.0881288%
[2025-12-08 14:01:36.067] [info] Iteration 11, mean ranking error 0.189697%, mean rank change 0.0792142%
[2025-12-08 14:01:36.075] [info] Iteration 12, mean ranking error 0.173403%, mean rank change 0.0713556%
[2025-12-08 14:01:36.083] [info] Iteration 13, mean ranking error 0.161317%, mean rank change 0.064484%
[2025-12-08 14:01:36.092] [info] Iteration 14, mean ranking error 0.148781%, mean rank change 0.0583395%
[2025-12-08 14:01:36.101] [info] Iteration 15, mean ranking error 0.137305%, mean rank change 0.0529092%
[2025-12-08 14:01:36.109] [info] Iteration 16, mean ranking error 0.127553%, mean rank change 0.0480576%
[2025-12-08 14:01:36.118] [info] Iteration 17, mean ranking error 0.118832%, mean rank change 0.0437748%
[2025-12-08 14:01:36.126] [info] Iteration 18, mean ranking error 0.109400%, mean rank change 0.0399397%
[2025-12-08 14:01:36.134] [info] Iteration 19, mean ranking error 0.101604%, mean rank change 0.0364367%
[2025-12-08 14:01:36.167] [info] Iteration 20, mean ranking error 0.0946151%, mean rank change 0.033293%
[2025-12-08 14:01:36.176] [info] Iteration 21, mean ranking error 0.0881231%, mean rank change 0.0304436%
[2025-12-08 14:01:36.189] [info] Iteration 22, mean ranking error 0.0817518%, mean rank change 0.0278787%
[2025-12-08 14:01:36.198] [info] Iteration 23, mean ranking error 0.0757882%, mean rank change 0.025542%
[2025-12-08 14:01:36.206] [info] Iteration 24, mean ranking error 0.0711304%, mean rank change 0.0233703%
[2025-12-08 14:01:36.214] [info] Iteration 25, mean ranking error 0.0655477%, mean rank change 0.0215121%
[2025-12-08 14:01:36.224] [info] Iteration 26, mean ranking error 0.0618022%, mean rank change 0.0197196%
[2025-12-08 14:01:36.234] [info] Iteration 27, mean ranking error 0.0572568%, mean rank change 0.0181727%
[2025-12-08 14:01:36.242] [info] Iteration 28, mean ranking error 0.0534364%, mean rank change 0.0167742%
[2025-12-08 14:01:36.251] [info] Iteration 29, mean ranking error 0.0496449%, mean rank change 0.0154459%
[2025-12-08 14:01:36.258] [info] Iteration 30, mean ranking error 0.0465887%, mean rank change 0.0142418%
[2025-12-08 14:01:36.266] [info] Iteration 31, mean ranking error 0.0432298%, mean rank change 0.0131584%
[2025-12-08 14:01:36.274] [info] Iteration 32, mean ranking error 0.0401368%, mean rank change 0.0122095%
[2025-12-08 14:01:36.284] [info] Iteration 33, mean ranking error 0.0372856%, mean rank change 0.0112534%
[2025-12-08 14:01:36.293] [info] Iteration 34, mean ranking error 0.0350351%, mean rank change 0.0104170%
[2025-12-08 14:01:36.302] [info] Iteration 35, mean ranking error 0.0329015%, mean rank change 0.00963525%
[2025-12-08 14:01:36.311] [info] Iteration 36, mean ranking error 0.0309023%, mean rank change 0.00893427%
[2025-12-08 14:01:36.319] [info] Iteration 37, mean ranking error 0.0287162%, mean rank change 0.00828207%
[2025-12-08 14:01:36.328] [info] Iteration 38, mean ranking error 0.0267434%, mean rank change 0.00767765%
[2025-12-08 14:01:36.337] [info] Iteration 39, mean ranking error 0.0253131%, mean rank change 0.00713015%
[2025-12-08 14:01:36.347] [info] Iteration 40, mean ranking error 0.0234822%, mean rank change 0.00662452%
[2025-12-08 14:01:36.356] [info] Iteration 41, mean ranking error 0.0217128%, mean rank change 0.00619396%
[2025-12-08 14:01:36.364] [info] Iteration 42, mean ranking error 0.0201330%, mean rank change 0.00573882%
[2025-12-08 14:01:36.371] [info] Iteration 43, mean ranking error 0.0188273%, mean rank change 0.00531937%
[2025-12-08 14:01:36.380] [info] Iteration 44, mean ranking error 0.0174127%, mean rank change 0.00494857%
[2025-12-08 14:01:36.388] [info] Iteration 45, mean ranking error 0.0161354%, mean rank change 0.00461074%
[2025-12-08 14:01:36.397] [info] Iteration 46, mean ranking error 0.0150473%, mean rank change 0.00426982%
[2025-12-08 14:01:36.405] [info] Iteration 47, mean ranking error 0.0140048%, mean rank change 0.00400435%
[2025-12-08 14:01:36.413] [info] Iteration 48, mean ranking error 0.0131395%, mean rank change 0.00371121%
[2025-12-08 14:01:36.422] [info] Iteration 49, mean ranking error 0.0120996%, mean rank change 0.00343499%
[2025-12-08 14:01:36.430] [info] Iteration 50, mean ranking error 0.0114165%, mean rank change 0.00318866%
[2025-12-08 14:01:36.439] [info] Iteration 51, mean ranking error 0.0103436%, mean rank change 0.00296443%
[2025-12-08 14:01:36.448] [info] Iteration 52, mean ranking error 0.00963132%, mean rank change 0.00274130%
[2025-12-08 14:01:36.448] [info] Time used in prioritization: 0s
[2025-12-08 14:01:36.448] [info] Number of iterations: 53
[2025-12-08 14:01:36.448] [info] Final convergence level: 0.00963132%
[2025-12-08 14:01:36.448] [info] Area under curve: 0.528606
[2025-12-08 14:01:36.448] [info] Writing feature info
[2025-12-08 14:01:36.449] [info] Writing feature curves
[2025-12-08 14:01:36.679] [info] Writing priority rank map
[2025-12-08 14:01:36.701] [info] Total time used: 2s
[2025-12-08 14:01:36.701] [info] Number of errors: 0
[2025-12-08 14:01:36.701] [info] Number of warnings: 0
[2025-12-08 14:01:36.701] [info] Done
