[2025-12-08 14:01:22.950] [info] Zonation 5 v2.4
[2025-12-08 14:01:22.950] [info] Arguments given: -w --mode=CAZMAX E:/code/cvjv-restoration-modelling/zonation/timeunit-fall_spatialunit-landscape-250m_mode-CAZMAX/timeunit-fall_spatialunit-landscape-250m_mode-CAZMAX_settings.z5 E:/code/cvjv-restoration-modelling/zonation/timeunit-fall_spatialunit-landscape-250m_mode-CAZMAX
[2025-12-08 14:01:22.950] [info] Using 8-bit quantization
[2025-12-08 14:01:22.950] [info] Using 4 threads for computation
[2025-12-08 14:01:22.950] [info] Loading project "E:/code/cvjv-restoration-modelling/zonation/timeunit-fall_spatialunit-landscape-250m_mode-CAZMAX/timeunit-fall_spatialunit-landscape-250m_mode-CAZMAX_settings.z5"
[2025-12-08 14:01:22.951] [info] Using setting: feature list file = E:/code/cvjv-restoration-modelling/zonation/timeunit-fall_spatialunit-landscape-250m_mode-CAZMAX/timeunit-fall_spatialunit-landscape-250m_mode-CAZMAX_featurelist.txt
[2025-12-08 14:01:22.951] [info] Using default setting: curves output interval = 9.99999975e-05
[2025-12-08 14:01:22.951] [info] Using default setting: max iterations = 500
[2025-12-08 14:01:22.951] [info] Using default setting: mean ranking error threshold = 0.00999999978
[2025-12-08 14:01:22.951] [info] Using default setting: smoothing factor = 0
[2025-12-08 14:01:22.951] [info] Using default setting: stop on plateau = 0
[2025-12-08 14:01:22.951] [info] Using default setting: zero mode = all
[2025-12-08 14:01:22.951] [info] Using default setting: stop after preprocessing = 0
[2025-12-08 14:01:22.951] [info] Using default setting: quantization error warning threshold = 20
[2025-12-08 14:01:22.951] [info] Loading feature layer information from "E:\code\cvjv-restoration-modelling\zonation\timeunit-fall_spatialunit-landscape-250m_mode-CAZMAX\timeunit-fall_spatialunit-landscape-250m_mode-CAZMAX_featurelist.txt"
[2025-12-08 14:01:22.960] [info] Validating project
[2025-12-08 14:01:22.970] [info] Reading layer data
[2025-12-08 14:01:22.987] [info] Gathering data statistics
[2025-12-08 14:01:23.392] [info] Map dimensions (width * height): 696*867
[2025-12-08 14:01:23.392] [info] Number of grid cells in map (width * height): 603432
[2025-12-08 14:01:23.392] [info] Number of grid cells in map with data: 40246
[2025-12-08 14:01:23.392] [info] Input feature layer count: 7
[2025-12-08 14:01:23.392] [info] Feature layer count: 7
[2025-12-08 14:01:23.392] [info] Positive weight feature count: 7
[2025-12-08 14:01:23.392] [info] Negative weight feature count: 0
[2025-12-08 14:01:23.392] [info] Zero weight feature count: 0
[2025-12-08 14:01:23.392] [info] Total number of pixels with data across features: 281722
[2025-12-08 14:01:23.392] [info] Reading feature layers
[2025-12-08 14:01:23.825] [info] Mean feature extent across study area: 100.00%
[2025-12-08 14:01:23.825] [info] Memory usage of feature data: 863.67KB
[2025-12-08 14:01:23.825] [info] Mean quantization error: 0.000867148%
[2025-12-08 14:01:23.825] [info] Time used to read and preprocess layer data: 0s
[2025-12-08 14:01:23.825] [info] Computing priority rank
[2025-12-08 14:01:23.837] [info] Iteration 0, mean ranking error 3.19176%, mean rank change 3.36288%
[2025-12-08 14:01:23.844] [info] Iteration 1, mean ranking error 3.62252%, mean rank change 2.92846%
[2025-12-08 14:01:23.851] [info] Iteration 2, mean ranking error 3.29299%, mean rank change 2.41176%
[2025-12-08 14:01:23.859] [info] Iteration 3, mean ranking error 2.88151%, mean rank change 1.93506%
[2025-12-08 14:01:23.866] [info] Iteration 4, mean ranking error 2.49842%, mean rank change 1.53751%
[2025-12-08 14:01:23.872] [info] Iteration 5, mean ranking error 2.17365%, mean rank change 1.23062%
[2025-12-08 14:01:23.879] [info] Iteration 6, mean ranking error 1.91382%, mean rank change 1.00111%
[2025-12-08 14:01:23.887] [info] Iteration 7, mean ranking error 1.70766%, mean rank change 0.829086%
[2025-12-08 14:01:23.894] [info] Iteration 8, mean ranking error 1.53509%, mean rank change 0.694069%
[2025-12-08 14:01:23.901] [info] Iteration 9, mean ranking error 1.39799%, mean rank change 0.589084%
[2025-12-08 14:01:23.907] [info] Iteration 10, mean ranking error 1.27115%, mean rank change 0.506448%
[2025-12-08 14:01:23.913] [info] Iteration 11, mean ranking error 1.17825%, mean rank change 0.440693%
[2025-12-08 14:01:23.919] [info] Iteration 12, mean ranking error 1.08906%, mean rank change 0.386506%
[2025-12-08 14:01:23.926] [info] Iteration 13, mean ranking error 1.00910%, mean rank change 0.341581%
[2025-12-08 14:01:23.933] [info] Iteration 14, mean ranking error 0.942571%, mean rank change 0.304154%
[2025-12-08 14:01:23.940] [info] Iteration 15, mean ranking error 0.876289%, mean rank change 0.272578%
[2025-12-08 14:01:23.946] [info] Iteration 16, mean ranking error 0.815235%, mean rank change 0.245929%
[2025-12-08 14:01:23.953] [info] Iteration 17, mean ranking error 0.76686%, mean rank change 0.222749%
[2025-12-08 14:01:23.960] [info] Iteration 18, mean ranking error 0.715599%, mean rank change 0.201724%
[2025-12-08 14:01:23.967] [info] Iteration 19, mean ranking error 0.665228%, mean rank change 0.183944%
[2025-12-08 14:01:23.974] [info] Iteration 20, mean ranking error 0.618396%, mean rank change 0.168012%
[2025-12-08 14:01:23.981] [info] Iteration 21, mean ranking error 0.57947%, mean rank change 0.154469%
[2025-12-08 14:01:23.988] [info] Iteration 22, mean ranking error 0.537035%, mean rank change 0.142442%
[2025-12-08 14:01:23.995] [info] Iteration 23, mean ranking error 0.500209%, mean rank change 0.131274%
[2025-12-08 14:01:24.002] [info] Iteration 24, mean ranking error 0.465746%, mean rank change 0.121012%
[2025-12-08 14:01:24.009] [info] Iteration 25, mean ranking error 0.432959%, mean rank change 0.112018%
[2025-12-08 14:01:24.017] [info] Iteration 26, mean ranking error 0.406828%, mean rank change 0.103806%
[2025-12-08 14:01:24.024] [info] Iteration 27, mean ranking error 0.380969%, mean rank change 0.0961008%
[2025-12-08 14:01:24.031] [info] Iteration 28, mean ranking error 0.355005%, mean rank change 0.0889297%
[2025-12-08 14:01:24.038] [info] Iteration 29, mean ranking error 0.332060%, mean rank change 0.0819712%
[2025-12-08 14:01:24.046] [info] Iteration 30, mean ranking error 0.308918%, mean rank change 0.0759346%
[2025-12-08 14:01:24.052] [info] Iteration 31, mean ranking error 0.285252%, mean rank change 0.0705738%
[2025-12-08 14:01:24.059] [info] Iteration 32, mean ranking error 0.269374%, mean rank change 0.065284%
[2025-12-08 14:01:24.066] [info] Iteration 33, mean ranking error 0.252415%, mean rank change 0.0605171%
[2025-12-08 14:01:24.073] [info] Iteration 34, mean ranking error 0.235858%, mean rank change 0.0559906%
[2025-12-08 14:01:24.081] [info] Iteration 35, mean ranking error 0.220417%, mean rank change 0.0520082%
[2025-12-08 14:01:24.115] [info] Iteration 36, mean ranking error 0.207085%, mean rank change 0.0483001%
[2025-12-08 14:01:24.126] [info] Iteration 37, mean ranking error 0.193413%, mean rank change 0.0447603%
[2025-12-08 14:01:24.133] [info] Iteration 38, mean ranking error 0.182535%, mean rank change 0.0415662%
[2025-12-08 14:01:24.140] [info] Iteration 39, mean ranking error 0.172157%, mean rank change 0.0386058%
[2025-12-08 14:01:24.147] [info] Iteration 40, mean ranking error 0.161813%, mean rank change 0.0358885%
[2025-12-08 14:01:24.154] [info] Iteration 41, mean ranking error 0.151052%, mean rank change 0.0332566%
[2025-12-08 14:01:24.161] [info] Iteration 42, mean ranking error 0.143504%, mean rank change 0.0311141%
[2025-12-08 14:01:24.167] [info] Iteration 43, mean ranking error 0.135157%, mean rank change 0.0290347%
[2025-12-08 14:01:24.174] [info] Iteration 44, mean ranking error 0.126699%, mean rank change 0.0271037%
[2025-12-08 14:01:24.181] [info] Iteration 45, mean ranking error 0.119931%, mean rank change 0.0253664%
[2025-12-08 14:01:24.188] [info] Iteration 46, mean ranking error 0.113037%, mean rank change 0.0237097%
[2025-12-08 14:01:24.194] [info] Iteration 47, mean ranking error 0.106897%, mean rank change 0.0222276%
[2025-12-08 14:01:24.202] [info] Iteration 48, mean ranking error 0.102346%, mean rank change 0.0207555%
[2025-12-08 14:01:24.209] [info] Iteration 49, mean ranking error 0.0967203%, mean rank change 0.0193147%
[2025-12-08 14:01:24.216] [info] Iteration 50, mean ranking error 0.091156%, mean rank change 0.0180659%
[2025-12-08 14:01:24.221] [info] Iteration 51, mean ranking error 0.0860351%, mean rank change 0.0169925%
[2025-12-08 14:01:24.227] [info] Iteration 52, mean ranking error 0.0817014%, mean rank change 0.0159612%
[2025-12-08 14:01:24.233] [info] Iteration 53, mean ranking error 0.0771732%, mean rank change 0.0149392%
[2025-12-08 14:01:24.240] [info] Iteration 54, mean ranking error 0.0730640%, mean rank change 0.0140015%
[2025-12-08 14:01:24.247] [info] Iteration 55, mean ranking error 0.0694095%, mean rank change 0.0132155%
[2025-12-08 14:01:24.254] [info] Iteration 56, mean ranking error 0.0661462%, mean rank change 0.0123706%
[2025-12-08 14:01:24.260] [info] Iteration 57, mean ranking error 0.0627206%, mean rank change 0.0118257%
[2025-12-08 14:01:24.268] [info] Iteration 58, mean ranking error 0.059962%, mean rank change 0.0111893%
[2025-12-08 14:01:24.275] [info] Iteration 59, mean ranking error 0.0565347%, mean rank change 0.0106090%
[2025-12-08 14:01:24.282] [info] Iteration 60, mean ranking error 0.0537827%, mean rank change 0.0100138%
[2025-12-08 14:01:24.289] [info] Iteration 61, mean ranking error 0.0517669%, mean rank change 0.00948843%
[2025-12-08 14:01:24.296] [info] Iteration 62, mean ranking error 0.0490849%, mean rank change 0.00914640%
[2025-12-08 14:01:24.303] [info] Iteration 63, mean ranking error 0.0470871%, mean rank change 0.00865151%
[2025-12-08 14:01:24.309] [info] Iteration 64, mean ranking error 0.0445765%, mean rank change 0.00818946%
[2025-12-08 14:01:24.316] [info] Iteration 65, mean ranking error 0.0424116%, mean rank change 0.00774371%
[2025-12-08 14:01:24.321] [info] Iteration 66, mean ranking error 0.0405586%, mean rank change 0.00737970%
[2025-12-08 14:01:24.328] [info] Iteration 67, mean ranking error 0.0384395%, mean rank change 0.00698396%
[2025-12-08 14:01:24.334] [info] Iteration 68, mean ranking error 0.0363741%, mean rank change 0.00663452%
[2025-12-08 14:01:24.341] [info] Iteration 69, mean ranking error 0.0347967%, mean rank change 0.00634830%
[2025-12-08 14:01:24.347] [info] Iteration 70, mean ranking error 0.0334327%, mean rank change 0.00604430%
[2025-12-08 14:01:24.352] [info] Iteration 71, mean ranking error 0.031734%, mean rank change 0.00581217%
[2025-12-08 14:01:24.359] [info] Iteration 72, mean ranking error 0.0305652%, mean rank change 0.00559929%
[2025-12-08 14:01:24.366] [info] Iteration 73, mean ranking error 0.0287803%, mean rank change 0.00538728%
[2025-12-08 14:01:24.372] [info] Iteration 74, mean ranking error 0.0273558%, mean rank change 0.00513959%
[2025-12-08 14:01:24.379] [info] Iteration 75, mean ranking error 0.0259283%, mean rank change 0.00484547%
[2025-12-08 14:01:24.386] [info] Iteration 76, mean ranking error 0.0245818%, mean rank change 0.00459222%
[2025-12-08 14:01:24.392] [info] Iteration 77, mean ranking error 0.0231812%, mean rank change 0.00440601%
[2025-12-08 14:01:24.400] [info] Iteration 78, mean ranking error 0.0221872%, mean rank change 0.00421784%
[2025-12-08 14:01:24.407] [info] Iteration 79, mean ranking error 0.0214931%, mean rank change 0.00403484%
[2025-12-08 14:01:24.414] [info] Iteration 80, mean ranking error 0.0205071%, mean rank change 0.00384988%
[2025-12-08 14:01:24.422] [info] Iteration 81, mean ranking error 0.0195452%, mean rank change 0.00369207%
[2025-12-08 14:01:24.428] [info] Iteration 82, mean ranking error 0.0186419%, mean rank change 0.00358341%
[2025-12-08 14:01:24.435] [info] Iteration 83, mean ranking error 0.0179157%, mean rank change 0.00344265%
[2025-12-08 14:01:24.440] [info] Iteration 84, mean ranking error 0.0170913%, mean rank change 0.00332757%
[2025-12-08 14:01:24.446] [info] Iteration 85, mean ranking error 0.0164541%, mean rank change 0.00325361%
[2025-12-08 14:01:24.451] [info] Iteration 86, mean ranking error 0.0157788%, mean rank change 0.00313532%
[2025-12-08 14:01:24.457] [info] Iteration 87, mean ranking error 0.0147872%, mean rank change 0.00302518%
[2025-12-08 14:01:24.462] [info] Iteration 88, mean ranking error 0.0140016%, mean rank change 0.00290009%
[2025-12-08 14:01:24.469] [info] Iteration 89, mean ranking error 0.0132734%, mean rank change 0.00278798%
[2025-12-08 14:01:24.476] [info] Iteration 90, mean ranking error 0.0126455%, mean rank change 0.00268018%
[2025-12-08 14:01:24.483] [info] Iteration 91, mean ranking error 0.0120477%, mean rank change 0.00255411%
[2025-12-08 14:01:24.489] [info] Iteration 92, mean ranking error 0.011419%, mean rank change 0.00245249%
[2025-12-08 14:01:24.496] [info] Iteration 93, mean ranking error 0.0108563%, mean rank change 0.00234568%
[2025-12-08 14:01:24.502] [info] Iteration 94, mean ranking error 0.0103645%, mean rank change 0.00223702%
[2025-12-08 14:01:24.509] [info] Iteration 95, mean ranking error 0.00981599%, mean rank change 0.00212923%
[2025-12-08 14:01:24.510] [info] Time used in prioritization: 0s
[2025-12-08 14:01:24.510] [info] Number of iterations: 96
[2025-12-08 14:01:24.510] [info] Final convergence level: 0.00981599%
[2025-12-08 14:01:24.510] [info] Area under curve: 0.521124
[2025-12-08 14:01:24.510] [info] Writing feature info
[2025-12-08 14:01:24.510] [info] Writing feature curves
[2025-12-08 14:01:24.633] [info] Writing priority rank map
[2025-12-08 14:01:24.665] [info] Total time used: 1s
[2025-12-08 14:01:24.665] [info] Number of errors: 0
[2025-12-08 14:01:24.665] [info] Number of warnings: 0
[2025-12-08 14:01:24.665] [info] Done
