[2025-12-08 14:02:01.037] [info] Zonation 5 v2.4
[2025-12-08 14:02:01.038] [info] Arguments given: -w --mode=CAZMAX E:/code/cvjv-restoration-modelling/zonation/timeunit-fullyear_spatialunit-landscape-250m_mode-CAZMAX/timeunit-fullyear_spatialunit-landscape-250m_mode-CAZMAX_settings.z5 E:/code/cvjv-restoration-modelling/zonation/timeunit-fullyear_spatialunit-landscape-250m_mode-CAZMAX
[2025-12-08 14:02:01.038] [info] Using 8-bit quantization
[2025-12-08 14:02:01.038] [info] Using 4 threads for computation
[2025-12-08 14:02:01.038] [info] Loading project "E:/code/cvjv-restoration-modelling/zonation/timeunit-fullyear_spatialunit-landscape-250m_mode-CAZMAX/timeunit-fullyear_spatialunit-landscape-250m_mode-CAZMAX_settings.z5"
[2025-12-08 14:02:01.038] [info] Using setting: feature list file = E:/code/cvjv-restoration-modelling/zonation/timeunit-fullyear_spatialunit-landscape-250m_mode-CAZMAX/timeunit-fullyear_spatialunit-landscape-250m_mode-CAZMAX_featurelist.txt
[2025-12-08 14:02:01.038] [info] Using default setting: curves output interval = 9.99999975e-05
[2025-12-08 14:02:01.038] [info] Using default setting: max iterations = 500
[2025-12-08 14:02:01.038] [info] Using default setting: mean ranking error threshold = 0.00999999978
[2025-12-08 14:02:01.038] [info] Using default setting: smoothing factor = 0
[2025-12-08 14:02:01.038] [info] Using default setting: stop on plateau = 0
[2025-12-08 14:02:01.038] [info] Using default setting: zero mode = all
[2025-12-08 14:02:01.038] [info] Using default setting: stop after preprocessing = 0
[2025-12-08 14:02:01.038] [info] Using default setting: quantization error warning threshold = 20
[2025-12-08 14:02:01.038] [info] Loading feature layer information from "E:\code\cvjv-restoration-modelling\zonation\timeunit-fullyear_spatialunit-landscape-250m_mode-CAZMAX\timeunit-fullyear_spatialunit-landscape-250m_mode-CAZMAX_featurelist.txt"
[2025-12-08 14:02:01.057] [info] Validating project
[2025-12-08 14:02:01.085] [info] Reading layer data
[2025-12-08 14:02:01.100] [info] Gathering data statistics
[2025-12-08 14:02:02.401] [info] Map dimensions (width * height): 696*867
[2025-12-08 14:02:02.401] [info] Number of grid cells in map (width * height): 603432
[2025-12-08 14:02:02.401] [info] Number of grid cells in map with data: 40246
[2025-12-08 14:02:02.401] [info] Input feature layer count: 28
[2025-12-08 14:02:02.401] [info] Feature layer count: 28
[2025-12-08 14:02:02.401] [info] Positive weight feature count: 23
[2025-12-08 14:02:02.401] [info] Negative weight feature count: 0
[2025-12-08 14:02:02.401] [info] Zero weight feature count: 5
[2025-12-08 14:02:02.401] [info] Total number of pixels with data across features: 1126888
[2025-12-08 14:02:02.401] [info] Reading feature layers
[2025-12-08 14:02:03.799] [info] Mean feature extent across study area: 100.00%
[2025-12-08 14:02:03.799] [info] Memory usage of feature data: 1.82MB
[2025-12-08 14:02:03.799] [info] Mean quantization error: 0.00119036%
[2025-12-08 14:02:03.800] [info] Time used to read and preprocess layer data: 2s
[2025-12-08 14:02:03.800] [info] Computing priority rank
[2025-12-08 14:02:03.814] [info] Iteration 0, mean ranking error 4.7185%, mean rank change 3.59643%
[2025-12-08 14:02:03.820] [info] Iteration 1, mean ranking error 4.29253%, mean rank change 2.72112%
[2025-12-08 14:02:03.827] [info] Iteration 2, mean ranking error 3.59171%, mean rank change 2.08553%
[2025-12-08 14:02:03.835] [info] Iteration 3, mean ranking error 3.0234%, mean rank change 1.63462%
[2025-12-08 14:02:03.843] [info] Iteration 4, mean ranking error 2.58816%, mean rank change 1.30681%
[2025-12-08 14:02:03.851] [info] Iteration 5, mean ranking error 2.25395%, mean rank change 1.06387%
[2025-12-08 14:02:03.859] [info] Iteration 6, mean ranking error 1.96216%, mean rank change 0.879711%
[2025-12-08 14:02:03.868] [info] Iteration 7, mean ranking error 1.72167%, mean rank change 0.737365%
[2025-12-08 14:02:03.876] [info] Iteration 8, mean ranking error 1.53295%, mean rank change 0.623052%
[2025-12-08 14:02:03.886] [info] Iteration 9, mean ranking error 1.35677%, mean rank change 0.531204%
[2025-12-08 14:02:03.895] [info] Iteration 10, mean ranking error 1.21115%, mean rank change 0.455409%
[2025-12-08 14:02:03.904] [info] Iteration 11, mean ranking error 1.07032%, mean rank change 0.392622%
[2025-12-08 14:02:03.914] [info] Iteration 12, mean ranking error 0.960582%, mean rank change 0.33822%
[2025-12-08 14:02:03.922] [info] Iteration 13, mean ranking error 0.854531%, mean rank change 0.292058%
[2025-12-08 14:02:03.931] [info] Iteration 14, mean ranking error 0.772588%, mean rank change 0.252895%
[2025-12-08 14:02:03.939] [info] Iteration 15, mean ranking error 0.691985%, mean rank change 0.219473%
[2025-12-08 14:02:03.946] [info] Iteration 16, mean ranking error 0.621397%, mean rank change 0.190939%
[2025-12-08 14:02:03.953] [info] Iteration 17, mean ranking error 0.562651%, mean rank change 0.166388%
[2025-12-08 14:02:03.962] [info] Iteration 18, mean ranking error 0.507297%, mean rank change 0.144928%
[2025-12-08 14:02:03.970] [info] Iteration 19, mean ranking error 0.459841%, mean rank change 0.126685%
[2025-12-08 14:02:03.979] [info] Iteration 20, mean ranking error 0.420382%, mean rank change 0.110841%
[2025-12-08 14:02:03.988] [info] Iteration 21, mean ranking error 0.381897%, mean rank change 0.0973276%
[2025-12-08 14:02:03.996] [info] Iteration 22, mean ranking error 0.345070%, mean rank change 0.0858866%
[2025-12-08 14:02:04.006] [info] Iteration 23, mean ranking error 0.317238%, mean rank change 0.0760344%
[2025-12-08 14:02:04.014] [info] Iteration 24, mean ranking error 0.286036%, mean rank change 0.0677484%
[2025-12-08 14:02:04.023] [info] Iteration 25, mean ranking error 0.263798%, mean rank change 0.0603035%
[2025-12-08 14:02:04.032] [info] Iteration 26, mean ranking error 0.245192%, mean rank change 0.054256%
[2025-12-08 14:02:04.039] [info] Iteration 27, mean ranking error 0.224137%, mean rank change 0.0488735%
[2025-12-08 14:02:04.046] [info] Iteration 28, mean ranking error 0.208953%, mean rank change 0.0439683%
[2025-12-08 14:02:04.054] [info] Iteration 29, mean ranking error 0.192221%, mean rank change 0.0397497%
[2025-12-08 14:02:04.062] [info] Iteration 30, mean ranking error 0.178196%, mean rank change 0.0360345%
[2025-12-08 14:02:04.069] [info] Iteration 31, mean ranking error 0.165209%, mean rank change 0.0326998%
[2025-12-08 14:02:04.076] [info] Iteration 32, mean ranking error 0.152992%, mean rank change 0.0296451%
[2025-12-08 14:02:04.085] [info] Iteration 33, mean ranking error 0.14241%, mean rank change 0.0269217%
[2025-12-08 14:02:04.092] [info] Iteration 34, mean ranking error 0.133346%, mean rank change 0.024445%
[2025-12-08 14:02:04.101] [info] Iteration 35, mean ranking error 0.124564%, mean rank change 0.0223364%
[2025-12-08 14:02:04.110] [info] Iteration 36, mean ranking error 0.118024%, mean rank change 0.0204730%
[2025-12-08 14:02:04.119] [info] Iteration 37, mean ranking error 0.110319%, mean rank change 0.0188222%
[2025-12-08 14:02:04.156] [info] Iteration 38, mean ranking error 0.103022%, mean rank change 0.0172799%
[2025-12-08 14:02:04.168] [info] Iteration 39, mean ranking error 0.0964024%, mean rank change 0.0158614%
[2025-12-08 14:02:04.176] [info] Iteration 40, mean ranking error 0.0919296%, mean rank change 0.0146574%
[2025-12-08 14:02:04.183] [info] Iteration 41, mean ranking error 0.0862061%, mean rank change 0.0135746%
[2025-12-08 14:02:04.190] [info] Iteration 42, mean ranking error 0.0811721%, mean rank change 0.012597%
[2025-12-08 14:02:04.197] [info] Iteration 43, mean ranking error 0.0768995%, mean rank change 0.0117914%
[2025-12-08 14:02:04.205] [info] Iteration 44, mean ranking error 0.0730891%, mean rank change 0.0109677%
[2025-12-08 14:02:04.212] [info] Iteration 45, mean ranking error 0.0696342%, mean rank change 0.0102645%
[2025-12-08 14:02:04.221] [info] Iteration 46, mean ranking error 0.0661005%, mean rank change 0.00965155%
[2025-12-08 14:02:04.228] [info] Iteration 47, mean ranking error 0.0634813%, mean rank change 0.00908516%
[2025-12-08 14:02:04.236] [info] Iteration 48, mean ranking error 0.0595382%, mean rank change 0.00856051%
[2025-12-08 14:02:04.244] [info] Iteration 49, mean ranking error 0.0568935%, mean rank change 0.00806672%
[2025-12-08 14:02:04.252] [info] Iteration 50, mean ranking error 0.0549531%, mean rank change 0.00759998%
[2025-12-08 14:02:04.259] [info] Iteration 51, mean ranking error 0.0523052%, mean rank change 0.00714114%
[2025-12-08 14:02:04.266] [info] Iteration 52, mean ranking error 0.0496446%, mean rank change 0.00671033%
[2025-12-08 14:02:04.274] [info] Iteration 53, mean ranking error 0.047435%, mean rank change 0.00630928%
[2025-12-08 14:02:04.282] [info] Iteration 54, mean ranking error 0.0457094%, mean rank change 0.00597120%
[2025-12-08 14:02:04.290] [info] Iteration 55, mean ranking error 0.0438738%, mean rank change 0.00561732%
[2025-12-08 14:02:04.298] [info] Iteration 56, mean ranking error 0.0415176%, mean rank change 0.00531023%
[2025-12-08 14:02:04.305] [info] Iteration 57, mean ranking error 0.0403000%, mean rank change 0.00501463%
[2025-12-08 14:02:04.313] [info] Iteration 58, mean ranking error 0.0384854%, mean rank change 0.00472705%
[2025-12-08 14:02:04.322] [info] Iteration 59, mean ranking error 0.0370339%, mean rank change 0.00450714%
[2025-12-08 14:02:04.330] [info] Iteration 60, mean ranking error 0.0354715%, mean rank change 0.00428365%
[2025-12-08 14:02:04.338] [info] Iteration 61, mean ranking error 0.0339937%, mean rank change 0.00407954%
[2025-12-08 14:02:04.347] [info] Iteration 62, mean ranking error 0.0327202%, mean rank change 0.00388013%
[2025-12-08 14:02:04.355] [info] Iteration 63, mean ranking error 0.0312674%, mean rank change 0.00372060%
[2025-12-08 14:02:04.363] [info] Iteration 64, mean ranking error 0.029915%, mean rank change 0.00353884%
[2025-12-08 14:02:04.370] [info] Iteration 65, mean ranking error 0.0289060%, mean rank change 0.00339079%
[2025-12-08 14:02:04.379] [info] Iteration 66, mean ranking error 0.0278666%, mean rank change 0.00327065%
[2025-12-08 14:02:04.388] [info] Iteration 67, mean ranking error 0.0270953%, mean rank change 0.00311593%
[2025-12-08 14:02:04.395] [info] Iteration 68, mean ranking error 0.0262534%, mean rank change 0.00296751%
[2025-12-08 14:02:04.402] [info] Iteration 69, mean ranking error 0.024979%, mean rank change 0.00286392%
[2025-12-08 14:02:04.411] [info] Iteration 70, mean ranking error 0.024536%, mean rank change 0.00274377%
[2025-12-08 14:02:04.420] [info] Iteration 71, mean ranking error 0.0236768%, mean rank change 0.00264289%
[2025-12-08 14:02:04.429] [info] Iteration 72, mean ranking error 0.0228544%, mean rank change 0.00254695%
[2025-12-08 14:02:04.439] [info] Iteration 73, mean ranking error 0.0222301%, mean rank change 0.00246941%
[2025-12-08 14:02:04.447] [info] Iteration 74, mean ranking error 0.0215115%, mean rank change 0.00237717%
[2025-12-08 14:02:04.455] [info] Iteration 75, mean ranking error 0.0208404%, mean rank change 0.00229494%
[2025-12-08 14:02:04.462] [info] Iteration 76, mean ranking error 0.0201526%, mean rank change 0.00221455%
[2025-12-08 14:02:04.470] [info] Iteration 77, mean ranking error 0.0196555%, mean rank change 0.00212923%
[2025-12-08 14:02:04.478] [info] Iteration 78, mean ranking error 0.0189792%, mean rank change 0.00206132%
[2025-12-08 14:02:04.486] [info] Iteration 79, mean ranking error 0.0186368%, mean rank change 0.00198674%
[2025-12-08 14:02:04.494] [info] Iteration 80, mean ranking error 0.0179094%, mean rank change 0.00192784%
[2025-12-08 14:02:04.503] [info] Iteration 81, mean ranking error 0.0173301%, mean rank change 0.00185104%
[2025-12-08 14:02:04.511] [info] Iteration 82, mean ranking error 0.0167060%, mean rank change 0.00178424%
[2025-12-08 14:02:04.521] [info] Iteration 83, mean ranking error 0.0164576%, mean rank change 0.00172707%
[2025-12-08 14:02:04.529] [info] Iteration 84, mean ranking error 0.0160171%, mean rank change 0.00167755%
[2025-12-08 14:02:04.538] [info] Iteration 85, mean ranking error 0.0156252%, mean rank change 0.00163545%
[2025-12-08 14:02:04.547] [info] Iteration 86, mean ranking error 0.0153027%, mean rank change 0.00158272%
[2025-12-08 14:02:04.556] [info] Iteration 87, mean ranking error 0.0147778%, mean rank change 0.00153852%
[2025-12-08 14:02:04.566] [info] Iteration 88, mean ranking error 0.0145694%, mean rank change 0.00148999%
[2025-12-08 14:02:04.574] [info] Iteration 89, mean ranking error 0.0139719%, mean rank change 0.00143813%
[2025-12-08 14:02:04.583] [info] Iteration 90, mean ranking error 0.0134347%, mean rank change 0.00139763%
[2025-12-08 14:02:04.592] [info] Iteration 91, mean ranking error 0.0133596%, mean rank change 0.00135960%
[2025-12-08 14:02:04.600] [info] Iteration 92, mean ranking error 0.0131451%, mean rank change 0.00133219%
[2025-12-08 14:02:04.608] [info] Iteration 93, mean ranking error 0.0125155%, mean rank change 0.00130021%
[2025-12-08 14:02:04.616] [info] Iteration 94, mean ranking error 0.0121341%, mean rank change 0.00126119%
[2025-12-08 14:02:04.623] [info] Iteration 95, mean ranking error 0.0119537%, mean rank change 0.00122625%
[2025-12-08 14:02:04.631] [info] Iteration 96, mean ranking error 0.0115943%, mean rank change 0.00120637%
[2025-12-08 14:02:04.640] [info] Iteration 97, mean ranking error 0.0115302%, mean rank change 0.00117760%
[2025-12-08 14:02:04.650] [info] Iteration 98, mean ranking error 0.0110469%, mean rank change 0.00116068%
[2025-12-08 14:02:04.661] [info] Iteration 99, mean ranking error 0.0108029%, mean rank change 0.00111969%
[2025-12-08 14:02:04.671] [info] Iteration 100, mean ranking error 0.0105995%, mean rank change 0.00109116%
[2025-12-08 14:02:04.681] [info] Iteration 101, mean ranking error 0.0103148%, mean rank change 0.00105486%
[2025-12-08 14:02:04.691] [info] Iteration 102, mean ranking error 0.0100735%, mean rank change 0.00103782%
[2025-12-08 14:02:04.700] [info] Iteration 103, mean ranking error 0.00979524%, mean rank change 0.00102251%
[2025-12-08 14:02:04.700] [info] Time used in prioritization: 0s
[2025-12-08 14:02:04.700] [info] Number of iterations: 104
[2025-12-08 14:02:04.700] [info] Final convergence level: 0.00979524%
[2025-12-08 14:02:04.700] [info] Area under curve: 0.519574
[2025-12-08 14:02:04.700] [info] Writing feature info
[2025-12-08 14:02:04.701] [info] Writing feature curves
[2025-12-08 14:02:04.978] [info] Writing priority rank map
[2025-12-08 14:02:04.999] [info] Total time used: 3s
[2025-12-08 14:02:04.999] [info] Number of errors: 0
[2025-12-08 14:02:04.999] [info] Number of warnings: 0
[2025-12-08 14:02:04.999] [info] Done
