[2025-12-08 14:01:16.773] [info] Zonation 5 v2.4
[2025-12-08 14:01:16.773] [info] Arguments given: -w --mode=CAZ2 E:/code/cvjv-restoration-modelling/zonation/timeunit-summer_spatialunit-combined-equal_mode-CAZ2/timeunit-summer_spatialunit-combined-equal_mode-CAZ2_settings.z5 E:/code/cvjv-restoration-modelling/zonation/timeunit-summer_spatialunit-combined-equal_mode-CAZ2
[2025-12-08 14:01:16.773] [info] Using 8-bit quantization
[2025-12-08 14:01:16.773] [info] Using 4 threads for computation
[2025-12-08 14:01:16.773] [info] Loading project "E:/code/cvjv-restoration-modelling/zonation/timeunit-summer_spatialunit-combined-equal_mode-CAZ2/timeunit-summer_spatialunit-combined-equal_mode-CAZ2_settings.z5"
[2025-12-08 14:01:16.773] [info] Using setting: feature list file = E:/code/cvjv-restoration-modelling/zonation/timeunit-summer_spatialunit-combined-equal_mode-CAZ2/timeunit-summer_spatialunit-combined-equal_mode-CAZ2_featurelist.txt
[2025-12-08 14:01:16.774] [info] Using default setting: curves output interval = 9.99999975e-05
[2025-12-08 14:01:16.774] [info] Using default setting: max iterations = 500
[2025-12-08 14:01:16.774] [info] Using default setting: mean ranking error threshold = 0.00999999978
[2025-12-08 14:01:16.774] [info] Using default setting: smoothing factor = 0
[2025-12-08 14:01:16.774] [info] Using default setting: stop on plateau = 0
[2025-12-08 14:01:16.774] [info] Using default setting: zero mode = all
[2025-12-08 14:01:16.774] [info] Using default setting: stop after preprocessing = 0
[2025-12-08 14:01:16.774] [info] Using default setting: quantization error warning threshold = 20
[2025-12-08 14:01:16.774] [info] Loading feature layer information from "E:\code\cvjv-restoration-modelling\zonation\timeunit-summer_spatialunit-combined-equal_mode-CAZ2\timeunit-summer_spatialunit-combined-equal_mode-CAZ2_featurelist.txt"
[2025-12-08 14:01:16.793] [info] Validating project
[2025-12-08 14:01:16.815] [info] Reading layer data
[2025-12-08 14:01:16.835] [info] Gathering data statistics
[2025-12-08 14:01:17.861] [info] Map dimensions (width * height): 696*867
[2025-12-08 14:01:17.861] [info] Number of grid cells in map (width * height): 603432
[2025-12-08 14:01:17.861] [info] Number of grid cells in map with data: 40246
[2025-12-08 14:01:17.861] [info] Input feature layer count: 21
[2025-12-08 14:01:17.861] [info] Feature layer count: 21
[2025-12-08 14:01:17.861] [info] Positive weight feature count: 6
[2025-12-08 14:01:17.861] [info] Negative weight feature count: 0
[2025-12-08 14:01:17.861] [info] Zero weight feature count: 15
[2025-12-08 14:01:17.861] [info] Total number of pixels with data across features: 845166
[2025-12-08 14:01:17.861] [info] Reading feature layers
[2025-12-08 14:01:18.964] [info] Mean feature extent across study area: 100.00%
[2025-12-08 14:01:18.964] [info] Memory usage of feature data: 1.50MB
[2025-12-08 14:01:18.964] [info] Mean quantization error: 0.00203706%
[2025-12-08 14:01:18.964] [info] Time used to read and preprocess layer data: 2s
[2025-12-08 14:01:18.964] [info] Computing priority rank
[2025-12-08 14:01:18.978] [info] Iteration 0, mean ranking error 1.10792%, mean rank change 0.918013%
[2025-12-08 14:01:18.986] [info] Iteration 1, mean ranking error 0.941754%, mean rank change 0.707873%
[2025-12-08 14:01:18.994] [info] Iteration 2, mean ranking error 0.758873%, mean rank change 0.547568%
[2025-12-08 14:01:19.002] [info] Iteration 3, mean ranking error 0.607370%, mean rank change 0.424153%
[2025-12-08 14:01:19.010] [info] Iteration 4, mean ranking error 0.490005%, mean rank change 0.329362%
[2025-12-08 14:01:19.018] [info] Iteration 5, mean ranking error 0.39168%, mean rank change 0.256741%
[2025-12-08 14:01:19.026] [info] Iteration 6, mean ranking error 0.317513%, mean rank change 0.201145%
[2025-12-08 14:01:19.033] [info] Iteration 7, mean ranking error 0.261414%, mean rank change 0.158348%
[2025-12-08 14:01:19.043] [info] Iteration 8, mean ranking error 0.216142%, mean rank change 0.125468%
[2025-12-08 14:01:19.050] [info] Iteration 9, mean ranking error 0.179508%, mean rank change 0.0999575%
[2025-12-08 14:01:19.059] [info] Iteration 10, mean ranking error 0.149572%, mean rank change 0.0800110%
[2025-12-08 14:01:19.067] [info] Iteration 11, mean ranking error 0.124648%, mean rank change 0.0644335%
[2025-12-08 14:01:19.075] [info] Iteration 12, mean ranking error 0.106283%, mean rank change 0.0520950%
[2025-12-08 14:01:19.085] [info] Iteration 13, mean ranking error 0.0889648%, mean rank change 0.0424714%
[2025-12-08 14:01:19.094] [info] Iteration 14, mean ranking error 0.0761656%, mean rank change 0.0346623%
[2025-12-08 14:01:19.104] [info] Iteration 15, mean ranking error 0.0648698%, mean rank change 0.02849%
[2025-12-08 14:01:19.113] [info] Iteration 16, mean ranking error 0.0557798%, mean rank change 0.0235266%
[2025-12-08 14:01:19.122] [info] Iteration 17, mean ranking error 0.0479095%, mean rank change 0.0195693%
[2025-12-08 14:01:19.130] [info] Iteration 18, mean ranking error 0.0418183%, mean rank change 0.0163243%
[2025-12-08 14:01:19.139] [info] Iteration 19, mean ranking error 0.0359659%, mean rank change 0.0137178%
[2025-12-08 14:01:19.147] [info] Iteration 20, mean ranking error 0.0314864%, mean rank change 0.0115764%
[2025-12-08 14:01:19.155] [info] Iteration 21, mean ranking error 0.0272814%, mean rank change 0.00980132%
[2025-12-08 14:01:19.163] [info] Iteration 22, mean ranking error 0.0237915%, mean rank change 0.00837863%
[2025-12-08 14:01:19.171] [info] Iteration 23, mean ranking error 0.0210701%, mean rank change 0.00714781%
[2025-12-08 14:01:19.178] [info] Iteration 24, mean ranking error 0.0182902%, mean rank change 0.00612851%
[2025-12-08 14:01:19.186] [info] Iteration 25, mean ranking error 0.0158529%, mean rank change 0.00527047%
[2025-12-08 14:01:19.194] [info] Iteration 26, mean ranking error 0.0138263%, mean rank change 0.00453616%
[2025-12-08 14:01:19.203] [info] Iteration 27, mean ranking error 0.0121733%, mean rank change 0.00391273%
[2025-12-08 14:01:19.211] [info] Iteration 28, mean ranking error 0.0104829%, mean rank change 0.00337881%
[2025-12-08 14:01:19.220] [info] Iteration 29, mean ranking error 0.00927015%, mean rank change 0.00292639%
[2025-12-08 14:01:19.220] [info] Time used in prioritization: 0s
[2025-12-08 14:01:19.220] [info] Number of iterations: 30
[2025-12-08 14:01:19.220] [info] Final convergence level: 0.00927015%
[2025-12-08 14:01:19.220] [info] Area under curve: 0.558182
[2025-12-08 14:01:19.220] [info] Writing feature info
[2025-12-08 14:01:19.221] [info] Writing feature curves
[2025-12-08 14:01:19.437] [info] Writing priority rank map
[2025-12-08 14:01:19.459] [info] Total time used: 2s
[2025-12-08 14:01:19.459] [info] Number of errors: 0
[2025-12-08 14:01:19.459] [info] Number of warnings: 0
[2025-12-08 14:01:19.459] [info] Done
