[2025-12-08 14:01:05.633] [info] Zonation 5 v2.4
[2025-12-08 14:01:05.634] [info] Arguments given: -w --mode=CAZ2 E:/code/cvjv-restoration-modelling/zonation/timeunit-summer_spatialunit-inside_mode-CAZ2/timeunit-summer_spatialunit-inside_mode-CAZ2_settings.z5 E:/code/cvjv-restoration-modelling/zonation/timeunit-summer_spatialunit-inside_mode-CAZ2
[2025-12-08 14:01:05.634] [info] Using 8-bit quantization
[2025-12-08 14:01:05.634] [info] Using 4 threads for computation
[2025-12-08 14:01:05.634] [info] Loading project "E:/code/cvjv-restoration-modelling/zonation/timeunit-summer_spatialunit-inside_mode-CAZ2/timeunit-summer_spatialunit-inside_mode-CAZ2_settings.z5"
[2025-12-08 14:01:05.634] [info] Using setting: feature list file = E:/code/cvjv-restoration-modelling/zonation/timeunit-summer_spatialunit-inside_mode-CAZ2/timeunit-summer_spatialunit-inside_mode-CAZ2_featurelist.txt
[2025-12-08 14:01:05.635] [info] Using default setting: curves output interval = 9.99999975e-05
[2025-12-08 14:01:05.635] [info] Using default setting: max iterations = 500
[2025-12-08 14:01:05.635] [info] Using default setting: mean ranking error threshold = 0.00999999978
[2025-12-08 14:01:05.635] [info] Using default setting: smoothing factor = 0
[2025-12-08 14:01:05.635] [info] Using default setting: stop on plateau = 0
[2025-12-08 14:01:05.635] [info] Using default setting: zero mode = all
[2025-12-08 14:01:05.635] [info] Using default setting: stop after preprocessing = 0
[2025-12-08 14:01:05.635] [info] Using default setting: quantization error warning threshold = 20
[2025-12-08 14:01:05.635] [info] Loading feature layer information from "E:\code\cvjv-restoration-modelling\zonation\timeunit-summer_spatialunit-inside_mode-CAZ2\timeunit-summer_spatialunit-inside_mode-CAZ2_featurelist.txt"
[2025-12-08 14:01:05.646] [info] Validating project
[2025-12-08 14:01:05.656] [info] Reading layer data
[2025-12-08 14:01:05.677] [info] Gathering data statistics
[2025-12-08 14:01:06.076] [info] Map dimensions (width * height): 696*867
[2025-12-08 14:01:06.076] [info] Number of grid cells in map (width * height): 603432
[2025-12-08 14:01:06.076] [info] Number of grid cells in map with data: 40246
[2025-12-08 14:01:06.076] [info] Input feature layer count: 7
[2025-12-08 14:01:06.076] [info] Feature layer count: 7
[2025-12-08 14:01:06.076] [info] Positive weight feature count: 2
[2025-12-08 14:01:06.076] [info] Negative weight feature count: 0
[2025-12-08 14:01:06.076] [info] Zero weight feature count: 5
[2025-12-08 14:01:06.076] [info] Total number of pixels with data across features: 281722
[2025-12-08 14:01:06.076] [info] Reading feature layers
[2025-12-08 14:01:06.513] [info] Mean feature extent across study area: 100.00%
[2025-12-08 14:01:06.513] [info] Memory usage of feature data: 863.67KB
[2025-12-08 14:01:06.513] [info] Mean quantization error: 0.00238598%
[2025-12-08 14:01:06.513] [info] Time used to read and preprocess layer data: 0s
[2025-12-08 14:01:06.513] [info] Computing priority rank
[2025-12-08 14:01:06.527] [info] Iteration 0, mean ranking error 0.409570%, mean rank change 1.20179%
[2025-12-08 14:01:06.534] [info] Iteration 1, mean ranking error 0.870636%, mean rank change 0.904913%
[2025-12-08 14:01:06.541] [info] Iteration 2, mean ranking error 0.759585%, mean rank change 0.682165%
[2025-12-08 14:01:06.548] [info] Iteration 3, mean ranking error 0.667344%, mean rank change 0.516396%
[2025-12-08 14:01:06.554] [info] Iteration 4, mean ranking error 0.531014%, mean rank change 0.393529%
[2025-12-08 14:01:06.560] [info] Iteration 5, mean ranking error 0.422635%, mean rank change 0.303286%
[2025-12-08 14:01:06.565] [info] Iteration 6, mean ranking error 0.333689%, mean rank change 0.23864%
[2025-12-08 14:01:06.570] [info] Iteration 7, mean ranking error 0.281541%, mean rank change 0.181391%
[2025-12-08 14:01:06.576] [info] Iteration 8, mean ranking error 0.25239%, mean rank change 0.138717%
[2025-12-08 14:01:06.581] [info] Iteration 9, mean ranking error 0.219167%, mean rank change 0.111662%
[2025-12-08 14:01:06.587] [info] Iteration 10, mean ranking error 0.188465%, mean rank change 0.0909034%
[2025-12-08 14:01:06.592] [info] Iteration 11, mean ranking error 0.162389%, mean rank change 0.0742437%
[2025-12-08 14:01:06.597] [info] Iteration 12, mean ranking error 0.140130%, mean rank change 0.0611891%
[2025-12-08 14:01:06.604] [info] Iteration 13, mean ranking error 0.120923%, mean rank change 0.0508332%
[2025-12-08 14:01:06.611] [info] Iteration 14, mean ranking error 0.104748%, mean rank change 0.0422773%
[2025-12-08 14:01:06.618] [info] Iteration 15, mean ranking error 0.0914431%, mean rank change 0.0351153%
[2025-12-08 14:01:06.625] [info] Iteration 16, mean ranking error 0.0787545%, mean rank change 0.0293908%
[2025-12-08 14:01:06.632] [info] Iteration 17, mean ranking error 0.0681256%, mean rank change 0.0247327%
[2025-12-08 14:01:06.639] [info] Iteration 18, mean ranking error 0.0593406%, mean rank change 0.0208482%
[2025-12-08 14:01:06.646] [info] Iteration 19, mean ranking error 0.051599%, mean rank change 0.0176299%
[2025-12-08 14:01:06.652] [info] Iteration 20, mean ranking error 0.0447816%, mean rank change 0.0150154%
[2025-12-08 14:01:06.660] [info] Iteration 21, mean ranking error 0.0389939%, mean rank change 0.0128955%
[2025-12-08 14:01:06.667] [info] Iteration 22, mean ranking error 0.0340448%, mean rank change 0.0111155%
[2025-12-08 14:01:06.672] [info] Iteration 23, mean ranking error 0.029961%, mean rank change 0.00963549%
[2025-12-08 14:01:06.678] [info] Iteration 24, mean ranking error 0.0264025%, mean rank change 0.00834195%
[2025-12-08 14:01:06.685] [info] Iteration 25, mean ranking error 0.0231231%, mean rank change 0.00725301%
[2025-12-08 14:01:06.691] [info] Iteration 26, mean ranking error 0.0204938%, mean rank change 0.00634423%
[2025-12-08 14:01:06.699] [info] Iteration 27, mean ranking error 0.0179195%, mean rank change 0.00560361%
[2025-12-08 14:01:06.705] [info] Iteration 28, mean ranking error 0.0158943%, mean rank change 0.00495289%
[2025-12-08 14:01:06.712] [info] Iteration 29, mean ranking error 0.0142395%, mean rank change 0.00440145%
[2025-12-08 14:01:06.718] [info] Iteration 30, mean ranking error 0.0127614%, mean rank change 0.00394446%
[2025-12-08 14:01:06.725] [info] Iteration 31, mean ranking error 0.0113646%, mean rank change 0.00352773%
[2025-12-08 14:01:06.731] [info] Iteration 32, mean ranking error 0.0102019%, mean rank change 0.00317162%
[2025-12-08 14:01:06.737] [info] Iteration 33, mean ranking error 0.00923481%, mean rank change 0.00287367%
[2025-12-08 14:01:06.738] [info] Time used in prioritization: 0s
[2025-12-08 14:01:06.738] [info] Number of iterations: 34
[2025-12-08 14:01:06.738] [info] Final convergence level: 0.00923481%
[2025-12-08 14:01:06.738] [info] Area under curve: 0.562064
[2025-12-08 14:01:06.738] [info] Writing feature info
[2025-12-08 14:01:06.738] [info] Writing feature curves
[2025-12-08 14:01:06.914] [info] Writing priority rank map
[2025-12-08 14:01:06.940] [info] Total time used: 1s
[2025-12-08 14:01:06.940] [info] Number of errors: 0
[2025-12-08 14:01:06.940] [info] Number of warnings: 0
[2025-12-08 14:01:06.940] [info] Done
