[2025-12-08 14:01:07.082] [info] Zonation 5 v2.4
[2025-12-08 14:01:07.083] [info] Arguments given: -w --mode=CAZMAX E:/code/cvjv-restoration-modelling/zonation/timeunit-summer_spatialunit-landscape-250m_mode-CAZMAX/timeunit-summer_spatialunit-landscape-250m_mode-CAZMAX_settings.z5 E:/code/cvjv-restoration-modelling/zonation/timeunit-summer_spatialunit-landscape-250m_mode-CAZMAX
[2025-12-08 14:01:07.083] [info] Using 8-bit quantization
[2025-12-08 14:01:07.083] [info] Using 4 threads for computation
[2025-12-08 14:01:07.083] [info] Loading project "E:/code/cvjv-restoration-modelling/zonation/timeunit-summer_spatialunit-landscape-250m_mode-CAZMAX/timeunit-summer_spatialunit-landscape-250m_mode-CAZMAX_settings.z5"
[2025-12-08 14:01:07.083] [info] Using setting: feature list file = E:/code/cvjv-restoration-modelling/zonation/timeunit-summer_spatialunit-landscape-250m_mode-CAZMAX/timeunit-summer_spatialunit-landscape-250m_mode-CAZMAX_featurelist.txt
[2025-12-08 14:01:07.083] [info] Using default setting: curves output interval = 9.99999975e-05
[2025-12-08 14:01:07.083] [info] Using default setting: max iterations = 500
[2025-12-08 14:01:07.083] [info] Using default setting: mean ranking error threshold = 0.00999999978
[2025-12-08 14:01:07.083] [info] Using default setting: smoothing factor = 0
[2025-12-08 14:01:07.083] [info] Using default setting: stop on plateau = 0
[2025-12-08 14:01:07.083] [info] Using default setting: zero mode = all
[2025-12-08 14:01:07.083] [info] Using default setting: stop after preprocessing = 0
[2025-12-08 14:01:07.083] [info] Using default setting: quantization error warning threshold = 20
[2025-12-08 14:01:07.083] [info] Loading feature layer information from "E:\code\cvjv-restoration-modelling\zonation\timeunit-summer_spatialunit-landscape-250m_mode-CAZMAX\timeunit-summer_spatialunit-landscape-250m_mode-CAZMAX_featurelist.txt"
[2025-12-08 14:01:07.092] [info] Validating project
[2025-12-08 14:01:07.101] [info] Reading layer data
[2025-12-08 14:01:07.117] [info] Gathering data statistics
[2025-12-08 14:01:07.638] [info] Map dimensions (width * height): 696*867
[2025-12-08 14:01:07.638] [info] Number of grid cells in map (width * height): 603432
[2025-12-08 14:01:07.638] [info] Number of grid cells in map with data: 40246
[2025-12-08 14:01:07.638] [info] Input feature layer count: 7
[2025-12-08 14:01:07.638] [info] Feature layer count: 7
[2025-12-08 14:01:07.638] [info] Positive weight feature count: 2
[2025-12-08 14:01:07.638] [info] Negative weight feature count: 0
[2025-12-08 14:01:07.638] [info] Zero weight feature count: 5
[2025-12-08 14:01:07.638] [info] Total number of pixels with data across features: 281722
[2025-12-08 14:01:07.638] [info] Reading feature layers
[2025-12-08 14:01:08.064] [info] Mean feature extent across study area: 100.00%
[2025-12-08 14:01:08.064] [info] Memory usage of feature data: 863.67KB
[2025-12-08 14:01:08.064] [info] Mean quantization error: 0.00171936%
[2025-12-08 14:01:08.065] [info] Time used to read and preprocess layer data: 0s
[2025-12-08 14:01:08.065] [info] Computing priority rank
[2025-12-08 14:01:08.075] [info] Iteration 0, mean ranking error 0.795108%, mean rank change 3.40526%
[2025-12-08 14:01:08.080] [info] Iteration 1, mean ranking error 2.58337%, mean rank change 2.70573%
[2025-12-08 14:01:08.087] [info] Iteration 2, mean ranking error 2.45983%, mean rank change 2.15286%
[2025-12-08 14:01:08.093] [info] Iteration 3, mean ranking error 2.24946%, mean rank change 1.70432%
[2025-12-08 14:01:08.100] [info] Iteration 4, mean ranking error 1.96040%, mean rank change 1.34848%
[2025-12-08 14:01:08.107] [info] Iteration 5, mean ranking error 1.80720%, mean rank change 1.0682%
[2025-12-08 14:01:08.113] [info] Iteration 6, mean ranking error 1.63793%, mean rank change 0.861474%
[2025-12-08 14:01:08.119] [info] Iteration 7, mean ranking error 1.49374%, mean rank change 0.708723%
[2025-12-08 14:01:08.124] [info] Iteration 8, mean ranking error 1.35844%, mean rank change 0.596975%
[2025-12-08 14:01:08.131] [info] Iteration 9, mean ranking error 1.23981%, mean rank change 0.510745%
[2025-12-08 14:01:08.136] [info] Iteration 10, mean ranking error 1.13185%, mean rank change 0.440783%
[2025-12-08 14:01:08.142] [info] Iteration 11, mean ranking error 1.03313%, mean rank change 0.381804%
[2025-12-08 14:01:08.147] [info] Iteration 12, mean ranking error 0.954886%, mean rank change 0.332306%
[2025-12-08 14:01:08.153] [info] Iteration 13, mean ranking error 0.871381%, mean rank change 0.289704%
[2025-12-08 14:01:08.159] [info] Iteration 14, mean ranking error 0.79578%, mean rank change 0.252386%
[2025-12-08 14:01:08.165] [info] Iteration 15, mean ranking error 0.712974%, mean rank change 0.219801%
[2025-12-08 14:01:08.172] [info] Iteration 16, mean ranking error 0.649364%, mean rank change 0.189811%
[2025-12-08 14:01:08.179] [info] Iteration 17, mean ranking error 0.577079%, mean rank change 0.164758%
[2025-12-08 14:01:08.186] [info] Iteration 18, mean ranking error 0.512717%, mean rank change 0.141325%
[2025-12-08 14:01:08.193] [info] Iteration 19, mean ranking error 0.458535%, mean rank change 0.122298%
[2025-12-08 14:01:08.199] [info] Iteration 20, mean ranking error 0.406696%, mean rank change 0.106267%
[2025-12-08 14:01:08.205] [info] Iteration 21, mean ranking error 0.360397%, mean rank change 0.0915454%
[2025-12-08 14:01:08.211] [info] Iteration 22, mean ranking error 0.317797%, mean rank change 0.0791816%
[2025-12-08 14:01:08.218] [info] Iteration 23, mean ranking error 0.280364%, mean rank change 0.0683543%
[2025-12-08 14:01:08.225] [info] Iteration 24, mean ranking error 0.24612%, mean rank change 0.0594108%
[2025-12-08 14:01:08.231] [info] Iteration 25, mean ranking error 0.218232%, mean rank change 0.0516441%
[2025-12-08 14:01:08.238] [info] Iteration 26, mean ranking error 0.192282%, mean rank change 0.0449971%
[2025-12-08 14:01:08.245] [info] Iteration 27, mean ranking error 0.168030%, mean rank change 0.0392079%
[2025-12-08 14:01:08.252] [info] Iteration 28, mean ranking error 0.14976%, mean rank change 0.0347743%
[2025-12-08 14:01:08.258] [info] Iteration 29, mean ranking error 0.132092%, mean rank change 0.0305643%
[2025-12-08 14:01:08.265] [info] Iteration 30, mean ranking error 0.117233%, mean rank change 0.0272478%
[2025-12-08 14:01:08.272] [info] Iteration 31, mean ranking error 0.105587%, mean rank change 0.0242908%
[2025-12-08 14:01:08.279] [info] Iteration 32, mean ranking error 0.093944%, mean rank change 0.0216422%
[2025-12-08 14:01:08.285] [info] Iteration 33, mean ranking error 0.0848295%, mean rank change 0.0190027%
[2025-12-08 14:01:08.292] [info] Iteration 34, mean ranking error 0.0753722%, mean rank change 0.0169574%
[2025-12-08 14:01:08.299] [info] Iteration 35, mean ranking error 0.067953%, mean rank change 0.0152194%
[2025-12-08 14:01:08.306] [info] Iteration 36, mean ranking error 0.0608702%, mean rank change 0.0135777%
[2025-12-08 14:01:08.312] [info] Iteration 37, mean ranking error 0.0547018%, mean rank change 0.012185%
[2025-12-08 14:01:08.319] [info] Iteration 38, mean ranking error 0.0496132%, mean rank change 0.0109148%
[2025-12-08 14:01:08.326] [info] Iteration 39, mean ranking error 0.0440989%, mean rank change 0.00983009%
[2025-12-08 14:01:08.333] [info] Iteration 40, mean ranking error 0.0404590%, mean rank change 0.00894501%
[2025-12-08 14:01:08.340] [info] Iteration 41, mean ranking error 0.0365852%, mean rank change 0.00814118%
[2025-12-08 14:01:08.346] [info] Iteration 42, mean ranking error 0.0334873%, mean rank change 0.00741045%
[2025-12-08 14:01:08.351] [info] Iteration 43, mean ranking error 0.0307248%, mean rank change 0.00686406%
[2025-12-08 14:01:08.357] [info] Iteration 44, mean ranking error 0.0285704%, mean rank change 0.00641683%
[2025-12-08 14:01:08.362] [info] Iteration 45, mean ranking error 0.0265501%, mean rank change 0.00605578%
[2025-12-08 14:01:08.369] [info] Iteration 46, mean ranking error 0.0245951%, mean rank change 0.00562856%
[2025-12-08 14:01:08.376] [info] Iteration 47, mean ranking error 0.022929%, mean rank change 0.00528949%
[2025-12-08 14:01:08.382] [info] Iteration 48, mean ranking error 0.0213046%, mean rank change 0.00494647%
[2025-12-08 14:01:08.389] [info] Iteration 49, mean ranking error 0.0197214%, mean rank change 0.00462506%
[2025-12-08 14:01:08.394] [info] Iteration 50, mean ranking error 0.0182751%, mean rank change 0.00431674%
[2025-12-08 14:01:08.401] [info] Iteration 51, mean ranking error 0.0169472%, mean rank change 0.00403324%
[2025-12-08 14:01:08.407] [info] Iteration 52, mean ranking error 0.0156547%, mean rank change 0.00377443%
[2025-12-08 14:01:08.414] [info] Iteration 53, mean ranking error 0.0146065%, mean rank change 0.00349587%
[2025-12-08 14:01:08.421] [info] Iteration 54, mean ranking error 0.0136986%, mean rank change 0.00330250%
[2025-12-08 14:01:08.427] [info] Iteration 55, mean ranking error 0.0130029%, mean rank change 0.00311544%
[2025-12-08 14:01:08.434] [info] Iteration 56, mean ranking error 0.0122169%, mean rank change 0.00292602%
[2025-12-08 14:01:08.441] [info] Iteration 57, mean ranking error 0.0115265%, mean rank change 0.00279946%
[2025-12-08 14:01:08.448] [info] Iteration 58, mean ranking error 0.0109260%, mean rank change 0.00264005%
[2025-12-08 14:01:08.454] [info] Iteration 59, mean ranking error 0.0103559%, mean rank change 0.00252608%
[2025-12-08 14:01:08.460] [info] Iteration 60, mean ranking error 0.00997118%, mean rank change 0.00241977%
[2025-12-08 14:01:08.460] [info] Time used in prioritization: 0s
[2025-12-08 14:01:08.460] [info] Number of iterations: 61
[2025-12-08 14:01:08.460] [info] Final convergence level: 0.00997118%
[2025-12-08 14:01:08.460] [info] Area under curve: 0.548359
[2025-12-08 14:01:08.460] [info] Writing feature info
[2025-12-08 14:01:08.461] [info] Writing feature curves
[2025-12-08 14:01:08.628] [info] Writing priority rank map
[2025-12-08 14:01:08.654] [info] Total time used: 1s
[2025-12-08 14:01:08.654] [info] Number of errors: 0
[2025-12-08 14:01:08.654] [info] Number of warnings: 0
[2025-12-08 14:01:08.654] [info] Done
