[2025-12-08 14:01:47.016] [info] Zonation 5 v2.4
[2025-12-08 14:01:47.016] [info] Arguments given: -w --mode=CAZMAX E:/code/cvjv-restoration-modelling/zonation/timeunit-winter_spatialunit-combined-equal_mode-CAZMAX/timeunit-winter_spatialunit-combined-equal_mode-CAZMAX_settings.z5 E:/code/cvjv-restoration-modelling/zonation/timeunit-winter_spatialunit-combined-equal_mode-CAZMAX
[2025-12-08 14:01:47.016] [info] Using 8-bit quantization
[2025-12-08 14:01:47.016] [info] Using 4 threads for computation
[2025-12-08 14:01:47.016] [info] Loading project "E:/code/cvjv-restoration-modelling/zonation/timeunit-winter_spatialunit-combined-equal_mode-CAZMAX/timeunit-winter_spatialunit-combined-equal_mode-CAZMAX_settings.z5"
[2025-12-08 14:01:47.016] [info] Using setting: feature list file = E:/code/cvjv-restoration-modelling/zonation/timeunit-winter_spatialunit-combined-equal_mode-CAZMAX/timeunit-winter_spatialunit-combined-equal_mode-CAZMAX_featurelist.txt
[2025-12-08 14:01:47.017] [info] Using default setting: curves output interval = 9.99999975e-05
[2025-12-08 14:01:47.017] [info] Using default setting: max iterations = 500
[2025-12-08 14:01:47.017] [info] Using default setting: mean ranking error threshold = 0.00999999978
[2025-12-08 14:01:47.017] [info] Using default setting: smoothing factor = 0
[2025-12-08 14:01:47.017] [info] Using default setting: stop on plateau = 0
[2025-12-08 14:01:47.017] [info] Using default setting: zero mode = all
[2025-12-08 14:01:47.017] [info] Using default setting: stop after preprocessing = 0
[2025-12-08 14:01:47.017] [info] Using default setting: quantization error warning threshold = 20
[2025-12-08 14:01:47.017] [info] Loading feature layer information from "E:\code\cvjv-restoration-modelling\zonation\timeunit-winter_spatialunit-combined-equal_mode-CAZMAX\timeunit-winter_spatialunit-combined-equal_mode-CAZMAX_featurelist.txt"
[2025-12-08 14:01:47.035] [info] Validating project
[2025-12-08 14:01:47.059] [info] Reading layer data
[2025-12-08 14:01:47.075] [info] Gathering data statistics
[2025-12-08 14:01:48.117] [info] Map dimensions (width * height): 696*867
[2025-12-08 14:01:48.117] [info] Number of grid cells in map (width * height): 603432
[2025-12-08 14:01:48.117] [info] Number of grid cells in map with data: 40246
[2025-12-08 14:01:48.117] [info] Input feature layer count: 21
[2025-12-08 14:01:48.117] [info] Feature layer count: 21
[2025-12-08 14:01:48.117] [info] Positive weight feature count: 21
[2025-12-08 14:01:48.117] [info] Negative weight feature count: 0
[2025-12-08 14:01:48.117] [info] Zero weight feature count: 0
[2025-12-08 14:01:48.117] [info] Total number of pixels with data across features: 845166
[2025-12-08 14:01:48.117] [info] Reading feature layers
[2025-12-08 14:01:49.214] [info] Mean feature extent across study area: 100.00%
[2025-12-08 14:01:49.214] [info] Memory usage of feature data: 1.50MB
[2025-12-08 14:01:49.214] [info] Mean quantization error: 0.000872575%
[2025-12-08 14:01:49.214] [info] Time used to read and preprocess layer data: 2s
[2025-12-08 14:01:49.214] [info] Computing priority rank
[2025-12-08 14:01:49.227] [info] Iteration 0, mean ranking error 3.57126%, mean rank change 2.87035%
[2025-12-08 14:01:49.235] [info] Iteration 1, mean ranking error 3.4689%, mean rank change 2.18467%
[2025-12-08 14:01:49.241] [info] Iteration 2, mean ranking error 2.96831%, mean rank change 1.72324%
[2025-12-08 14:01:49.248] [info] Iteration 3, mean ranking error 2.52351%, mean rank change 1.37040%
[2025-12-08 14:01:49.256] [info] Iteration 4, mean ranking error 2.12126%, mean rank change 1.0947%
[2025-12-08 14:01:49.264] [info] Iteration 5, mean ranking error 1.80927%, mean rank change 0.878981%
[2025-12-08 14:01:49.272] [info] Iteration 6, mean ranking error 1.52935%, mean rank change 0.710368%
[2025-12-08 14:01:49.280] [info] Iteration 7, mean ranking error 1.31125%, mean rank change 0.578192%
[2025-12-08 14:01:49.288] [info] Iteration 8, mean ranking error 1.13369%, mean rank change 0.473724%
[2025-12-08 14:01:49.296] [info] Iteration 9, mean ranking error 0.972364%, mean rank change 0.391584%
[2025-12-08 14:01:49.304] [info] Iteration 10, mean ranking error 0.846995%, mean rank change 0.325885%
[2025-12-08 14:01:49.313] [info] Iteration 11, mean ranking error 0.749242%, mean rank change 0.273040%
[2025-12-08 14:01:49.321] [info] Iteration 12, mean ranking error 0.661822%, mean rank change 0.230408%
[2025-12-08 14:01:49.330] [info] Iteration 13, mean ranking error 0.589037%, mean rank change 0.195041%
[2025-12-08 14:01:49.337] [info] Iteration 14, mean ranking error 0.527077%, mean rank change 0.166226%
[2025-12-08 14:01:49.345] [info] Iteration 15, mean ranking error 0.474934%, mean rank change 0.142104%
[2025-12-08 14:01:49.351] [info] Iteration 16, mean ranking error 0.431802%, mean rank change 0.121547%
[2025-12-08 14:01:49.358] [info] Iteration 17, mean ranking error 0.385617%, mean rank change 0.104243%
[2025-12-08 14:01:49.365] [info] Iteration 18, mean ranking error 0.353697%, mean rank change 0.0898858%
[2025-12-08 14:01:49.372] [info] Iteration 19, mean ranking error 0.320061%, mean rank change 0.0775738%
[2025-12-08 14:01:49.379] [info] Iteration 20, mean ranking error 0.293255%, mean rank change 0.0673865%
[2025-12-08 14:01:49.385] [info] Iteration 21, mean ranking error 0.270363%, mean rank change 0.0587994%
[2025-12-08 14:01:49.392] [info] Iteration 22, mean ranking error 0.247994%, mean rank change 0.0515296%
[2025-12-08 14:01:49.399] [info] Iteration 23, mean ranking error 0.229037%, mean rank change 0.0453643%
[2025-12-08 14:01:49.406] [info] Iteration 24, mean ranking error 0.211492%, mean rank change 0.0402248%
[2025-12-08 14:01:49.415] [info] Iteration 25, mean ranking error 0.197962%, mean rank change 0.0359262%
[2025-12-08 14:01:49.423] [info] Iteration 26, mean ranking error 0.184186%, mean rank change 0.0323189%
[2025-12-08 14:01:49.431] [info] Iteration 27, mean ranking error 0.171308%, mean rank change 0.0289891%
[2025-12-08 14:01:49.439] [info] Iteration 28, mean ranking error 0.159064%, mean rank change 0.0262236%
[2025-12-08 14:01:49.477] [info] Iteration 29, mean ranking error 0.149676%, mean rank change 0.0236996%
[2025-12-08 14:01:49.491] [info] Iteration 30, mean ranking error 0.137801%, mean rank change 0.0213761%
[2025-12-08 14:01:49.499] [info] Iteration 31, mean ranking error 0.130745%, mean rank change 0.0194534%
[2025-12-08 14:01:49.508] [info] Iteration 32, mean ranking error 0.12475%, mean rank change 0.0177122%
[2025-12-08 14:01:49.516] [info] Iteration 33, mean ranking error 0.116095%, mean rank change 0.0161381%
[2025-12-08 14:01:49.525] [info] Iteration 34, mean ranking error 0.109971%, mean rank change 0.0146617%
[2025-12-08 14:01:49.533] [info] Iteration 35, mean ranking error 0.103696%, mean rank change 0.0134303%
[2025-12-08 14:01:49.542] [info] Iteration 36, mean ranking error 0.0990173%, mean rank change 0.0123077%
[2025-12-08 14:01:49.553] [info] Iteration 37, mean ranking error 0.0930811%, mean rank change 0.0113634%
[2025-12-08 14:01:49.560] [info] Iteration 38, mean ranking error 0.0904056%, mean rank change 0.0104909%
[2025-12-08 14:01:49.568] [info] Iteration 39, mean ranking error 0.0831712%, mean rank change 0.00973773%
[2025-12-08 14:01:49.575] [info] Iteration 40, mean ranking error 0.0807741%, mean rank change 0.00902626%
[2025-12-08 14:01:49.583] [info] Iteration 41, mean ranking error 0.076533%, mean rank change 0.00839344%
[2025-12-08 14:01:49.591] [info] Iteration 42, mean ranking error 0.0748355%, mean rank change 0.00781421%
[2025-12-08 14:01:49.599] [info] Iteration 43, mean ranking error 0.0710802%, mean rank change 0.00730277%
[2025-12-08 14:01:49.608] [info] Iteration 44, mean ranking error 0.068198%, mean rank change 0.00683554%
[2025-12-08 14:01:49.616] [info] Iteration 45, mean ranking error 0.0658755%, mean rank change 0.00640325%
[2025-12-08 14:01:49.623] [info] Iteration 46, mean ranking error 0.062238%, mean rank change 0.00605159%
[2025-12-08 14:01:49.631] [info] Iteration 47, mean ranking error 0.0606603%, mean rank change 0.00567474%
[2025-12-08 14:01:49.639] [info] Iteration 48, mean ranking error 0.0580403%, mean rank change 0.00536012%
[2025-12-08 14:01:49.647] [info] Iteration 49, mean ranking error 0.055379%, mean rank change 0.00508328%
[2025-12-08 14:01:49.655] [info] Iteration 50, mean ranking error 0.0533799%, mean rank change 0.00482929%
[2025-12-08 14:01:49.663] [info] Iteration 51, mean ranking error 0.0520219%, mean rank change 0.00455801%
[2025-12-08 14:01:49.671] [info] Iteration 52, mean ranking error 0.0497987%, mean rank change 0.00432563%
[2025-12-08 14:01:49.677] [info] Iteration 53, mean ranking error 0.0480125%, mean rank change 0.00412757%
[2025-12-08 14:01:49.684] [info] Iteration 54, mean ranking error 0.0462139%, mean rank change 0.00392841%
[2025-12-08 14:01:49.691] [info] Iteration 55, mean ranking error 0.0445724%, mean rank change 0.00376245%
[2025-12-08 14:01:49.697] [info] Iteration 56, mean ranking error 0.0422937%, mean rank change 0.00361552%
[2025-12-08 14:01:49.706] [info] Iteration 57, mean ranking error 0.0415603%, mean rank change 0.00345611%
[2025-12-08 14:01:49.713] [info] Iteration 58, mean ranking error 0.0399802%, mean rank change 0.00329028%
[2025-12-08 14:01:49.722] [info] Iteration 59, mean ranking error 0.0383061%, mean rank change 0.00316705%
[2025-12-08 14:01:49.730] [info] Iteration 60, mean ranking error 0.0371198%, mean rank change 0.00302431%
[2025-12-08 14:01:49.738] [info] Iteration 61, mean ranking error 0.0360495%, mean rank change 0.00290170%
[2025-12-08 14:01:49.747] [info] Iteration 62, mean ranking error 0.034864%, mean rank change 0.00280045%
[2025-12-08 14:01:49.755] [info] Iteration 63, mean ranking error 0.0336298%, mean rank change 0.00268784%
[2025-12-08 14:01:49.762] [info] Iteration 64, mean ranking error 0.0325004%, mean rank change 0.00257486%
[2025-12-08 14:01:49.771] [info] Iteration 65, mean ranking error 0.0315733%, mean rank change 0.00246360%
[2025-12-08 14:01:49.779] [info] Iteration 66, mean ranking error 0.0307846%, mean rank change 0.00236495%
[2025-12-08 14:01:49.787] [info] Iteration 67, mean ranking error 0.0295608%, mean rank change 0.00227864%
[2025-12-08 14:01:49.793] [info] Iteration 68, mean ranking error 0.0282123%, mean rank change 0.00217788%
[2025-12-08 14:01:49.802] [info] Iteration 69, mean ranking error 0.0275009%, mean rank change 0.00210478%
[2025-12-08 14:01:49.810] [info] Iteration 70, mean ranking error 0.0266118%, mean rank change 0.00201440%
[2025-12-08 14:01:49.818] [info] Iteration 71, mean ranking error 0.0256101%, mean rank change 0.00194377%
[2025-12-08 14:01:49.826] [info] Iteration 72, mean ranking error 0.0242818%, mean rank change 0.00185190%
[2025-12-08 14:01:49.833] [info] Iteration 73, mean ranking error 0.0239324%, mean rank change 0.00179757%
[2025-12-08 14:01:49.840] [info] Iteration 74, mean ranking error 0.0227255%, mean rank change 0.00171435%
[2025-12-08 14:01:49.848] [info] Iteration 75, mean ranking error 0.0219356%, mean rank change 0.00167249%
[2025-12-08 14:01:49.857] [info] Iteration 76, mean ranking error 0.0217395%, mean rank change 0.00160618%
[2025-12-08 14:01:49.865] [info] Iteration 77, mean ranking error 0.0209480%, mean rank change 0.00155111%
[2025-12-08 14:01:49.872] [info] Iteration 78, mean ranking error 0.0203613%, mean rank change 0.00150925%
[2025-12-08 14:01:49.880] [info] Iteration 79, mean ranking error 0.019366%, mean rank change 0.00144677%
[2025-12-08 14:01:49.887] [info] Iteration 80, mean ranking error 0.0191938%, mean rank change 0.00139998%
[2025-12-08 14:01:49.894] [info] Iteration 81, mean ranking error 0.0180786%, mean rank change 0.00135059%
[2025-12-08 14:01:49.901] [info] Iteration 82, mean ranking error 0.0177654%, mean rank change 0.00130231%
[2025-12-08 14:01:49.909] [info] Iteration 83, mean ranking error 0.0170700%, mean rank change 0.00125650%
[2025-12-08 14:01:49.917] [info] Iteration 84, mean ranking error 0.0163011%, mean rank change 0.00121847%
[2025-12-08 14:01:49.924] [info] Iteration 85, mean ranking error 0.0159777%, mean rank change 0.00117809%
[2025-12-08 14:01:49.931] [info] Iteration 86, mean ranking error 0.0153053%, mean rank change 0.00112969%
[2025-12-08 14:01:49.939] [info] Iteration 87, mean ranking error 0.0150834%, mean rank change 0.00109153%
[2025-12-08 14:01:49.946] [info] Iteration 88, mean ranking error 0.0145461%, mean rank change 0.00107005%
[2025-12-08 14:01:49.954] [info] Iteration 89, mean ranking error 0.0140232%, mean rank change 0.00102152%
[2025-12-08 14:01:49.962] [info] Iteration 90, mean ranking error 0.0136795%, mean rank change 0.000997691%
[2025-12-08 14:01:49.970] [info] Iteration 91, mean ranking error 0.013449%, mean rank change 0.000961018%
[2025-12-08 14:01:49.978] [info] Iteration 92, mean ranking error 0.0129605%, mean rank change 0.000939410%
[2025-12-08 14:01:49.987] [info] Iteration 93, mean ranking error 0.0127265%, mean rank change 0.000910763%
[2025-12-08 14:01:49.995] [info] Iteration 94, mean ranking error 0.0119097%, mean rank change 0.000880882%
[2025-12-08 14:01:50.003] [info] Iteration 95, mean ranking error 0.0116218%, mean rank change 0.000858162%
[2025-12-08 14:01:50.011] [info] Iteration 96, mean ranking error 0.0111876%, mean rank change 0.000841740%
[2025-12-08 14:01:50.019] [info] Iteration 97, mean ranking error 0.0107496%, mean rank change 0.000816921%
[2025-12-08 14:01:50.027] [info] Iteration 98, mean ranking error 0.0107504%, mean rank change 0.000788274%
[2025-12-08 14:01:50.035] [info] Iteration 99, mean ranking error 0.0102188%, mean rank change 0.000770247%
[2025-12-08 14:01:50.043] [info] Iteration 100, mean ranking error 0.0100537%, mean rank change 0.000753577%
[2025-12-08 14:01:50.051] [info] Iteration 101, mean ranking error 0.00975098%, mean rank change 0.000724437%
[2025-12-08 14:01:50.051] [info] Time used in prioritization: 0s
[2025-12-08 14:01:50.051] [info] Number of iterations: 102
[2025-12-08 14:01:50.051] [info] Final convergence level: 0.00975098%
[2025-12-08 14:01:50.051] [info] Area under curve: 0.521432
[2025-12-08 14:01:50.051] [info] Writing feature info
[2025-12-08 14:01:50.052] [info] Writing feature curves
[2025-12-08 14:01:50.252] [info] Writing priority rank map
[2025-12-08 14:01:50.273] [info] Total time used: 3s
[2025-12-08 14:01:50.273] [info] Number of errors: 0
[2025-12-08 14:01:50.273] [info] Number of warnings: 0
[2025-12-08 14:01:50.273] [info] Done
