[2025-12-08 14:00:57.646] [info] Zonation 5 v2.4
[2025-12-08 14:00:57.646] [info] Arguments given: -w --mode=CAZMAX E:/code/cvjv-restoration-modelling/zonation/timeunit-spring_spatialunit-combined-equal_mode-CAZMAX/timeunit-spring_spatialunit-combined-equal_mode-CAZMAX_settings.z5 E:/code/cvjv-restoration-modelling/zonation/timeunit-spring_spatialunit-combined-equal_mode-CAZMAX
[2025-12-08 14:00:57.646] [info] Using 8-bit quantization
[2025-12-08 14:00:57.646] [info] Using 4 threads for computation
[2025-12-08 14:00:57.646] [info] Loading project "E:/code/cvjv-restoration-modelling/zonation/timeunit-spring_spatialunit-combined-equal_mode-CAZMAX/timeunit-spring_spatialunit-combined-equal_mode-CAZMAX_settings.z5"
[2025-12-08 14:00:57.647] [info] Using setting: feature list file = E:/code/cvjv-restoration-modelling/zonation/timeunit-spring_spatialunit-combined-equal_mode-CAZMAX/timeunit-spring_spatialunit-combined-equal_mode-CAZMAX_featurelist.txt
[2025-12-08 14:00:57.647] [info] Using default setting: curves output interval = 9.99999975e-05
[2025-12-08 14:00:57.647] [info] Using default setting: max iterations = 500
[2025-12-08 14:00:57.647] [info] Using default setting: mean ranking error threshold = 0.00999999978
[2025-12-08 14:00:57.647] [info] Using default setting: smoothing factor = 0
[2025-12-08 14:00:57.647] [info] Using default setting: stop on plateau = 0
[2025-12-08 14:00:57.647] [info] Using default setting: zero mode = all
[2025-12-08 14:00:57.647] [info] Using default setting: stop after preprocessing = 0
[2025-12-08 14:00:57.647] [info] Using default setting: quantization error warning threshold = 20
[2025-12-08 14:00:57.647] [info] Loading feature layer information from "E:\code\cvjv-restoration-modelling\zonation\timeunit-spring_spatialunit-combined-equal_mode-CAZMAX\timeunit-spring_spatialunit-combined-equal_mode-CAZMAX_featurelist.txt"
[2025-12-08 14:00:57.662] [info] Validating project
[2025-12-08 14:00:57.689] [info] Reading layer data
[2025-12-08 14:00:57.713] [info] Gathering data statistics
[2025-12-08 14:00:58.746] [info] Map dimensions (width * height): 696*867
[2025-12-08 14:00:58.746] [info] Number of grid cells in map (width * height): 603432
[2025-12-08 14:00:58.746] [info] Number of grid cells in map with data: 40246
[2025-12-08 14:00:58.746] [info] Input feature layer count: 21
[2025-12-08 14:00:58.746] [info] Feature layer count: 21
[2025-12-08 14:00:58.746] [info] Positive weight feature count: 21
[2025-12-08 14:00:58.746] [info] Negative weight feature count: 0
[2025-12-08 14:00:58.746] [info] Zero weight feature count: 0
[2025-12-08 14:00:58.746] [info] Total number of pixels with data across features: 845166
[2025-12-08 14:00:58.747] [info] Reading feature layers
[2025-12-08 14:00:59.820] [info] Mean feature extent across study area: 100.00%
[2025-12-08 14:00:59.820] [info] Memory usage of feature data: 1.50MB
[2025-12-08 14:00:59.820] [info] Mean quantization error: 0.00153829%
[2025-12-08 14:00:59.821] [info] Time used to read and preprocess layer data: 2s
[2025-12-08 14:00:59.821] [info] Computing priority rank
[2025-12-08 14:00:59.836] [info] Iteration 0, mean ranking error 3.64635%, mean rank change 2.45283%
[2025-12-08 14:00:59.844] [info] Iteration 1, mean ranking error 3.27328%, mean rank change 1.97846%
[2025-12-08 14:00:59.852] [info] Iteration 2, mean ranking error 2.89495%, mean rank change 1.64586%
[2025-12-08 14:00:59.861] [info] Iteration 3, mean ranking error 2.56658%, mean rank change 1.39042%
[2025-12-08 14:00:59.867] [info] Iteration 4, mean ranking error 2.26362%, mean rank change 1.18225%
[2025-12-08 14:00:59.874] [info] Iteration 5, mean ranking error 2.01539%, mean rank change 1.00247%
[2025-12-08 14:00:59.882] [info] Iteration 6, mean ranking error 1.79091%, mean rank change 0.850336%
[2025-12-08 14:00:59.891] [info] Iteration 7, mean ranking error 1.59603%, mean rank change 0.722231%
[2025-12-08 14:00:59.898] [info] Iteration 8, mean ranking error 1.43029%, mean rank change 0.616718%
[2025-12-08 14:00:59.905] [info] Iteration 9, mean ranking error 1.27069%, mean rank change 0.527656%
[2025-12-08 14:00:59.912] [info] Iteration 10, mean ranking error 1.14179%, mean rank change 0.453596%
[2025-12-08 14:00:59.921] [info] Iteration 11, mean ranking error 1.03046%, mean rank change 0.391204%
[2025-12-08 14:00:59.930] [info] Iteration 12, mean ranking error 0.926472%, mean rank change 0.339185%
[2025-12-08 14:00:59.937] [info] Iteration 13, mean ranking error 0.840935%, mean rank change 0.294018%
[2025-12-08 14:00:59.946] [info] Iteration 14, mean ranking error 0.759543%, mean rank change 0.256098%
[2025-12-08 14:00:59.954] [info] Iteration 15, mean ranking error 0.69557%, mean rank change 0.224556%
[2025-12-08 14:00:59.963] [info] Iteration 16, mean ranking error 0.626869%, mean rank change 0.197188%
[2025-12-08 14:00:59.971] [info] Iteration 17, mean ranking error 0.578792%, mean rank change 0.174108%
[2025-12-08 14:00:59.978] [info] Iteration 18, mean ranking error 0.530684%, mean rank change 0.154014%
[2025-12-08 14:00:59.985] [info] Iteration 19, mean ranking error 0.489207%, mean rank change 0.136632%
[2025-12-08 14:00:59.992] [info] Iteration 20, mean ranking error 0.449861%, mean rank change 0.121748%
[2025-12-08 14:00:59.999] [info] Iteration 21, mean ranking error 0.412238%, mean rank change 0.108534%
[2025-12-08 14:01:00.008] [info] Iteration 22, mean ranking error 0.381924%, mean rank change 0.0971877%
[2025-12-08 14:01:00.015] [info] Iteration 23, mean ranking error 0.353118%, mean rank change 0.0874806%
[2025-12-08 14:01:00.023] [info] Iteration 24, mean ranking error 0.32878%, mean rank change 0.0787629%
[2025-12-08 14:01:00.031] [info] Iteration 25, mean ranking error 0.306210%, mean rank change 0.0709404%
[2025-12-08 14:01:00.041] [info] Iteration 26, mean ranking error 0.28599%, mean rank change 0.0641036%
[2025-12-08 14:01:00.049] [info] Iteration 27, mean ranking error 0.265517%, mean rank change 0.0580179%
[2025-12-08 14:01:00.057] [info] Iteration 28, mean ranking error 0.249919%, mean rank change 0.0528382%
[2025-12-08 14:01:00.065] [info] Iteration 29, mean ranking error 0.233295%, mean rank change 0.0481915%
[2025-12-08 14:01:00.075] [info] Iteration 30, mean ranking error 0.218219%, mean rank change 0.0442805%
[2025-12-08 14:01:00.086] [info] Iteration 31, mean ranking error 0.206666%, mean rank change 0.0407479%
[2025-12-08 14:01:00.097] [info] Iteration 32, mean ranking error 0.194523%, mean rank change 0.0375080%
[2025-12-08 14:01:00.108] [info] Iteration 33, mean ranking error 0.183348%, mean rank change 0.0347043%
[2025-12-08 14:01:00.116] [info] Iteration 34, mean ranking error 0.173556%, mean rank change 0.032124%
[2025-12-08 14:01:00.125] [info] Iteration 35, mean ranking error 0.164055%, mean rank change 0.029926%
[2025-12-08 14:01:00.133] [info] Iteration 36, mean ranking error 0.155534%, mean rank change 0.0278678%
[2025-12-08 14:01:00.142] [info] Iteration 37, mean ranking error 0.148798%, mean rank change 0.0258795%
[2025-12-08 14:01:00.150] [info] Iteration 38, mean ranking error 0.139283%, mean rank change 0.0241104%
[2025-12-08 14:01:00.158] [info] Iteration 39, mean ranking error 0.131581%, mean rank change 0.0224653%
[2025-12-08 14:01:00.165] [info] Iteration 40, mean ranking error 0.125467%, mean rank change 0.0209678%
[2025-12-08 14:01:00.172] [info] Iteration 41, mean ranking error 0.119146%, mean rank change 0.0196105%
[2025-12-08 14:01:00.179] [info] Iteration 42, mean ranking error 0.114264%, mean rank change 0.0183373%
[2025-12-08 14:01:00.186] [info] Iteration 43, mean ranking error 0.108003%, mean rank change 0.0171639%
[2025-12-08 14:01:00.194] [info] Iteration 44, mean ranking error 0.101878%, mean rank change 0.0161438%
[2025-12-08 14:01:00.203] [info] Iteration 45, mean ranking error 0.0970770%, mean rank change 0.0151432%
[2025-12-08 14:01:00.211] [info] Iteration 46, mean ranking error 0.0909024%, mean rank change 0.0142294%
[2025-12-08 14:01:00.218] [info] Iteration 47, mean ranking error 0.0881462%, mean rank change 0.0133625%
[2025-12-08 14:01:00.225] [info] Iteration 48, mean ranking error 0.0830656%, mean rank change 0.0125895%
[2025-12-08 14:01:00.232] [info] Iteration 49, mean ranking error 0.0802538%, mean rank change 0.0118738%
[2025-12-08 14:01:00.240] [info] Iteration 50, mean ranking error 0.0740327%, mean rank change 0.0111877%
[2025-12-08 14:01:00.246] [info] Iteration 51, mean ranking error 0.0718661%, mean rank change 0.0105461%
[2025-12-08 14:01:00.253] [info] Iteration 52, mean ranking error 0.0682759%, mean rank change 0.00992208%
[2025-12-08 14:01:00.260] [info] Iteration 53, mean ranking error 0.0656732%, mean rank change 0.00937730%
[2025-12-08 14:01:00.269] [info] Iteration 54, mean ranking error 0.0628284%, mean rank change 0.00888611%
[2025-12-08 14:01:00.277] [info] Iteration 55, mean ranking error 0.0601869%, mean rank change 0.00840283%
[2025-12-08 14:01:00.285] [info] Iteration 56, mean ranking error 0.0568468%, mean rank change 0.00794016%
[2025-12-08 14:01:00.291] [info] Iteration 57, mean ranking error 0.0546109%, mean rank change 0.00751318%
[2025-12-08 14:01:00.298] [info] Iteration 58, mean ranking error 0.0521002%, mean rank change 0.00710892%
[2025-12-08 14:01:00.307] [info] Iteration 59, mean ranking error 0.0497445%, mean rank change 0.00669712%
[2025-12-08 14:01:00.316] [info] Iteration 60, mean ranking error 0.0480126%, mean rank change 0.00632731%
[2025-12-08 14:01:00.353] [info] Iteration 61, mean ranking error 0.0454459%, mean rank change 0.00597059%
[2025-12-08 14:01:00.365] [info] Iteration 62, mean ranking error 0.0435739%, mean rank change 0.00565794%
[2025-12-08 14:01:00.372] [info] Iteration 63, mean ranking error 0.0414078%, mean rank change 0.00535444%
[2025-12-08 14:01:00.379] [info] Iteration 64, mean ranking error 0.0392971%, mean rank change 0.00505995%
[2025-12-08 14:01:00.385] [info] Iteration 65, mean ranking error 0.0372109%, mean rank change 0.00479781%
[2025-12-08 14:01:00.392] [info] Iteration 66, mean ranking error 0.0355325%, mean rank change 0.00456122%
[2025-12-08 14:01:00.399] [info] Iteration 67, mean ranking error 0.0336341%, mean rank change 0.00433366%
[2025-12-08 14:01:00.406] [info] Iteration 68, mean ranking error 0.032745%, mean rank change 0.00411387%
[2025-12-08 14:01:00.413] [info] Iteration 69, mean ranking error 0.0312946%, mean rank change 0.00392396%
[2025-12-08 14:01:00.421] [info] Iteration 70, mean ranking error 0.0298582%, mean rank change 0.00374356%
[2025-12-08 14:01:00.429] [info] Iteration 71, mean ranking error 0.0288008%, mean rank change 0.00355057%
[2025-12-08 14:01:00.437] [info] Iteration 72, mean ranking error 0.0266904%, mean rank change 0.00336560%
[2025-12-08 14:01:00.444] [info] Iteration 73, mean ranking error 0.0259613%, mean rank change 0.00319817%
[2025-12-08 14:01:00.452] [info] Iteration 74, mean ranking error 0.0249378%, mean rank change 0.00303728%
[2025-12-08 14:01:00.458] [info] Iteration 75, mean ranking error 0.0239033%, mean rank change 0.00289985%
[2025-12-08 14:01:00.465] [info] Iteration 76, mean ranking error 0.0229662%, mean rank change 0.00277625%
[2025-12-08 14:01:00.473] [info] Iteration 77, mean ranking error 0.0215073%, mean rank change 0.00264178%
[2025-12-08 14:01:00.479] [info] Iteration 78, mean ranking error 0.0207889%, mean rank change 0.00251411%
[2025-12-08 14:01:00.486] [info] Iteration 79, mean ranking error 0.0200860%, mean rank change 0.00240397%
[2025-12-08 14:01:00.493] [info] Iteration 80, mean ranking error 0.019428%, mean rank change 0.00229333%
[2025-12-08 14:01:00.501] [info] Iteration 81, mean ranking error 0.0183911%, mean rank change 0.00219023%
[2025-12-08 14:01:00.509] [info] Iteration 82, mean ranking error 0.0177218%, mean rank change 0.00209923%
[2025-12-08 14:01:00.516] [info] Iteration 83, mean ranking error 0.0167518%, mean rank change 0.00201020%
[2025-12-08 14:01:00.524] [info] Iteration 84, mean ranking error 0.0163988%, mean rank change 0.00192525%
[2025-12-08 14:01:00.533] [info] Iteration 85, mean ranking error 0.0157512%, mean rank change 0.00185659%
[2025-12-08 14:01:00.541] [info] Iteration 86, mean ranking error 0.015287%, mean rank change 0.00178214%
[2025-12-08 14:01:00.550] [info] Iteration 87, mean ranking error 0.0146287%, mean rank change 0.00169447%
[2025-12-08 14:01:00.557] [info] Iteration 88, mean ranking error 0.0137021%, mean rank change 0.00162483%
[2025-12-08 14:01:00.563] [info] Iteration 89, mean ranking error 0.0132418%, mean rank change 0.00155198%
[2025-12-08 14:01:00.570] [info] Iteration 90, mean ranking error 0.0129227%, mean rank change 0.00149493%
[2025-12-08 14:01:00.577] [info] Iteration 91, mean ranking error 0.0123592%, mean rank change 0.00143109%
[2025-12-08 14:01:00.583] [info] Iteration 92, mean ranking error 0.0115695%, mean rank change 0.00136639%
[2025-12-08 14:01:00.591] [info] Iteration 93, mean ranking error 0.0112854%, mean rank change 0.00130910%
[2025-12-08 14:01:00.601] [info] Iteration 94, mean ranking error 0.0105879%, mean rank change 0.00125502%
[2025-12-08 14:01:00.609] [info] Iteration 95, mean ranking error 0.0104109%, mean rank change 0.00119044%
[2025-12-08 14:01:00.617] [info] Iteration 96, mean ranking error 0.00988054%, mean rank change 0.00113475%
[2025-12-08 14:01:00.617] [info] Time used in prioritization: 0s
[2025-12-08 14:01:00.617] [info] Number of iterations: 97
[2025-12-08 14:01:00.617] [info] Final convergence level: 0.00988054%
[2025-12-08 14:01:00.617] [info] Area under curve: 0.520324
[2025-12-08 14:01:00.617] [info] Writing feature info
[2025-12-08 14:01:00.617] [info] Writing feature curves
[2025-12-08 14:01:00.836] [info] Writing priority rank map
[2025-12-08 14:01:00.858] [info] Total time used: 3s
[2025-12-08 14:01:00.858] [info] Number of errors: 0
[2025-12-08 14:01:00.858] [info] Number of warnings: 0
[2025-12-08 14:01:00.858] [info] Done
