[2025-12-08 14:00:48.650] [info] Zonation 5 v2.4
[2025-12-08 14:00:48.652] [info] Arguments given: -w --mode=CAZ2 E:/code/cvjv-restoration-modelling/zonation/timeunit-spring_spatialunit-inside_mode-CAZ2/timeunit-spring_spatialunit-inside_mode-CAZ2_settings.z5 E:/code/cvjv-restoration-modelling/zonation/timeunit-spring_spatialunit-inside_mode-CAZ2
[2025-12-08 14:00:48.652] [info] Using 8-bit quantization
[2025-12-08 14:00:48.652] [info] Using 4 threads for computation
[2025-12-08 14:00:48.652] [info] Loading project "E:/code/cvjv-restoration-modelling/zonation/timeunit-spring_spatialunit-inside_mode-CAZ2/timeunit-spring_spatialunit-inside_mode-CAZ2_settings.z5"
[2025-12-08 14:00:48.652] [info] Using setting: feature list file = E:/code/cvjv-restoration-modelling/zonation/timeunit-spring_spatialunit-inside_mode-CAZ2/timeunit-spring_spatialunit-inside_mode-CAZ2_featurelist.txt
[2025-12-08 14:00:48.652] [info] Using default setting: curves output interval = 9.99999975e-05
[2025-12-08 14:00:48.652] [info] Using default setting: max iterations = 500
[2025-12-08 14:00:48.652] [info] Using default setting: mean ranking error threshold = 0.00999999978
[2025-12-08 14:00:48.652] [info] Using default setting: smoothing factor = 0
[2025-12-08 14:00:48.652] [info] Using default setting: stop on plateau = 0
[2025-12-08 14:00:48.652] [info] Using default setting: zero mode = all
[2025-12-08 14:00:48.652] [info] Using default setting: stop after preprocessing = 0
[2025-12-08 14:00:48.652] [info] Using default setting: quantization error warning threshold = 20
[2025-12-08 14:00:48.652] [info] Loading feature layer information from "E:\code\cvjv-restoration-modelling\zonation\timeunit-spring_spatialunit-inside_mode-CAZ2\timeunit-spring_spatialunit-inside_mode-CAZ2_featurelist.txt"
[2025-12-08 14:00:48.663] [info] Validating project
[2025-12-08 14:00:48.674] [info] Reading layer data
[2025-12-08 14:00:48.692] [info] Gathering data statistics
[2025-12-08 14:00:49.248] [info] Map dimensions (width * height): 696*867
[2025-12-08 14:00:49.248] [info] Number of grid cells in map (width * height): 603432
[2025-12-08 14:00:49.248] [info] Number of grid cells in map with data: 40246
[2025-12-08 14:00:49.248] [info] Input feature layer count: 7
[2025-12-08 14:00:49.248] [info] Feature layer count: 7
[2025-12-08 14:00:49.248] [info] Positive weight feature count: 7
[2025-12-08 14:00:49.248] [info] Negative weight feature count: 0
[2025-12-08 14:00:49.248] [info] Zero weight feature count: 0
[2025-12-08 14:00:49.248] [info] Total number of pixels with data across features: 281722
[2025-12-08 14:00:49.248] [info] Reading feature layers
[2025-12-08 14:00:49.756] [info] Mean feature extent across study area: 100.00%
[2025-12-08 14:00:49.756] [info] Memory usage of feature data: 863.67KB
[2025-12-08 14:00:49.756] [info] Mean quantization error: 0.00175439%
[2025-12-08 14:00:49.756] [info] Time used to read and preprocess layer data: 1s
[2025-12-08 14:00:49.756] [info] Computing priority rank
[2025-12-08 14:00:49.766] [info] Iteration 0, mean ranking error 0.502646%, mean rank change 0.33932%
[2025-12-08 14:00:49.772] [info] Iteration 1, mean ranking error 0.453531%, mean rank change 0.296961%
[2025-12-08 14:00:49.778] [info] Iteration 2, mean ranking error 0.415272%, mean rank change 0.262368%
[2025-12-08 14:00:49.785] [info] Iteration 3, mean ranking error 0.371954%, mean rank change 0.232406%
[2025-12-08 14:00:49.792] [info] Iteration 4, mean ranking error 0.333457%, mean rank change 0.205950%
[2025-12-08 14:00:49.799] [info] Iteration 5, mean ranking error 0.302665%, mean rank change 0.182684%
[2025-12-08 14:00:49.806] [info] Iteration 6, mean ranking error 0.273236%, mean rank change 0.162304%
[2025-12-08 14:00:49.812] [info] Iteration 7, mean ranking error 0.2464%, mean rank change 0.144252%
[2025-12-08 14:00:49.817] [info] Iteration 8, mean ranking error 0.22147%, mean rank change 0.128351%
[2025-12-08 14:00:49.823] [info] Iteration 9, mean ranking error 0.201578%, mean rank change 0.114094%
[2025-12-08 14:00:49.831] [info] Iteration 10, mean ranking error 0.181436%, mean rank change 0.101564%
[2025-12-08 14:00:49.838] [info] Iteration 11, mean ranking error 0.163863%, mean rank change 0.0904636%
[2025-12-08 14:00:49.845] [info] Iteration 12, mean ranking error 0.148058%, mean rank change 0.0806624%
[2025-12-08 14:00:49.853] [info] Iteration 13, mean ranking error 0.134204%, mean rank change 0.0720022%
[2025-12-08 14:00:49.860] [info] Iteration 14, mean ranking error 0.122174%, mean rank change 0.0642514%
[2025-12-08 14:00:49.867] [info] Iteration 15, mean ranking error 0.110317%, mean rank change 0.0574229%
[2025-12-08 14:00:49.876] [info] Iteration 16, mean ranking error 0.0999821%, mean rank change 0.0513479%
[2025-12-08 14:00:49.883] [info] Iteration 17, mean ranking error 0.0918626%, mean rank change 0.0459428%
[2025-12-08 14:00:49.891] [info] Iteration 18, mean ranking error 0.0825052%, mean rank change 0.0411383%
[2025-12-08 14:00:49.898] [info] Iteration 19, mean ranking error 0.0757574%, mean rank change 0.0368967%
[2025-12-08 14:00:49.906] [info] Iteration 20, mean ranking error 0.0686007%, mean rank change 0.0331073%
[2025-12-08 14:00:49.913] [info] Iteration 21, mean ranking error 0.0623931%, mean rank change 0.0297675%
[2025-12-08 14:00:49.921] [info] Iteration 22, mean ranking error 0.0566648%, mean rank change 0.0267632%
[2025-12-08 14:00:49.929] [info] Iteration 23, mean ranking error 0.0523599%, mean rank change 0.0240920%
[2025-12-08 14:00:49.938] [info] Iteration 24, mean ranking error 0.0477304%, mean rank change 0.0216945%
[2025-12-08 14:00:49.945] [info] Iteration 25, mean ranking error 0.0430260%, mean rank change 0.0195791%
[2025-12-08 14:00:49.954] [info] Iteration 26, mean ranking error 0.0396382%, mean rank change 0.0176455%
[2025-12-08 14:00:49.963] [info] Iteration 27, mean ranking error 0.0361744%, mean rank change 0.0159514%
[2025-12-08 14:00:49.972] [info] Iteration 28, mean ranking error 0.0327696%, mean rank change 0.0144386%
[2025-12-08 14:00:49.983] [info] Iteration 29, mean ranking error 0.0301762%, mean rank change 0.0130685%
[2025-12-08 14:00:49.992] [info] Iteration 30, mean ranking error 0.0274133%, mean rank change 0.0118439%
[2025-12-08 14:00:49.999] [info] Iteration 31, mean ranking error 0.0248559%, mean rank change 0.0107309%
[2025-12-08 14:00:50.007] [info] Iteration 32, mean ranking error 0.0228211%, mean rank change 0.00975156%
[2025-12-08 14:00:50.014] [info] Iteration 33, mean ranking error 0.0209280%, mean rank change 0.00886377%
[2025-12-08 14:00:50.021] [info] Iteration 34, mean ranking error 0.0193384%, mean rank change 0.00806364%
[2025-12-08 14:00:50.029] [info] Iteration 35, mean ranking error 0.0170808%, mean rank change 0.00733142%
[2025-12-08 14:00:50.037] [info] Iteration 36, mean ranking error 0.0154393%, mean rank change 0.00664464%
[2025-12-08 14:00:50.045] [info] Iteration 37, mean ranking error 0.0141978%, mean rank change 0.00603591%
[2025-12-08 14:00:50.052] [info] Iteration 38, mean ranking error 0.0127208%, mean rank change 0.00546828%
[2025-12-08 14:00:50.060] [info] Iteration 39, mean ranking error 0.0114859%, mean rank change 0.00496499%
[2025-12-08 14:00:50.067] [info] Iteration 40, mean ranking error 0.0103122%, mean rank change 0.00449171%
[2025-12-08 14:00:50.080] [info] Iteration 41, mean ranking error 0.00932695%, mean rank change 0.00406263%
[2025-12-08 14:00:50.080] [info] Time used in prioritization: 0s
[2025-12-08 14:00:50.080] [info] Number of iterations: 42
[2025-12-08 14:00:50.080] [info] Final convergence level: 0.00932695%
[2025-12-08 14:00:50.080] [info] Area under curve: 0.528435
[2025-12-08 14:00:50.080] [info] Writing feature info
[2025-12-08 14:00:50.081] [info] Writing feature curves
[2025-12-08 14:00:50.258] [info] Writing priority rank map
[2025-12-08 14:00:50.288] [info] Total time used: 1s
[2025-12-08 14:00:50.288] [info] Number of errors: 0
[2025-12-08 14:00:50.288] [info] Number of warnings: 0
[2025-12-08 14:00:50.288] [info] Done
