[2025-12-08 14:01:45.499] [info] Zonation 5 v2.4
[2025-12-08 14:01:45.499] [info] Arguments given: -w --mode=CAZ2 E:/code/cvjv-restoration-modelling/zonation/timeunit-winter_spatialunit-landscape-5km_mode-CAZ2/timeunit-winter_spatialunit-landscape-5km_mode-CAZ2_settings.z5 E:/code/cvjv-restoration-modelling/zonation/timeunit-winter_spatialunit-landscape-5km_mode-CAZ2
[2025-12-08 14:01:45.499] [info] Using 8-bit quantization
[2025-12-08 14:01:45.499] [info] Using 4 threads for computation
[2025-12-08 14:01:45.499] [info] Loading project "E:/code/cvjv-restoration-modelling/zonation/timeunit-winter_spatialunit-landscape-5km_mode-CAZ2/timeunit-winter_spatialunit-landscape-5km_mode-CAZ2_settings.z5"
[2025-12-08 14:01:45.500] [info] Using setting: feature list file = E:/code/cvjv-restoration-modelling/zonation/timeunit-winter_spatialunit-landscape-5km_mode-CAZ2/timeunit-winter_spatialunit-landscape-5km_mode-CAZ2_featurelist.txt
[2025-12-08 14:01:45.500] [info] Using default setting: curves output interval = 9.99999975e-05
[2025-12-08 14:01:45.501] [info] Using default setting: max iterations = 500
[2025-12-08 14:01:45.501] [info] Using default setting: mean ranking error threshold = 0.00999999978
[2025-12-08 14:01:45.501] [info] Using default setting: smoothing factor = 0
[2025-12-08 14:01:45.501] [info] Using default setting: stop on plateau = 0
[2025-12-08 14:01:45.501] [info] Using default setting: zero mode = all
[2025-12-08 14:01:45.501] [info] Using default setting: stop after preprocessing = 0
[2025-12-08 14:01:45.501] [info] Using default setting: quantization error warning threshold = 20
[2025-12-08 14:01:45.501] [info] Loading feature layer information from "E:\code\cvjv-restoration-modelling\zonation\timeunit-winter_spatialunit-landscape-5km_mode-CAZ2\timeunit-winter_spatialunit-landscape-5km_mode-CAZ2_featurelist.txt"
[2025-12-08 14:01:45.511] [info] Validating project
[2025-12-08 14:01:45.524] [info] Reading layer data
[2025-12-08 14:01:45.550] [info] Gathering data statistics
[2025-12-08 14:01:45.962] [info] Map dimensions (width * height): 696*867
[2025-12-08 14:01:45.962] [info] Number of grid cells in map (width * height): 603432
[2025-12-08 14:01:45.962] [info] Number of grid cells in map with data: 40246
[2025-12-08 14:01:45.962] [info] Input feature layer count: 7
[2025-12-08 14:01:45.962] [info] Feature layer count: 7
[2025-12-08 14:01:45.962] [info] Positive weight feature count: 7
[2025-12-08 14:01:45.962] [info] Negative weight feature count: 0
[2025-12-08 14:01:45.962] [info] Zero weight feature count: 0
[2025-12-08 14:01:45.962] [info] Total number of pixels with data across features: 281722
[2025-12-08 14:01:45.962] [info] Reading feature layers
[2025-12-08 14:01:46.426] [info] Mean feature extent across study area: 100.00%
[2025-12-08 14:01:46.426] [info] Memory usage of feature data: 863.67KB
[2025-12-08 14:01:46.426] [info] Mean quantization error: 0.000937261%
[2025-12-08 14:01:46.426] [info] Time used to read and preprocess layer data: 0s
[2025-12-08 14:01:46.426] [info] Computing priority rank
[2025-12-08 14:01:46.440] [info] Iteration 0, mean ranking error 0.353519%, mean rank change 0.166213%
[2025-12-08 14:01:46.447] [info] Iteration 1, mean ranking error 0.331363%, mean rank change 0.144823%
[2025-12-08 14:01:46.454] [info] Iteration 2, mean ranking error 0.300948%, mean rank change 0.126487%
[2025-12-08 14:01:46.461] [info] Iteration 3, mean ranking error 0.270450%, mean rank change 0.110677%
[2025-12-08 14:01:46.468] [info] Iteration 4, mean ranking error 0.24254%, mean rank change 0.0969832%
[2025-12-08 14:01:46.474] [info] Iteration 5, mean ranking error 0.217143%, mean rank change 0.0850854%
[2025-12-08 14:01:46.479] [info] Iteration 6, mean ranking error 0.195541%, mean rank change 0.0747223%
[2025-12-08 14:01:46.486] [info] Iteration 7, mean ranking error 0.175736%, mean rank change 0.0656154%
[2025-12-08 14:01:46.492] [info] Iteration 8, mean ranking error 0.154531%, mean rank change 0.0577718%
[2025-12-08 14:01:46.498] [info] Iteration 9, mean ranking error 0.139413%, mean rank change 0.0507642%
[2025-12-08 14:01:46.505] [info] Iteration 10, mean ranking error 0.124342%, mean rank change 0.0447542%
[2025-12-08 14:01:46.513] [info] Iteration 11, mean ranking error 0.111714%, mean rank change 0.0394923%
[2025-12-08 14:01:46.520] [info] Iteration 12, mean ranking error 0.100342%, mean rank change 0.0348681%
[2025-12-08 14:01:46.527] [info] Iteration 13, mean ranking error 0.0912534%, mean rank change 0.0307774%
[2025-12-08 14:01:46.533] [info] Iteration 14, mean ranking error 0.0828302%, mean rank change 0.0272973%
[2025-12-08 14:01:46.540] [info] Iteration 15, mean ranking error 0.0741663%, mean rank change 0.0241432%
[2025-12-08 14:01:46.547] [info] Iteration 16, mean ranking error 0.0662731%, mean rank change 0.0215044%
[2025-12-08 14:01:46.553] [info] Iteration 17, mean ranking error 0.059944%, mean rank change 0.0190582%
[2025-12-08 14:01:46.560] [info] Iteration 18, mean ranking error 0.0539593%, mean rank change 0.0169291%
[2025-12-08 14:01:46.567] [info] Iteration 19, mean ranking error 0.0486589%, mean rank change 0.0150856%
[2025-12-08 14:01:46.574] [info] Iteration 20, mean ranking error 0.0442116%, mean rank change 0.0134359%
[2025-12-08 14:01:46.581] [info] Iteration 21, mean ranking error 0.0398834%, mean rank change 0.0120271%
[2025-12-08 14:01:46.588] [info] Iteration 22, mean ranking error 0.0361596%, mean rank change 0.0107510%
[2025-12-08 14:01:46.595] [info] Iteration 23, mean ranking error 0.0329561%, mean rank change 0.00958240%
[2025-12-08 14:01:46.603] [info] Iteration 24, mean ranking error 0.0303820%, mean rank change 0.00858705%
[2025-12-08 14:01:46.611] [info] Iteration 25, mean ranking error 0.0268757%, mean rank change 0.00764369%
[2025-12-08 14:01:46.618] [info] Iteration 26, mean ranking error 0.0249059%, mean rank change 0.00686357%
[2025-12-08 14:01:46.626] [info] Iteration 27, mean ranking error 0.0227353%, mean rank change 0.00614605%
[2025-12-08 14:01:46.634] [info] Iteration 28, mean ranking error 0.0210570%, mean rank change 0.00551162%
[2025-12-08 14:01:46.642] [info] Iteration 29, mean ranking error 0.0190217%, mean rank change 0.00491647%
[2025-12-08 14:01:46.648] [info] Iteration 30, mean ranking error 0.0173673%, mean rank change 0.00441614%
[2025-12-08 14:01:46.655] [info] Iteration 31, mean ranking error 0.0155398%, mean rank change 0.00395545%
[2025-12-08 14:01:46.661] [info] Iteration 32, mean ranking error 0.0142839%, mean rank change 0.00353538%
[2025-12-08 14:01:46.668] [info] Iteration 33, mean ranking error 0.013355%, mean rank change 0.00313754%
[2025-12-08 14:01:46.674] [info] Iteration 34, mean ranking error 0.0121043%, mean rank change 0.00277847%
[2025-12-08 14:01:46.681] [info] Iteration 35, mean ranking error 0.0109502%, mean rank change 0.00247163%
[2025-12-08 14:01:46.687] [info] Iteration 36, mean ranking error 0.0100078%, mean rank change 0.00219603%
[2025-12-08 14:01:46.692] [info] Iteration 37, mean ranking error 0.00892015%, mean rank change 0.00192735%
[2025-12-08 14:01:46.692] [info] Time used in prioritization: 0s
[2025-12-08 14:01:46.692] [info] Number of iterations: 38
[2025-12-08 14:01:46.692] [info] Final convergence level: 0.00892015%
[2025-12-08 14:01:46.692] [info] Area under curve: 0.526438
[2025-12-08 14:01:46.692] [info] Writing feature info
[2025-12-08 14:01:46.693] [info] Writing feature curves
[2025-12-08 14:01:46.882] [info] Writing priority rank map
[2025-12-08 14:01:46.908] [info] Total time used: 1s
[2025-12-08 14:01:46.908] [info] Number of errors: 0
[2025-12-08 14:01:46.908] [info] Number of warnings: 0
[2025-12-08 14:01:46.908] [info] Done
