[2025-12-08 14:02:12.841] [info] Zonation 5 v2.4
[2025-12-08 14:02:12.842] [info] Arguments given: -w --mode=CAZ2 E:/code/cvjv-restoration-modelling/zonation/timeunit-fullyear_spatialunit-landscape-5km_mode-CAZ2/timeunit-fullyear_spatialunit-landscape-5km_mode-CAZ2_settings.z5 E:/code/cvjv-restoration-modelling/zonation/timeunit-fullyear_spatialunit-landscape-5km_mode-CAZ2
[2025-12-08 14:02:12.842] [info] Using 8-bit quantization
[2025-12-08 14:02:12.842] [info] Using 4 threads for computation
[2025-12-08 14:02:12.842] [info] Loading project "E:/code/cvjv-restoration-modelling/zonation/timeunit-fullyear_spatialunit-landscape-5km_mode-CAZ2/timeunit-fullyear_spatialunit-landscape-5km_mode-CAZ2_settings.z5"
[2025-12-08 14:02:12.842] [info] Using setting: feature list file = E:/code/cvjv-restoration-modelling/zonation/timeunit-fullyear_spatialunit-landscape-5km_mode-CAZ2/timeunit-fullyear_spatialunit-landscape-5km_mode-CAZ2_featurelist.txt
[2025-12-08 14:02:12.842] [info] Using default setting: curves output interval = 9.99999975e-05
[2025-12-08 14:02:12.842] [info] Using default setting: max iterations = 500
[2025-12-08 14:02:12.842] [info] Using default setting: mean ranking error threshold = 0.00999999978
[2025-12-08 14:02:12.842] [info] Using default setting: smoothing factor = 0
[2025-12-08 14:02:12.842] [info] Using default setting: stop on plateau = 0
[2025-12-08 14:02:12.842] [info] Using default setting: zero mode = all
[2025-12-08 14:02:12.842] [info] Using default setting: stop after preprocessing = 0
[2025-12-08 14:02:12.842] [info] Using default setting: quantization error warning threshold = 20
[2025-12-08 14:02:12.842] [info] Loading feature layer information from "E:\code\cvjv-restoration-modelling\zonation\timeunit-fullyear_spatialunit-landscape-5km_mode-CAZ2\timeunit-fullyear_spatialunit-landscape-5km_mode-CAZ2_featurelist.txt"
[2025-12-08 14:02:12.863] [info] Validating project
[2025-12-08 14:02:12.893] [info] Reading layer data
[2025-12-08 14:02:12.910] [info] Gathering data statistics
[2025-12-08 14:02:14.319] [info] Map dimensions (width * height): 696*867
[2025-12-08 14:02:14.319] [info] Number of grid cells in map (width * height): 603432
[2025-12-08 14:02:14.319] [info] Number of grid cells in map with data: 40246
[2025-12-08 14:02:14.319] [info] Input feature layer count: 28
[2025-12-08 14:02:14.319] [info] Feature layer count: 28
[2025-12-08 14:02:14.319] [info] Positive weight feature count: 23
[2025-12-08 14:02:14.319] [info] Negative weight feature count: 0
[2025-12-08 14:02:14.319] [info] Zero weight feature count: 5
[2025-12-08 14:02:14.319] [info] Total number of pixels with data across features: 1126888
[2025-12-08 14:02:14.319] [info] Reading feature layers
[2025-12-08 14:02:15.736] [info] Mean feature extent across study area: 100.00%
[2025-12-08 14:02:15.736] [info] Memory usage of feature data: 1.82MB
[2025-12-08 14:02:15.736] [info] Mean quantization error: 0.00154219%
[2025-12-08 14:02:15.736] [info] Time used to read and preprocess layer data: 2s
[2025-12-08 14:02:15.736] [info] Computing priority rank
[2025-12-08 14:02:15.749] [info] Iteration 0, mean ranking error 0.31815%, mean rank change 0.173248%
[2025-12-08 14:02:15.756] [info] Iteration 1, mean ranking error 0.293845%, mean rank change 0.15127%
[2025-12-08 14:02:15.765] [info] Iteration 2, mean ranking error 0.268261%, mean rank change 0.132777%
[2025-12-08 14:02:15.773] [info] Iteration 3, mean ranking error 0.244014%, mean rank change 0.117002%
[2025-12-08 14:02:15.781] [info] Iteration 4, mean ranking error 0.225412%, mean rank change 0.103535%
[2025-12-08 14:02:15.789] [info] Iteration 5, mean ranking error 0.207581%, mean rank change 0.0920060%
[2025-12-08 14:02:15.798] [info] Iteration 6, mean ranking error 0.189419%, mean rank change 0.0820919%
[2025-12-08 14:02:15.807] [info] Iteration 7, mean ranking error 0.175937%, mean rank change 0.0733398%
[2025-12-08 14:02:15.817] [info] Iteration 8, mean ranking error 0.161654%, mean rank change 0.0657733%
[2025-12-08 14:02:15.827] [info] Iteration 9, mean ranking error 0.148999%, mean rank change 0.059117%
[2025-12-08 14:02:15.836] [info] Iteration 10, mean ranking error 0.137568%, mean rank change 0.05324%
[2025-12-08 14:02:15.843] [info] Iteration 11, mean ranking error 0.127416%, mean rank change 0.0481197%
[2025-12-08 14:02:15.852] [info] Iteration 12, mean ranking error 0.117542%, mean rank change 0.0434893%
[2025-12-08 14:02:15.859] [info] Iteration 13, mean ranking error 0.109090%, mean rank change 0.0394739%
[2025-12-08 14:02:15.868] [info] Iteration 14, mean ranking error 0.101966%, mean rank change 0.0359709%
[2025-12-08 14:02:15.876] [info] Iteration 15, mean ranking error 0.0939262%, mean rank change 0.0327612%
[2025-12-08 14:02:15.884] [info] Iteration 16, mean ranking error 0.0881026%, mean rank change 0.0299169%
[2025-12-08 14:02:15.893] [info] Iteration 17, mean ranking error 0.0817662%, mean rank change 0.027316%
[2025-12-08 14:02:15.901] [info] Iteration 18, mean ranking error 0.0763692%, mean rank change 0.0250120%
[2025-12-08 14:02:15.910] [info] Iteration 19, mean ranking error 0.0713149%, mean rank change 0.0229648%
[2025-12-08 14:02:15.918] [info] Iteration 20, mean ranking error 0.0671019%, mean rank change 0.021126%
[2025-12-08 14:02:15.928] [info] Iteration 21, mean ranking error 0.0621469%, mean rank change 0.0194368%
[2025-12-08 14:02:15.938] [info] Iteration 22, mean ranking error 0.0583419%, mean rank change 0.0178963%
[2025-12-08 14:02:15.947] [info] Iteration 23, mean ranking error 0.0540766%, mean rank change 0.0165072%
[2025-12-08 14:02:15.955] [info] Iteration 24, mean ranking error 0.051164%, mean rank change 0.0152664%
[2025-12-08 14:02:15.964] [info] Iteration 25, mean ranking error 0.0474217%, mean rank change 0.0141174%
[2025-12-08 14:02:15.972] [info] Iteration 26, mean ranking error 0.0438318%, mean rank change 0.0130874%
[2025-12-08 14:02:15.980] [info] Iteration 27, mean ranking error 0.0411615%, mean rank change 0.0121033%
[2025-12-08 14:02:15.989] [info] Iteration 28, mean ranking error 0.0389813%, mean rank change 0.0112304%
[2025-12-08 14:02:15.998] [info] Iteration 29, mean ranking error 0.0367175%, mean rank change 0.0104403%
[2025-12-08 14:02:16.006] [info] Iteration 30, mean ranking error 0.0340825%, mean rank change 0.00969180%
[2025-12-08 14:02:16.015] [info] Iteration 31, mean ranking error 0.0324426%, mean rank change 0.00897576%
[2025-12-08 14:02:16.023] [info] Iteration 32, mean ranking error 0.0304328%, mean rank change 0.00836578%
[2025-12-08 14:02:16.033] [info] Iteration 33, mean ranking error 0.0284367%, mean rank change 0.00776556%
[2025-12-08 14:02:16.041] [info] Iteration 34, mean ranking error 0.0265632%, mean rank change 0.00724054%
[2025-12-08 14:02:16.049] [info] Iteration 35, mean ranking error 0.0247863%, mean rank change 0.00670144%
[2025-12-08 14:02:16.058] [info] Iteration 36, mean ranking error 0.0231629%, mean rank change 0.00624544%
[2025-12-08 14:02:16.066] [info] Iteration 37, mean ranking error 0.0218871%, mean rank change 0.00584032%
[2025-12-08 14:02:16.073] [info] Iteration 38, mean ranking error 0.0206031%, mean rank change 0.00548137%
[2025-12-08 14:02:16.081] [info] Iteration 39, mean ranking error 0.0190463%, mean rank change 0.00507711%
[2025-12-08 14:02:16.089] [info] Iteration 40, mean ranking error 0.0180683%, mean rank change 0.00473619%
[2025-12-08 14:02:16.096] [info] Iteration 41, mean ranking error 0.0168828%, mean rank change 0.00445244%
[2025-12-08 14:02:16.105] [info] Iteration 42, mean ranking error 0.0158433%, mean rank change 0.00414375%
[2025-12-08 14:02:16.112] [info] Iteration 43, mean ranking error 0.0148449%, mean rank change 0.00391038%
[2025-12-08 14:02:16.121] [info] Iteration 44, mean ranking error 0.0138556%, mean rank change 0.00365231%
[2025-12-08 14:02:16.131] [info] Iteration 45, mean ranking error 0.0131203%, mean rank change 0.00341499%
[2025-12-08 14:02:16.140] [info] Iteration 46, mean ranking error 0.0120248%, mean rank change 0.00319113%
[2025-12-08 14:02:16.184] [info] Iteration 47, mean ranking error 0.0113182%, mean rank change 0.00298875%
[2025-12-08 14:02:16.197] [info] Iteration 48, mean ranking error 0.0106173%, mean rank change 0.00281329%
[2025-12-08 14:02:16.204] [info] Iteration 49, mean ranking error 0.0100375%, mean rank change 0.00260103%
[2025-12-08 14:02:16.213] [info] Iteration 50, mean ranking error 0.00924951%, mean rank change 0.00245546%
[2025-12-08 14:02:16.213] [info] Time used in prioritization: 0s
[2025-12-08 14:02:16.213] [info] Number of iterations: 51
[2025-12-08 14:02:16.213] [info] Final convergence level: 0.00924951%
[2025-12-08 14:02:16.213] [info] Area under curve: 0.521726
[2025-12-08 14:02:16.213] [info] Writing feature info
[2025-12-08 14:02:16.214] [info] Writing feature curves
[2025-12-08 14:02:16.480] [info] Writing priority rank map
[2025-12-08 14:02:16.500] [info] Total time used: 3s
[2025-12-08 14:02:16.500] [info] Number of errors: 0
[2025-12-08 14:02:16.500] [info] Number of warnings: 0
[2025-12-08 14:02:16.500] [info] Done
