[2025-12-08 14:01:28.325] [info] Zonation 5 v2.4
[2025-12-08 14:01:28.325] [info] Arguments given: -w --mode=CAZ2 E:/code/cvjv-restoration-modelling/zonation/timeunit-fall_spatialunit-landscape-5km_mode-CAZ2/timeunit-fall_spatialunit-landscape-5km_mode-CAZ2_settings.z5 E:/code/cvjv-restoration-modelling/zonation/timeunit-fall_spatialunit-landscape-5km_mode-CAZ2
[2025-12-08 14:01:28.325] [info] Using 8-bit quantization
[2025-12-08 14:01:28.325] [info] Using 4 threads for computation
[2025-12-08 14:01:28.325] [info] Loading project "E:/code/cvjv-restoration-modelling/zonation/timeunit-fall_spatialunit-landscape-5km_mode-CAZ2/timeunit-fall_spatialunit-landscape-5km_mode-CAZ2_settings.z5"
[2025-12-08 14:01:28.325] [info] Using setting: feature list file = E:/code/cvjv-restoration-modelling/zonation/timeunit-fall_spatialunit-landscape-5km_mode-CAZ2/timeunit-fall_spatialunit-landscape-5km_mode-CAZ2_featurelist.txt
[2025-12-08 14:01:28.326] [info] Using default setting: curves output interval = 9.99999975e-05
[2025-12-08 14:01:28.326] [info] Using default setting: max iterations = 500
[2025-12-08 14:01:28.326] [info] Using default setting: mean ranking error threshold = 0.00999999978
[2025-12-08 14:01:28.326] [info] Using default setting: smoothing factor = 0
[2025-12-08 14:01:28.326] [info] Using default setting: stop on plateau = 0
[2025-12-08 14:01:28.326] [info] Using default setting: zero mode = all
[2025-12-08 14:01:28.326] [info] Using default setting: stop after preprocessing = 0
[2025-12-08 14:01:28.326] [info] Using default setting: quantization error warning threshold = 20
[2025-12-08 14:01:28.326] [info] Loading feature layer information from "E:\code\cvjv-restoration-modelling\zonation\timeunit-fall_spatialunit-landscape-5km_mode-CAZ2\timeunit-fall_spatialunit-landscape-5km_mode-CAZ2_featurelist.txt"
[2025-12-08 14:01:28.337] [info] Validating project
[2025-12-08 14:01:28.349] [info] Reading layer data
[2025-12-08 14:01:28.368] [info] Gathering data statistics
[2025-12-08 14:01:28.824] [info] Map dimensions (width * height): 696*867
[2025-12-08 14:01:28.824] [info] Number of grid cells in map (width * height): 603432
[2025-12-08 14:01:28.824] [info] Number of grid cells in map with data: 40246
[2025-12-08 14:01:28.824] [info] Input feature layer count: 7
[2025-12-08 14:01:28.824] [info] Feature layer count: 7
[2025-12-08 14:01:28.824] [info] Positive weight feature count: 7
[2025-12-08 14:01:28.824] [info] Negative weight feature count: 0
[2025-12-08 14:01:28.824] [info] Zero weight feature count: 0
[2025-12-08 14:01:28.824] [info] Total number of pixels with data across features: 281722
[2025-12-08 14:01:28.825] [info] Reading feature layers
[2025-12-08 14:01:29.263] [info] Mean feature extent across study area: 100.00%
[2025-12-08 14:01:29.263] [info] Memory usage of feature data: 863.67KB
[2025-12-08 14:01:29.263] [info] Mean quantization error: 0.00133866%
[2025-12-08 14:01:29.263] [info] Time used to read and preprocess layer data: 0s
[2025-12-08 14:01:29.263] [info] Computing priority rank
[2025-12-08 14:01:29.276] [info] Iteration 0, mean ranking error 0.378749%, mean rank change 0.219572%
[2025-12-08 14:01:29.283] [info] Iteration 1, mean ranking error 0.383752%, mean rank change 0.191875%
[2025-12-08 14:01:29.290] [info] Iteration 2, mean ranking error 0.362943%, mean rank change 0.169306%
[2025-12-08 14:01:29.296] [info] Iteration 3, mean ranking error 0.334499%, mean rank change 0.150673%
[2025-12-08 14:01:29.303] [info] Iteration 4, mean ranking error 0.314592%, mean rank change 0.135152%
[2025-12-08 14:01:29.309] [info] Iteration 5, mean ranking error 0.287056%, mean rank change 0.121956%
[2025-12-08 14:01:29.316] [info] Iteration 6, mean ranking error 0.270301%, mean rank change 0.110512%
[2025-12-08 14:01:29.322] [info] Iteration 7, mean ranking error 0.253284%, mean rank change 0.100606%
[2025-12-08 14:01:29.329] [info] Iteration 8, mean ranking error 0.237944%, mean rank change 0.0919402%
[2025-12-08 14:01:29.334] [info] Iteration 9, mean ranking error 0.220807%, mean rank change 0.08427%
[2025-12-08 14:01:29.341] [info] Iteration 10, mean ranking error 0.205584%, mean rank change 0.0774851%
[2025-12-08 14:01:29.347] [info] Iteration 11, mean ranking error 0.192885%, mean rank change 0.071299%
[2025-12-08 14:01:29.353] [info] Iteration 12, mean ranking error 0.183333%, mean rank change 0.0658746%
[2025-12-08 14:01:29.359] [info] Iteration 13, mean ranking error 0.170252%, mean rank change 0.0609098%
[2025-12-08 14:01:29.364] [info] Iteration 14, mean ranking error 0.160403%, mean rank change 0.0564746%
[2025-12-08 14:01:29.369] [info] Iteration 15, mean ranking error 0.151041%, mean rank change 0.0523673%
[2025-12-08 14:01:29.374] [info] Iteration 16, mean ranking error 0.140972%, mean rank change 0.0486401%
[2025-12-08 14:01:29.381] [info] Iteration 17, mean ranking error 0.134028%, mean rank change 0.045249%
[2025-12-08 14:01:29.387] [info] Iteration 18, mean ranking error 0.126255%, mean rank change 0.0420649%
[2025-12-08 14:01:29.393] [info] Iteration 19, mean ranking error 0.119043%, mean rank change 0.039157%
[2025-12-08 14:01:29.398] [info] Iteration 20, mean ranking error 0.112237%, mean rank change 0.0365613%
[2025-12-08 14:01:29.403] [info] Iteration 21, mean ranking error 0.105692%, mean rank change 0.0341615%
[2025-12-08 14:01:29.410] [info] Iteration 22, mean ranking error 0.100092%, mean rank change 0.0319288%
[2025-12-08 14:01:29.416] [info] Iteration 23, mean ranking error 0.0936322%, mean rank change 0.0298439%
[2025-12-08 14:01:29.422] [info] Iteration 24, mean ranking error 0.0880098%, mean rank change 0.0279329%
[2025-12-08 14:01:29.429] [info] Iteration 25, mean ranking error 0.0840744%, mean rank change 0.0261404%
[2025-12-08 14:01:29.435] [info] Iteration 26, mean ranking error 0.0786337%, mean rank change 0.0245215%
[2025-12-08 14:01:29.441] [info] Iteration 27, mean ranking error 0.0744991%, mean rank change 0.0230079%
[2025-12-08 14:01:29.447] [info] Iteration 28, mean ranking error 0.0702004%, mean rank change 0.0215617%
[2025-12-08 14:01:29.453] [info] Iteration 29, mean ranking error 0.0677715%, mean rank change 0.0202369%
[2025-12-08 14:01:29.460] [info] Iteration 30, mean ranking error 0.0638132%, mean rank change 0.0190161%
[2025-12-08 14:01:29.467] [info] Iteration 31, mean ranking error 0.0603285%, mean rank change 0.0178538%
[2025-12-08 14:01:29.473] [info] Iteration 32, mean ranking error 0.0568142%, mean rank change 0.0168143%
[2025-12-08 14:01:29.478] [info] Iteration 33, mean ranking error 0.0536055%, mean rank change 0.0158323%
[2025-12-08 14:01:29.484] [info] Iteration 34, mean ranking error 0.0513617%, mean rank change 0.0149050%
[2025-12-08 14:01:29.491] [info] Iteration 35, mean ranking error 0.048822%, mean rank change 0.0140151%
[2025-12-08 14:01:29.497] [info] Iteration 36, mean ranking error 0.0460785%, mean rank change 0.0132187%
[2025-12-08 14:01:29.504] [info] Iteration 37, mean ranking error 0.0435377%, mean rank change 0.0124635%
[2025-12-08 14:01:29.509] [info] Iteration 38, mean ranking error 0.0410622%, mean rank change 0.0117751%
[2025-12-08 14:01:29.516] [info] Iteration 39, mean ranking error 0.0390770%, mean rank change 0.0110870%
[2025-12-08 14:01:29.522] [info] Iteration 40, mean ranking error 0.0372782%, mean rank change 0.0104491%
[2025-12-08 14:01:29.530] [info] Iteration 41, mean ranking error 0.0351238%, mean rank change 0.00986356%
[2025-12-08 14:01:29.539] [info] Iteration 42, mean ranking error 0.033361%, mean rank change 0.00928433%
[2025-12-08 14:01:29.548] [info] Iteration 43, mean ranking error 0.0316563%, mean rank change 0.00877906%
[2025-12-08 14:01:29.554] [info] Iteration 44, mean ranking error 0.0298376%, mean rank change 0.00825132%
[2025-12-08 14:01:29.561] [info] Iteration 45, mean ranking error 0.0279298%, mean rank change 0.00780952%
[2025-12-08 14:01:29.569] [info] Iteration 46, mean ranking error 0.0265178%, mean rank change 0.00737365%
[2025-12-08 14:01:29.576] [info] Iteration 47, mean ranking error 0.0250115%, mean rank change 0.00693938%
[2025-12-08 14:01:29.584] [info] Iteration 48, mean ranking error 0.0234807%, mean rank change 0.00651981%
[2025-12-08 14:01:29.591] [info] Iteration 49, mean ranking error 0.0223308%, mean rank change 0.00617630%
[2025-12-08 14:01:29.598] [info] Iteration 50, mean ranking error 0.0206589%, mean rank change 0.00582427%
[2025-12-08 14:01:29.605] [info] Iteration 51, mean ranking error 0.0193954%, mean rank change 0.00551236%
[2025-12-08 14:01:29.614] [info] Iteration 52, mean ranking error 0.0185305%, mean rank change 0.00520478%
[2025-12-08 14:01:29.621] [info] Iteration 53, mean ranking error 0.017242%, mean rank change 0.00489696%
[2025-12-08 14:01:29.628] [info] Iteration 54, mean ranking error 0.0163578%, mean rank change 0.00464272%
[2025-12-08 14:01:29.634] [info] Iteration 55, mean ranking error 0.0153989%, mean rank change 0.00437885%
[2025-12-08 14:01:29.641] [info] Iteration 56, mean ranking error 0.0142697%, mean rank change 0.00414585%
[2025-12-08 14:01:29.647] [info] Iteration 57, mean ranking error 0.0132658%, mean rank change 0.00389754%
[2025-12-08 14:01:29.654] [info] Iteration 58, mean ranking error 0.0124126%, mean rank change 0.00366960%
[2025-12-08 14:01:29.661] [info] Iteration 59, mean ranking error 0.0116864%, mean rank change 0.00345821%
[2025-12-08 14:01:29.669] [info] Iteration 60, mean ranking error 0.0109521%, mean rank change 0.00322941%
[2025-12-08 14:01:29.675] [info] Iteration 61, mean ranking error 0.0100368%, mean rank change 0.00304938%
[2025-12-08 14:01:29.682] [info] Iteration 62, mean ranking error 0.00930424%, mean rank change 0.00284762%
[2025-12-08 14:01:29.682] [info] Time used in prioritization: 0s
[2025-12-08 14:01:29.682] [info] Number of iterations: 63
[2025-12-08 14:01:29.682] [info] Final convergence level: 0.00930424%
[2025-12-08 14:01:29.682] [info] Area under curve: 0.516687
[2025-12-08 14:01:29.682] [info] Writing feature info
[2025-12-08 14:01:29.683] [info] Writing feature curves
[2025-12-08 14:01:29.878] [info] Writing priority rank map
[2025-12-08 14:01:29.901] [info] Total time used: 1s
[2025-12-08 14:01:29.901] [info] Number of errors: 0
[2025-12-08 14:01:29.901] [info] Number of warnings: 0
[2025-12-08 14:01:29.901] [info] Done
