[2025-12-08 14:02:26.708] [info] Zonation 5 v2.4
[2025-12-08 14:02:26.708] [info] Arguments given: -w --mode=CAZ2 E:/code/cvjv-restoration-modelling/zonation/timeunit-fullyear_spatialunit-combined-equal_mode-CAZ2/timeunit-fullyear_spatialunit-combined-equal_mode-CAZ2_settings.z5 E:/code/cvjv-restoration-modelling/zonation/timeunit-fullyear_spatialunit-combined-equal_mode-CAZ2
[2025-12-08 14:02:26.708] [info] Using 8-bit quantization
[2025-12-08 14:02:26.708] [info] Using 4 threads for computation
[2025-12-08 14:02:26.708] [info] Loading project "E:/code/cvjv-restoration-modelling/zonation/timeunit-fullyear_spatialunit-combined-equal_mode-CAZ2/timeunit-fullyear_spatialunit-combined-equal_mode-CAZ2_settings.z5"
[2025-12-08 14:02:26.709] [info] Using setting: feature list file = E:/code/cvjv-restoration-modelling/zonation/timeunit-fullyear_spatialunit-combined-equal_mode-CAZ2/timeunit-fullyear_spatialunit-combined-equal_mode-CAZ2_featurelist.txt
[2025-12-08 14:02:26.709] [info] Using default setting: curves output interval = 9.99999975e-05
[2025-12-08 14:02:26.709] [info] Using default setting: max iterations = 500
[2025-12-08 14:02:26.709] [info] Using default setting: mean ranking error threshold = 0.00999999978
[2025-12-08 14:02:26.709] [info] Using default setting: smoothing factor = 0
[2025-12-08 14:02:26.709] [info] Using default setting: stop on plateau = 0
[2025-12-08 14:02:26.709] [info] Using default setting: zero mode = all
[2025-12-08 14:02:26.709] [info] Using default setting: stop after preprocessing = 0
[2025-12-08 14:02:26.709] [info] Using default setting: quantization error warning threshold = 20
[2025-12-08 14:02:26.709] [info] Loading feature layer information from "E:\code\cvjv-restoration-modelling\zonation\timeunit-fullyear_spatialunit-combined-equal_mode-CAZ2\timeunit-fullyear_spatialunit-combined-equal_mode-CAZ2_featurelist.txt"
[2025-12-08 14:02:26.757] [info] Validating project
[2025-12-08 14:02:26.838] [info] Reading layer data
[2025-12-08 14:02:26.855] [info] Gathering data statistics
[2025-12-08 14:02:30.467] [info] Map dimensions (width * height): 696*867
[2025-12-08 14:02:30.467] [info] Number of grid cells in map (width * height): 603432
[2025-12-08 14:02:30.467] [info] Number of grid cells in map with data: 40246
[2025-12-08 14:02:30.467] [info] Input feature layer count: 84
[2025-12-08 14:02:30.467] [info] Feature layer count: 84
[2025-12-08 14:02:30.467] [info] Positive weight feature count: 69
[2025-12-08 14:02:30.467] [info] Negative weight feature count: 0
[2025-12-08 14:02:30.467] [info] Zero weight feature count: 15
[2025-12-08 14:02:30.468] [info] Total number of pixels with data across features: 3380664
[2025-12-08 14:02:30.468] [info] Reading feature layers
[2025-12-08 14:02:34.254] [info] Mean feature extent across study area: 100.00%
[2025-12-08 14:02:34.254] [info] Memory usage of feature data: 4.44MB
[2025-12-08 14:02:34.254] [info] Mean quantization error: 0.00142768%
[2025-12-08 14:02:34.254] [info] Time used to read and preprocess layer data: 7s
[2025-12-08 14:02:34.254] [info] Computing priority rank
[2025-12-08 14:02:34.278] [info] Iteration 0, mean ranking error 0.564727%, mean rank change 0.354523%
[2025-12-08 14:02:34.296] [info] Iteration 1, mean ranking error 0.494799%, mean rank change 0.301349%
[2025-12-08 14:02:34.313] [info] Iteration 2, mean ranking error 0.444058%, mean rank change 0.258456%
[2025-12-08 14:02:34.383] [info] Iteration 3, mean ranking error 0.398026%, mean rank change 0.222882%
[2025-12-08 14:02:34.401] [info] Iteration 4, mean ranking error 0.354742%, mean rank change 0.192905%
[2025-12-08 14:02:34.415] [info] Iteration 5, mean ranking error 0.319006%, mean rank change 0.167526%
[2025-12-08 14:02:34.429] [info] Iteration 6, mean ranking error 0.288102%, mean rank change 0.145902%
[2025-12-08 14:02:34.444] [info] Iteration 7, mean ranking error 0.259576%, mean rank change 0.127513%
[2025-12-08 14:02:34.461] [info] Iteration 8, mean ranking error 0.236146%, mean rank change 0.111896%
[2025-12-08 14:02:34.477] [info] Iteration 9, mean ranking error 0.214671%, mean rank change 0.0983914%
[2025-12-08 14:02:34.493] [info] Iteration 10, mean ranking error 0.194766%, mean rank change 0.0868261%
[2025-12-08 14:02:34.509] [info] Iteration 11, mean ranking error 0.175177%, mean rank change 0.0767891%
[2025-12-08 14:02:34.524] [info] Iteration 12, mean ranking error 0.159714%, mean rank change 0.0682044%
[2025-12-08 14:02:34.539] [info] Iteration 13, mean ranking error 0.146737%, mean rank change 0.0606705%
[2025-12-08 14:02:34.554] [info] Iteration 14, mean ranking error 0.134828%, mean rank change 0.0541532%
[2025-12-08 14:02:34.569] [info] Iteration 15, mean ranking error 0.124145%, mean rank change 0.0483553%
[2025-12-08 14:02:34.583] [info] Iteration 16, mean ranking error 0.112798%, mean rank change 0.0434396%
[2025-12-08 14:02:34.636] [info] Iteration 17, mean ranking error 0.104341%, mean rank change 0.0390172%
[2025-12-08 14:02:34.651] [info] Iteration 18, mean ranking error 0.0952959%, mean rank change 0.0351918%
[2025-12-08 14:02:34.666] [info] Iteration 19, mean ranking error 0.0875821%, mean rank change 0.0317432%
[2025-12-08 14:02:34.681] [info] Iteration 20, mean ranking error 0.0802851%, mean rank change 0.0287237%
[2025-12-08 14:02:34.696] [info] Iteration 21, mean ranking error 0.0752615%, mean rank change 0.0260717%
[2025-12-08 14:02:34.713] [info] Iteration 22, mean ranking error 0.0690413%, mean rank change 0.0236381%
[2025-12-08 14:02:34.727] [info] Iteration 23, mean ranking error 0.064172%, mean rank change 0.0215711%
[2025-12-08 14:02:34.742] [info] Iteration 24, mean ranking error 0.0594578%, mean rank change 0.0196543%
[2025-12-08 14:02:34.756] [info] Iteration 25, mean ranking error 0.054519%, mean rank change 0.0179813%
[2025-12-08 14:02:34.771] [info] Iteration 26, mean ranking error 0.0506106%, mean rank change 0.0164549%
[2025-12-08 14:02:34.786] [info] Iteration 27, mean ranking error 0.0466158%, mean rank change 0.0150613%
[2025-12-08 14:02:34.801] [info] Iteration 28, mean ranking error 0.0437915%, mean rank change 0.0138233%
[2025-12-08 14:02:34.816] [info] Iteration 29, mean ranking error 0.0403999%, mean rank change 0.0126857%
[2025-12-08 14:02:34.830] [info] Iteration 30, mean ranking error 0.0375935%, mean rank change 0.0116931%
[2025-12-08 14:02:34.842] [info] Iteration 31, mean ranking error 0.0350967%, mean rank change 0.0107596%
[2025-12-08 14:02:34.855] [info] Iteration 32, mean ranking error 0.0322388%, mean rank change 0.00991665%
[2025-12-08 14:02:34.868] [info] Iteration 33, mean ranking error 0.0304234%, mean rank change 0.00913801%
[2025-12-08 14:02:34.882] [info] Iteration 34, mean ranking error 0.0280006%, mean rank change 0.00840912%
[2025-12-08 14:02:34.896] [info] Iteration 35, mean ranking error 0.0263049%, mean rank change 0.00779001%
[2025-12-08 14:02:34.910] [info] Iteration 36, mean ranking error 0.0242006%, mean rank change 0.00718362%
[2025-12-08 14:02:34.924] [info] Iteration 37, mean ranking error 0.0222609%, mean rank change 0.00667675%
[2025-12-08 14:02:34.939] [info] Iteration 38, mean ranking error 0.0207894%, mean rank change 0.00616235%
[2025-12-08 14:02:34.953] [info] Iteration 39, mean ranking error 0.0193832%, mean rank change 0.00571326%
[2025-12-08 14:02:34.965] [info] Iteration 40, mean ranking error 0.0179657%, mean rank change 0.00529492%
[2025-12-08 14:02:34.979] [info] Iteration 41, mean ranking error 0.0167017%, mean rank change 0.00491906%
[2025-12-08 14:02:34.992] [info] Iteration 42, mean ranking error 0.0155482%, mean rank change 0.00455233%
[2025-12-08 14:02:35.007] [info] Iteration 43, mean ranking error 0.0141281%, mean rank change 0.00423426%
[2025-12-08 14:02:35.021] [info] Iteration 44, mean ranking error 0.0132237%, mean rank change 0.00393903%
[2025-12-08 14:02:35.037] [info] Iteration 45, mean ranking error 0.0121293%, mean rank change 0.00366046%
[2025-12-08 14:02:35.050] [info] Iteration 46, mean ranking error 0.0112487%, mean rank change 0.00340758%
[2025-12-08 14:02:35.063] [info] Iteration 47, mean ranking error 0.0103836%, mean rank change 0.00316458%
[2025-12-08 14:02:35.074] [info] Iteration 48, mean ranking error 0.00958469%, mean rank change 0.00293788%
[2025-12-08 14:02:35.075] [info] Time used in prioritization: 0s
[2025-12-08 14:02:35.075] [info] Number of iterations: 49
[2025-12-08 14:02:35.075] [info] Final convergence level: 0.00958469%
[2025-12-08 14:02:35.075] [info] Area under curve: 0.525423
[2025-12-08 14:02:35.075] [info] Writing feature info
[2025-12-08 14:02:35.075] [info] Writing feature curves
[2025-12-08 14:02:35.800] [info] Writing priority rank map
[2025-12-08 14:02:35.824] [info] Total time used: 9s
[2025-12-08 14:02:35.824] [info] Number of errors: 0
[2025-12-08 14:02:35.824] [info] Number of warnings: 0
[2025-12-08 14:02:35.824] [info] Done
