[2025-12-08 14:01:50.353] [info] Zonation 5 v2.4
[2025-12-08 14:01:50.354] [info] Arguments given: -w --mode=CAZ2 E:/code/cvjv-restoration-modelling/zonation/timeunit-winter_spatialunit-combined-equal_mode-CAZ2/timeunit-winter_spatialunit-combined-equal_mode-CAZ2_settings.z5 E:/code/cvjv-restoration-modelling/zonation/timeunit-winter_spatialunit-combined-equal_mode-CAZ2
[2025-12-08 14:01:50.354] [info] Using 8-bit quantization
[2025-12-08 14:01:50.354] [info] Using 4 threads for computation
[2025-12-08 14:01:50.354] [info] Loading project "E:/code/cvjv-restoration-modelling/zonation/timeunit-winter_spatialunit-combined-equal_mode-CAZ2/timeunit-winter_spatialunit-combined-equal_mode-CAZ2_settings.z5"
[2025-12-08 14:01:50.354] [info] Using setting: feature list file = E:/code/cvjv-restoration-modelling/zonation/timeunit-winter_spatialunit-combined-equal_mode-CAZ2/timeunit-winter_spatialunit-combined-equal_mode-CAZ2_featurelist.txt
[2025-12-08 14:01:50.354] [info] Using default setting: curves output interval = 9.99999975e-05
[2025-12-08 14:01:50.354] [info] Using default setting: max iterations = 500
[2025-12-08 14:01:50.354] [info] Using default setting: mean ranking error threshold = 0.00999999978
[2025-12-08 14:01:50.354] [info] Using default setting: smoothing factor = 0
[2025-12-08 14:01:50.354] [info] Using default setting: stop on plateau = 0
[2025-12-08 14:01:50.354] [info] Using default setting: zero mode = all
[2025-12-08 14:01:50.354] [info] Using default setting: stop after preprocessing = 0
[2025-12-08 14:01:50.354] [info] Using default setting: quantization error warning threshold = 20
[2025-12-08 14:01:50.354] [info] Loading feature layer information from "E:\code\cvjv-restoration-modelling\zonation\timeunit-winter_spatialunit-combined-equal_mode-CAZ2\timeunit-winter_spatialunit-combined-equal_mode-CAZ2_featurelist.txt"
[2025-12-08 14:01:50.377] [info] Validating project
[2025-12-08 14:01:50.404] [info] Reading layer data
[2025-12-08 14:01:50.420] [info] Gathering data statistics
[2025-12-08 14:01:51.417] [info] Map dimensions (width * height): 696*867
[2025-12-08 14:01:51.417] [info] Number of grid cells in map (width * height): 603432
[2025-12-08 14:01:51.417] [info] Number of grid cells in map with data: 40246
[2025-12-08 14:01:51.417] [info] Input feature layer count: 21
[2025-12-08 14:01:51.417] [info] Feature layer count: 21
[2025-12-08 14:01:51.417] [info] Positive weight feature count: 21
[2025-12-08 14:01:51.417] [info] Negative weight feature count: 0
[2025-12-08 14:01:51.417] [info] Zero weight feature count: 0
[2025-12-08 14:01:51.417] [info] Total number of pixels with data across features: 845166
[2025-12-08 14:01:51.418] [info] Reading feature layers
[2025-12-08 14:01:52.507] [info] Mean feature extent across study area: 100.00%
[2025-12-08 14:01:52.507] [info] Memory usage of feature data: 1.50MB
[2025-12-08 14:01:52.507] [info] Mean quantization error: 0.000872575%
[2025-12-08 14:01:52.507] [info] Time used to read and preprocess layer data: 2s
[2025-12-08 14:01:52.507] [info] Computing priority rank
[2025-12-08 14:01:52.522] [info] Iteration 0, mean ranking error 0.451486%, mean rank change 0.227481%
[2025-12-08 14:01:52.531] [info] Iteration 1, mean ranking error 0.398393%, mean rank change 0.195099%
[2025-12-08 14:01:52.541] [info] Iteration 2, mean ranking error 0.356057%, mean rank change 0.169694%
[2025-12-08 14:01:52.549] [info] Iteration 3, mean ranking error 0.320578%, mean rank change 0.148608%
[2025-12-08 14:01:52.557] [info] Iteration 4, mean ranking error 0.287048%, mean rank change 0.130469%
[2025-12-08 14:01:52.566] [info] Iteration 5, mean ranking error 0.258731%, mean rank change 0.114909%
[2025-12-08 14:01:52.578] [info] Iteration 6, mean ranking error 0.233076%, mean rank change 0.101518%
[2025-12-08 14:01:52.585] [info] Iteration 7, mean ranking error 0.209852%, mean rank change 0.0898187%
[2025-12-08 14:01:52.592] [info] Iteration 8, mean ranking error 0.190280%, mean rank change 0.0794684%
[2025-12-08 14:01:52.600] [info] Iteration 9, mean ranking error 0.172102%, mean rank change 0.0705938%
[2025-12-08 14:01:52.608] [info] Iteration 10, mean ranking error 0.155658%, mean rank change 0.0627075%
[2025-12-08 14:01:52.617] [info] Iteration 11, mean ranking error 0.141019%, mean rank change 0.0557634%
[2025-12-08 14:01:52.626] [info] Iteration 12, mean ranking error 0.127224%, mean rank change 0.0497509%
[2025-12-08 14:01:52.634] [info] Iteration 13, mean ranking error 0.11634%, mean rank change 0.0444476%
[2025-12-08 14:01:52.642] [info] Iteration 14, mean ranking error 0.106224%, mean rank change 0.0397339%
[2025-12-08 14:01:52.649] [info] Iteration 15, mean ranking error 0.0973744%, mean rank change 0.0355072%
[2025-12-08 14:01:52.658] [info] Iteration 16, mean ranking error 0.0889587%, mean rank change 0.0318718%
[2025-12-08 14:01:52.667] [info] Iteration 17, mean ranking error 0.0808420%, mean rank change 0.0285951%
[2025-12-08 14:01:52.676] [info] Iteration 18, mean ranking error 0.0738192%, mean rank change 0.0257191%
[2025-12-08 14:01:52.685] [info] Iteration 19, mean ranking error 0.0679712%, mean rank change 0.0231109%
[2025-12-08 14:01:52.693] [info] Iteration 20, mean ranking error 0.0626454%, mean rank change 0.0208278%
[2025-12-08 14:01:52.702] [info] Iteration 21, mean ranking error 0.0566159%, mean rank change 0.0188259%
[2025-12-08 14:01:52.710] [info] Iteration 22, mean ranking error 0.0531149%, mean rank change 0.0169988%
[2025-12-08 14:01:52.719] [info] Iteration 23, mean ranking error 0.0490557%, mean rank change 0.0154012%
[2025-12-08 14:01:52.726] [info] Iteration 24, mean ranking error 0.0452649%, mean rank change 0.0139408%
[2025-12-08 14:01:52.733] [info] Iteration 25, mean ranking error 0.0416165%, mean rank change 0.0126452%
[2025-12-08 14:01:52.742] [info] Iteration 26, mean ranking error 0.0386423%, mean rank change 0.0114643%
[2025-12-08 14:01:52.750] [info] Iteration 27, mean ranking error 0.0359847%, mean rank change 0.0104296%
[2025-12-08 14:01:52.758] [info] Iteration 28, mean ranking error 0.0332303%, mean rank change 0.00951399%
[2025-12-08 14:01:52.767] [info] Iteration 29, mean ranking error 0.0307913%, mean rank change 0.00864805%
[2025-12-08 14:01:52.776] [info] Iteration 30, mean ranking error 0.0283995%, mean rank change 0.00784903%
[2025-12-08 14:01:52.783] [info] Iteration 31, mean ranking error 0.0269275%, mean rank change 0.00713917%
[2025-12-08 14:01:52.791] [info] Iteration 32, mean ranking error 0.0250012%, mean rank change 0.00651339%
[2025-12-08 14:01:52.800] [info] Iteration 33, mean ranking error 0.0229694%, mean rank change 0.00591095%
[2025-12-08 14:01:52.807] [info] Iteration 34, mean ranking error 0.0211426%, mean rank change 0.00537950%
[2025-12-08 14:01:52.814] [info] Iteration 35, mean ranking error 0.0204109%, mean rank change 0.00488387%
[2025-12-08 14:01:52.821] [info] Iteration 36, mean ranking error 0.0188751%, mean rank change 0.00441046%
[2025-12-08 14:01:52.828] [info] Iteration 37, mean ranking error 0.0176276%, mean rank change 0.00401040%
[2025-12-08 14:01:52.837] [info] Iteration 38, mean ranking error 0.0167526%, mean rank change 0.00362021%
[2025-12-08 14:01:52.844] [info] Iteration 39, mean ranking error 0.0154207%, mean rank change 0.00327435%
[2025-12-08 14:01:52.853] [info] Iteration 40, mean ranking error 0.0146899%, mean rank change 0.00295875%
[2025-12-08 14:01:52.862] [info] Iteration 41, mean ranking error 0.0140240%, mean rank change 0.00267055%
[2025-12-08 14:01:52.873] [info] Iteration 42, mean ranking error 0.0130638%, mean rank change 0.00241323%
[2025-12-08 14:01:52.882] [info] Iteration 43, mean ranking error 0.0122369%, mean rank change 0.00215467%
[2025-12-08 14:01:52.890] [info] Iteration 44, mean ranking error 0.0115080%, mean rank change 0.00196377%
[2025-12-08 14:01:52.898] [info] Iteration 45, mean ranking error 0.0107029%, mean rank change 0.00179621%
[2025-12-08 14:01:52.907] [info] Iteration 46, mean ranking error 0.0101492%, mean rank change 0.00164125%
[2025-12-08 14:01:52.917] [info] Iteration 47, mean ranking error 0.00962728%, mean rank change 0.00149555%
[2025-12-08 14:01:52.917] [info] Time used in prioritization: 0s
[2025-12-08 14:01:52.917] [info] Number of iterations: 48
[2025-12-08 14:01:52.917] [info] Final convergence level: 0.00962728%
[2025-12-08 14:01:52.917] [info] Area under curve: 0.526463
[2025-12-08 14:01:52.917] [info] Writing feature info
[2025-12-08 14:01:52.917] [info] Writing feature curves
[2025-12-08 14:01:53.120] [info] Writing priority rank map
[2025-12-08 14:01:53.140] [info] Total time used: 2s
[2025-12-08 14:01:53.140] [info] Number of errors: 0
[2025-12-08 14:01:53.140] [info] Number of warnings: 0
[2025-12-08 14:01:53.140] [info] Done
