[2025-12-08 14:01:12.142] [info] Zonation 5 v2.4
[2025-12-08 14:01:12.142] [info] Arguments given: -w --mode=CAZ2 E:/code/cvjv-restoration-modelling/zonation/timeunit-summer_spatialunit-landscape-5km_mode-CAZ2/timeunit-summer_spatialunit-landscape-5km_mode-CAZ2_settings.z5 E:/code/cvjv-restoration-modelling/zonation/timeunit-summer_spatialunit-landscape-5km_mode-CAZ2
[2025-12-08 14:01:12.142] [info] Using 8-bit quantization
[2025-12-08 14:01:12.142] [info] Using 4 threads for computation
[2025-12-08 14:01:12.142] [info] Loading project "E:/code/cvjv-restoration-modelling/zonation/timeunit-summer_spatialunit-landscape-5km_mode-CAZ2/timeunit-summer_spatialunit-landscape-5km_mode-CAZ2_settings.z5"
[2025-12-08 14:01:12.143] [info] Using setting: feature list file = E:/code/cvjv-restoration-modelling/zonation/timeunit-summer_spatialunit-landscape-5km_mode-CAZ2/timeunit-summer_spatialunit-landscape-5km_mode-CAZ2_featurelist.txt
[2025-12-08 14:01:12.143] [info] Using default setting: curves output interval = 9.99999975e-05
[2025-12-08 14:01:12.143] [info] Using default setting: max iterations = 500
[2025-12-08 14:01:12.143] [info] Using default setting: mean ranking error threshold = 0.00999999978
[2025-12-08 14:01:12.143] [info] Using default setting: smoothing factor = 0
[2025-12-08 14:01:12.143] [info] Using default setting: stop on plateau = 0
[2025-12-08 14:01:12.143] [info] Using default setting: zero mode = all
[2025-12-08 14:01:12.143] [info] Using default setting: stop after preprocessing = 0
[2025-12-08 14:01:12.143] [info] Using default setting: quantization error warning threshold = 20
[2025-12-08 14:01:12.143] [info] Loading feature layer information from "E:\code\cvjv-restoration-modelling\zonation\timeunit-summer_spatialunit-landscape-5km_mode-CAZ2\timeunit-summer_spatialunit-landscape-5km_mode-CAZ2_featurelist.txt"
[2025-12-08 14:01:12.154] [info] Validating project
[2025-12-08 14:01:12.164] [info] Reading layer data
[2025-12-08 14:01:12.187] [info] Gathering data statistics
[2025-12-08 14:01:12.650] [info] Map dimensions (width * height): 696*867
[2025-12-08 14:01:12.650] [info] Number of grid cells in map (width * height): 603432
[2025-12-08 14:01:12.650] [info] Number of grid cells in map with data: 40246
[2025-12-08 14:01:12.650] [info] Input feature layer count: 7
[2025-12-08 14:01:12.650] [info] Feature layer count: 7
[2025-12-08 14:01:12.650] [info] Positive weight feature count: 2
[2025-12-08 14:01:12.650] [info] Negative weight feature count: 0
[2025-12-08 14:01:12.650] [info] Zero weight feature count: 5
[2025-12-08 14:01:12.650] [info] Total number of pixels with data across features: 281722
[2025-12-08 14:01:12.650] [info] Reading feature layers
[2025-12-08 14:01:13.132] [info] Mean feature extent across study area: 100.00%
[2025-12-08 14:01:13.132] [info] Memory usage of feature data: 863.67KB
[2025-12-08 14:01:13.132] [info] Mean quantization error: 0.00200585%
[2025-12-08 14:01:13.132] [info] Time used to read and preprocess layer data: 0s
[2025-12-08 14:01:13.132] [info] Computing priority rank
[2025-12-08 14:01:13.145] [info] Iteration 0, mean ranking error 0.124982%, mean rank change 0.474888%
[2025-12-08 14:01:13.151] [info] Iteration 1, mean ranking error 0.337192%, mean rank change 0.358515%
[2025-12-08 14:01:13.158] [info] Iteration 2, mean ranking error 0.283116%, mean rank change 0.280020%
[2025-12-08 14:01:13.163] [info] Iteration 3, mean ranking error 0.218488%, mean rank change 0.22168%
[2025-12-08 14:01:13.169] [info] Iteration 4, mean ranking error 0.187029%, mean rank change 0.171558%
[2025-12-08 14:01:13.177] [info] Iteration 5, mean ranking error 0.167876%, mean rank change 0.129401%
[2025-12-08 14:01:13.184] [info] Iteration 6, mean ranking error 0.1396%, mean rank change 0.102302%
[2025-12-08 14:01:13.191] [info] Iteration 7, mean ranking error 0.11925%, mean rank change 0.0831486%
[2025-12-08 14:01:13.198] [info] Iteration 8, mean ranking error 0.101335%, mean rank change 0.0684952%
[2025-12-08 14:01:13.205] [info] Iteration 9, mean ranking error 0.0853538%, mean rank change 0.0560768%
[2025-12-08 14:01:13.211] [info] Iteration 10, mean ranking error 0.0713959%, mean rank change 0.0458697%
[2025-12-08 14:01:13.218] [info] Iteration 11, mean ranking error 0.0604175%, mean rank change 0.037212%
[2025-12-08 14:01:13.224] [info] Iteration 12, mean ranking error 0.0503494%, mean rank change 0.0302462%
[2025-12-08 14:01:13.231] [info] Iteration 13, mean ranking error 0.0422076%, mean rank change 0.0246333%
[2025-12-08 14:01:13.239] [info] Iteration 14, mean ranking error 0.0359808%, mean rank change 0.0200456%
[2025-12-08 14:01:13.248] [info] Iteration 15, mean ranking error 0.0301512%, mean rank change 0.0163182%
[2025-12-08 14:01:13.254] [info] Iteration 16, mean ranking error 0.0253534%, mean rank change 0.0134294%
[2025-12-08 14:01:13.260] [info] Iteration 17, mean ranking error 0.0216778%, mean rank change 0.0111373%
[2025-12-08 14:01:13.267] [info] Iteration 18, mean ranking error 0.018714%, mean rank change 0.00932100%
[2025-12-08 14:01:13.274] [info] Iteration 19, mean ranking error 0.0162705%, mean rank change 0.00789707%
[2025-12-08 14:01:13.282] [info] Iteration 20, mean ranking error 0.0144976%, mean rank change 0.00684739%
[2025-12-08 14:01:13.288] [info] Iteration 21, mean ranking error 0.0132415%, mean rank change 0.00600800%
[2025-12-08 14:01:13.295] [info] Iteration 22, mean ranking error 0.0121252%, mean rank change 0.00535777%
[2025-12-08 14:01:13.301] [info] Iteration 23, mean ranking error 0.011249%, mean rank change 0.00479250%
[2025-12-08 14:01:13.308] [info] Iteration 24, mean ranking error 0.0106716%, mean rank change 0.00432687%
[2025-12-08 14:01:13.315] [info] Iteration 25, mean ranking error 0.00988295%, mean rank change 0.00393372%
[2025-12-08 14:01:13.315] [info] Time used in prioritization: 0s
[2025-12-08 14:01:13.315] [info] Number of iterations: 26
[2025-12-08 14:01:13.315] [info] Final convergence level: 0.00988295%
[2025-12-08 14:01:13.315] [info] Area under curve: 0.552435
[2025-12-08 14:01:13.315] [info] Writing feature info
[2025-12-08 14:01:13.315] [info] Writing feature curves
[2025-12-08 14:01:13.472] [info] Writing priority rank map
[2025-12-08 14:01:13.496] [info] Total time used: 1s
[2025-12-08 14:01:13.496] [info] Number of errors: 0
[2025-12-08 14:01:13.496] [info] Number of warnings: 0
[2025-12-08 14:01:13.496] [info] Done
