[2025-12-08 14:01:43.715] [info] Zonation 5 v2.4
[2025-12-08 14:01:43.715] [info] Arguments given: -w --mode=CAZMAX E:/code/cvjv-restoration-modelling/zonation/timeunit-winter_spatialunit-landscape-5km_mode-CAZMAX/timeunit-winter_spatialunit-landscape-5km_mode-CAZMAX_settings.z5 E:/code/cvjv-restoration-modelling/zonation/timeunit-winter_spatialunit-landscape-5km_mode-CAZMAX
[2025-12-08 14:01:43.715] [info] Using 8-bit quantization
[2025-12-08 14:01:43.715] [info] Using 4 threads for computation
[2025-12-08 14:01:43.715] [info] Loading project "E:/code/cvjv-restoration-modelling/zonation/timeunit-winter_spatialunit-landscape-5km_mode-CAZMAX/timeunit-winter_spatialunit-landscape-5km_mode-CAZMAX_settings.z5"
[2025-12-08 14:01:43.715] [info] Using setting: feature list file = E:/code/cvjv-restoration-modelling/zonation/timeunit-winter_spatialunit-landscape-5km_mode-CAZMAX/timeunit-winter_spatialunit-landscape-5km_mode-CAZMAX_featurelist.txt
[2025-12-08 14:01:43.716] [info] Using default setting: curves output interval = 9.99999975e-05
[2025-12-08 14:01:43.716] [info] Using default setting: max iterations = 500
[2025-12-08 14:01:43.716] [info] Using default setting: mean ranking error threshold = 0.00999999978
[2025-12-08 14:01:43.716] [info] Using default setting: smoothing factor = 0
[2025-12-08 14:01:43.716] [info] Using default setting: stop on plateau = 0
[2025-12-08 14:01:43.716] [info] Using default setting: zero mode = all
[2025-12-08 14:01:43.716] [info] Using default setting: stop after preprocessing = 0
[2025-12-08 14:01:43.716] [info] Using default setting: quantization error warning threshold = 20
[2025-12-08 14:01:43.716] [info] Loading feature layer information from "E:\code\cvjv-restoration-modelling\zonation\timeunit-winter_spatialunit-landscape-5km_mode-CAZMAX\timeunit-winter_spatialunit-landscape-5km_mode-CAZMAX_featurelist.txt"
[2025-12-08 14:01:43.724] [info] Validating project
[2025-12-08 14:01:43.733] [info] Reading layer data
[2025-12-08 14:01:43.749] [info] Gathering data statistics
[2025-12-08 14:01:44.205] [info] Map dimensions (width * height): 696*867
[2025-12-08 14:01:44.206] [info] Number of grid cells in map (width * height): 603432
[2025-12-08 14:01:44.206] [info] Number of grid cells in map with data: 40246
[2025-12-08 14:01:44.206] [info] Input feature layer count: 7
[2025-12-08 14:01:44.206] [info] Feature layer count: 7
[2025-12-08 14:01:44.206] [info] Positive weight feature count: 7
[2025-12-08 14:01:44.206] [info] Negative weight feature count: 0
[2025-12-08 14:01:44.206] [info] Zero weight feature count: 0
[2025-12-08 14:01:44.206] [info] Total number of pixels with data across features: 281722
[2025-12-08 14:01:44.206] [info] Reading feature layers
[2025-12-08 14:01:44.679] [info] Mean feature extent across study area: 100.00%
[2025-12-08 14:01:44.679] [info] Memory usage of feature data: 863.67KB
[2025-12-08 14:01:44.679] [info] Mean quantization error: 0.000937261%
[2025-12-08 14:01:44.679] [info] Time used to read and preprocess layer data: 0s
[2025-12-08 14:01:44.679] [info] Computing priority rank
[2025-12-08 14:01:44.690] [info] Iteration 0, mean ranking error 2.65708%, mean rank change 1.62143%
[2025-12-08 14:01:44.696] [info] Iteration 1, mean ranking error 2.47376%, mean rank change 1.30658%
[2025-12-08 14:01:44.702] [info] Iteration 2, mean ranking error 2.16754%, mean rank change 1.0697%
[2025-12-08 14:01:44.708] [info] Iteration 3, mean ranking error 1.88815%, mean rank change 0.889446%
[2025-12-08 14:01:44.715] [info] Iteration 4, mean ranking error 1.62151%, mean rank change 0.747388%
[2025-12-08 14:01:44.722] [info] Iteration 5, mean ranking error 1.40355%, mean rank change 0.633895%
[2025-12-08 14:01:44.727] [info] Iteration 6, mean ranking error 1.20705%, mean rank change 0.541627%
[2025-12-08 14:01:44.732] [info] Iteration 7, mean ranking error 1.05924%, mean rank change 0.466413%
[2025-12-08 14:01:44.738] [info] Iteration 8, mean ranking error 0.918628%, mean rank change 0.403627%
[2025-12-08 14:01:44.744] [info] Iteration 9, mean ranking error 0.806309%, mean rank change 0.351061%
[2025-12-08 14:01:44.751] [info] Iteration 10, mean ranking error 0.707628%, mean rank change 0.307653%
[2025-12-08 14:01:44.756] [info] Iteration 11, mean ranking error 0.623488%, mean rank change 0.270099%
[2025-12-08 14:01:44.762] [info] Iteration 12, mean ranking error 0.555355%, mean rank change 0.237741%
[2025-12-08 14:01:44.767] [info] Iteration 13, mean ranking error 0.491223%, mean rank change 0.209892%
[2025-12-08 14:01:44.775] [info] Iteration 14, mean ranking error 0.440887%, mean rank change 0.186494%
[2025-12-08 14:01:44.781] [info] Iteration 15, mean ranking error 0.395659%, mean rank change 0.1675%
[2025-12-08 14:01:44.788] [info] Iteration 16, mean ranking error 0.357437%, mean rank change 0.150312%
[2025-12-08 14:01:44.794] [info] Iteration 17, mean ranking error 0.320599%, mean rank change 0.134859%
[2025-12-08 14:01:44.799] [info] Iteration 18, mean ranking error 0.290518%, mean rank change 0.121244%
[2025-12-08 14:01:44.806] [info] Iteration 19, mean ranking error 0.263579%, mean rank change 0.109278%
[2025-12-08 14:01:44.813] [info] Iteration 20, mean ranking error 0.238427%, mean rank change 0.0983333%
[2025-12-08 14:01:44.820] [info] Iteration 21, mean ranking error 0.216418%, mean rank change 0.0888886%
[2025-12-08 14:01:44.827] [info] Iteration 22, mean ranking error 0.198523%, mean rank change 0.0803339%
[2025-12-08 14:01:44.833] [info] Iteration 23, mean ranking error 0.18138%, mean rank change 0.0729918%
[2025-12-08 14:01:44.841] [info] Iteration 24, mean ranking error 0.164399%, mean rank change 0.0663346%
[2025-12-08 14:01:44.848] [info] Iteration 25, mean ranking error 0.154556%, mean rank change 0.0607499%
[2025-12-08 14:01:44.853] [info] Iteration 26, mean ranking error 0.142159%, mean rank change 0.0555689%
[2025-12-08 14:01:44.859] [info] Iteration 27, mean ranking error 0.131571%, mean rank change 0.0507750%
[2025-12-08 14:01:44.864] [info] Iteration 28, mean ranking error 0.120125%, mean rank change 0.0463771%
[2025-12-08 14:01:44.870] [info] Iteration 29, mean ranking error 0.110957%, mean rank change 0.0424151%
[2025-12-08 14:01:44.877] [info] Iteration 30, mean ranking error 0.102321%, mean rank change 0.0386238%
[2025-12-08 14:01:44.883] [info] Iteration 31, mean ranking error 0.094869%, mean rank change 0.035493%
[2025-12-08 14:01:44.890] [info] Iteration 32, mean ranking error 0.0874843%, mean rank change 0.0328413%
[2025-12-08 14:01:44.896] [info] Iteration 33, mean ranking error 0.0822535%, mean rank change 0.0304329%
[2025-12-08 14:01:44.902] [info] Iteration 34, mean ranking error 0.0757626%, mean rank change 0.0281286%
[2025-12-08 14:01:44.908] [info] Iteration 35, mean ranking error 0.0705113%, mean rank change 0.0257698%
[2025-12-08 14:01:44.915] [info] Iteration 36, mean ranking error 0.0658718%, mean rank change 0.0235293%
[2025-12-08 14:01:44.922] [info] Iteration 37, mean ranking error 0.0603157%, mean rank change 0.0216653%
[2025-12-08 14:01:44.929] [info] Iteration 38, mean ranking error 0.0554489%, mean rank change 0.0201147%
[2025-12-08 14:01:44.936] [info] Iteration 39, mean ranking error 0.0525892%, mean rank change 0.0187391%
[2025-12-08 14:01:44.942] [info] Iteration 40, mean ranking error 0.0486922%, mean rank change 0.0175268%
[2025-12-08 14:01:44.949] [info] Iteration 41, mean ranking error 0.0445751%, mean rank change 0.0163744%
[2025-12-08 14:01:44.956] [info] Iteration 42, mean ranking error 0.0419264%, mean rank change 0.0151069%
[2025-12-08 14:01:44.962] [info] Iteration 43, mean ranking error 0.0384516%, mean rank change 0.0138953%
[2025-12-08 14:01:44.968] [info] Iteration 44, mean ranking error 0.0366495%, mean rank change 0.0128747%
[2025-12-08 14:01:44.975] [info] Iteration 45, mean ranking error 0.0342063%, mean rank change 0.011955%
[2025-12-08 14:01:44.982] [info] Iteration 46, mean ranking error 0.0319953%, mean rank change 0.0110823%
[2025-12-08 14:01:44.989] [info] Iteration 47, mean ranking error 0.0299586%, mean rank change 0.0102632%
[2025-12-08 14:01:44.995] [info] Iteration 48, mean ranking error 0.0282319%, mean rank change 0.00958709%
[2025-12-08 14:01:45.002] [info] Iteration 49, mean ranking error 0.0268010%, mean rank change 0.00905145%
[2025-12-08 14:01:45.009] [info] Iteration 50, mean ranking error 0.0256775%, mean rank change 0.00851075%
[2025-12-08 14:01:45.017] [info] Iteration 51, mean ranking error 0.0239568%, mean rank change 0.00797881%
[2025-12-08 14:01:45.023] [info] Iteration 52, mean ranking error 0.0226632%, mean rank change 0.00747577%
[2025-12-08 14:01:45.031] [info] Iteration 53, mean ranking error 0.0209018%, mean rank change 0.00700273%
[2025-12-08 14:01:45.041] [info] Iteration 54, mean ranking error 0.0199716%, mean rank change 0.00653512%
[2025-12-08 14:01:45.048] [info] Iteration 55, mean ranking error 0.0188592%, mean rank change 0.00606937%
[2025-12-08 14:01:45.059] [info] Iteration 56, mean ranking error 0.0177047%, mean rank change 0.00561053%
[2025-12-08 14:01:45.107] [info] Iteration 57, mean ranking error 0.0171153%, mean rank change 0.00515984%
[2025-12-08 14:01:45.115] [info] Iteration 58, mean ranking error 0.0160312%, mean rank change 0.00470372%
[2025-12-08 14:01:45.122] [info] Iteration 59, mean ranking error 0.0144526%, mean rank change 0.00431983%
[2025-12-08 14:01:45.129] [info] Iteration 60, mean ranking error 0.0139223%, mean rank change 0.00396706%
[2025-12-08 14:01:45.135] [info] Iteration 61, mean ranking error 0.0131003%, mean rank change 0.00367639%
[2025-12-08 14:01:45.141] [info] Iteration 62, mean ranking error 0.012541%, mean rank change 0.00341573%
[2025-12-08 14:01:45.149] [info] Iteration 63, mean ranking error 0.0121693%, mean rank change 0.00320187%
[2025-12-08 14:01:45.155] [info] Iteration 64, mean ranking error 0.0112749%, mean rank change 0.00300949%
[2025-12-08 14:01:45.161] [info] Iteration 65, mean ranking error 0.0106748%, mean rank change 0.00283144%
[2025-12-08 14:01:45.168] [info] Iteration 66, mean ranking error 0.0100643%, mean rank change 0.00266141%
[2025-12-08 14:01:45.173] [info] Iteration 67, mean ranking error 0.00996851%, mean rank change 0.00251151%
[2025-12-08 14:01:45.174] [info] Time used in prioritization: 0s
[2025-12-08 14:01:45.174] [info] Number of iterations: 68
[2025-12-08 14:01:45.174] [info] Final convergence level: 0.00996851%
[2025-12-08 14:01:45.174] [info] Area under curve: 0.523989
[2025-12-08 14:01:45.174] [info] Writing feature info
[2025-12-08 14:01:45.174] [info] Writing feature curves
[2025-12-08 14:01:45.302] [info] Writing priority rank map
[2025-12-08 14:01:45.332] [info] Total time used: 1s
[2025-12-08 14:01:45.332] [info] Number of errors: 0
[2025-12-08 14:01:45.332] [info] Number of warnings: 0
[2025-12-08 14:01:45.332] [info] Done
